Archive member included to satisfy reference by file (symbol)

c:/program files (x86)/atmel/studio/7.0/toolchain/arm/arm-gnu-toolchain/bin/../lib/gcc/arm-none-eabi/6.3.1/thumb/v7e-m\libgcc.a(_arm_addsubdf3.o)
                              src/main.o (__aeabi_i2d)
c:/program files (x86)/atmel/studio/7.0/toolchain/arm/arm-gnu-toolchain/bin/../lib/gcc/arm-none-eabi/6.3.1/thumb/v7e-m\libgcc.a(_arm_muldivdf3.o)
                              src/main.o (__aeabi_dmul)
c:/program files (x86)/atmel/studio/7.0/toolchain/arm/arm-gnu-toolchain/bin/../lib/gcc/arm-none-eabi/6.3.1/thumb/v7e-m\libgcc.a(_arm_fixdfsi.o)
                              src/main.o (__aeabi_d2iz)
c:/program files (x86)/atmel/studio/7.0/toolchain/arm/arm-gnu-toolchain/bin/../lib/gcc/arm-none-eabi/6.3.1/../../../../arm-none-eabi/lib/thumb/v7e-m\libc.a(lib_a-exit.o)
                              c:/program files (x86)/atmel/studio/7.0/toolchain/arm/arm-gnu-toolchain/bin/../lib/gcc/arm-none-eabi/6.3.1/../../../../arm-none-eabi/lib/thumb/v7e-m/crt0.o (exit)
c:/program files (x86)/atmel/studio/7.0/toolchain/arm/arm-gnu-toolchain/bin/../lib/gcc/arm-none-eabi/6.3.1/../../../../arm-none-eabi/lib/thumb/v7e-m\libc.a(lib_a-impure.o)
                              c:/program files (x86)/atmel/studio/7.0/toolchain/arm/arm-gnu-toolchain/bin/../lib/gcc/arm-none-eabi/6.3.1/../../../../arm-none-eabi/lib/thumb/v7e-m\libc.a(lib_a-exit.o) (_global_impure_ptr)
c:/program files (x86)/atmel/studio/7.0/toolchain/arm/arm-gnu-toolchain/bin/../lib/gcc/arm-none-eabi/6.3.1/../../../../arm-none-eabi/lib/thumb/v7e-m\libc.a(lib_a-init.o)
                              c:/program files (x86)/atmel/studio/7.0/toolchain/arm/arm-gnu-toolchain/bin/../lib/gcc/arm-none-eabi/6.3.1/../../../../arm-none-eabi/lib/thumb/v7e-m/crt0.o (__libc_init_array)
c:/program files (x86)/atmel/studio/7.0/toolchain/arm/arm-gnu-toolchain/bin/../lib/gcc/arm-none-eabi/6.3.1/../../../../arm-none-eabi/lib/thumb/v7e-m\libc.a(lib_a-memset.o)
                              c:/program files (x86)/atmel/studio/7.0/toolchain/arm/arm-gnu-toolchain/bin/../lib/gcc/arm-none-eabi/6.3.1/../../../../arm-none-eabi/lib/thumb/v7e-m/crt0.o (memset)
c:/program files (x86)/atmel/studio/7.0/toolchain/arm/arm-gnu-toolchain/bin/../lib/gcc/arm-none-eabi/6.3.1/../../../../arm-none-eabi/lib/thumb/v7e-m\libc.a(lib_a-sprintf.o)
                              src/main.o (sprintf)
c:/program files (x86)/atmel/studio/7.0/toolchain/arm/arm-gnu-toolchain/bin/../lib/gcc/arm-none-eabi/6.3.1/../../../../arm-none-eabi/lib/thumb/v7e-m\libc.a(lib_a-svfprintf.o)
                              c:/program files (x86)/atmel/studio/7.0/toolchain/arm/arm-gnu-toolchain/bin/../lib/gcc/arm-none-eabi/6.3.1/../../../../arm-none-eabi/lib/thumb/v7e-m\libc.a(lib_a-sprintf.o) (_svfprintf_r)
c:/program files (x86)/atmel/studio/7.0/toolchain/arm/arm-gnu-toolchain/bin/../lib/gcc/arm-none-eabi/6.3.1/../../../../arm-none-eabi/lib/thumb/v7e-m\libc.a(lib_a-__call_atexit.o)
                              c:/program files (x86)/atmel/studio/7.0/toolchain/arm/arm-gnu-toolchain/bin/../lib/gcc/arm-none-eabi/6.3.1/../../../../arm-none-eabi/lib/thumb/v7e-m\libc.a(lib_a-exit.o) (__call_exitprocs)
c:/program files (x86)/atmel/studio/7.0/toolchain/arm/arm-gnu-toolchain/bin/../lib/gcc/arm-none-eabi/6.3.1/../../../../arm-none-eabi/lib/thumb/v7e-m\libc.a(lib_a-atexit.o)
                              c:/program files (x86)/atmel/studio/7.0/toolchain/arm/arm-gnu-toolchain/bin/../lib/gcc/arm-none-eabi/6.3.1/../../../../arm-none-eabi/lib/thumb/v7e-m\libc.a(lib_a-__call_atexit.o) (atexit)
c:/program files (x86)/atmel/studio/7.0/toolchain/arm/arm-gnu-toolchain/bin/../lib/gcc/arm-none-eabi/6.3.1/../../../../arm-none-eabi/lib/thumb/v7e-m\libc.a(lib_a-dtoa.o)
                              c:/program files (x86)/atmel/studio/7.0/toolchain/arm/arm-gnu-toolchain/bin/../lib/gcc/arm-none-eabi/6.3.1/../../../../arm-none-eabi/lib/thumb/v7e-m\libc.a(lib_a-svfprintf.o) (_dtoa_r)
c:/program files (x86)/atmel/studio/7.0/toolchain/arm/arm-gnu-toolchain/bin/../lib/gcc/arm-none-eabi/6.3.1/../../../../arm-none-eabi/lib/thumb/v7e-m\libc.a(lib_a-fini.o)
                              c:/program files (x86)/atmel/studio/7.0/toolchain/arm/arm-gnu-toolchain/bin/../lib/gcc/arm-none-eabi/6.3.1/../../../../arm-none-eabi/lib/thumb/v7e-m\libc.a(lib_a-__call_atexit.o) (__libc_fini_array)
c:/program files (x86)/atmel/studio/7.0/toolchain/arm/arm-gnu-toolchain/bin/../lib/gcc/arm-none-eabi/6.3.1/../../../../arm-none-eabi/lib/thumb/v7e-m\libc.a(lib_a-localeconv.o)
                              c:/program files (x86)/atmel/studio/7.0/toolchain/arm/arm-gnu-toolchain/bin/../lib/gcc/arm-none-eabi/6.3.1/../../../../arm-none-eabi/lib/thumb/v7e-m\libc.a(lib_a-svfprintf.o) (_localeconv_r)
c:/program files (x86)/atmel/studio/7.0/toolchain/arm/arm-gnu-toolchain/bin/../lib/gcc/arm-none-eabi/6.3.1/../../../../arm-none-eabi/lib/thumb/v7e-m\libc.a(lib_a-lock.o)
[...]
Memory Configuration

Name             Origin             Length             Attributes
rom              0x00400000         0x00200000         xr
ram              0x20400000         0x00060000         xrw
*default*        0x00000000         0xffffffff

Linker script and memory map

LOAD c:/program files (x86)/atmel/studio/7.0/toolchain/arm/arm-gnu-toolchain/bin/../lib/gcc/arm-none-eabi/6.3.1/thumb/v7e-m/crti.o
LOAD c:/program files (x86)/atmel/studio/7.0/toolchain/arm/arm-gnu-toolchain/bin/../lib/gcc/arm-none-eabi/6.3.1/thumb/v7e-m/crtbegin.o
LOAD c:/program files (x86)/atmel/studio/7.0/toolchain/arm/arm-gnu-toolchain/bin/../lib/gcc/arm-none-eabi/6.3.1/../../../../arm-none-eabi/lib/thumb/v7e-m/crt0.o
LOAD src/ASF/sam/drivers/rtc/rtc.o
LOAD src/ASF/sam/drivers/rtt/rtt.o
LOAD src/ASF/sam/drivers/tc/tc.o
LOAD src/main.o
LOAD src/ASF/common/services/delay/sam/cycle_counter.o
LOAD src/ASF/common/services/spi/sam_spi/spi_master.o
LOAD src/ASF/sam/components/display/ili9488/ili9488.o
LOAD src/ASF/sam/drivers/spi/spi.o
LOAD src/ASF/common/services/clock/same70/sysclk.o
LOAD src/ASF/common/utils/interrupt/interrupt_sam_nvic.o
LOAD src/ASF/sam/boards/same70_xplained/init.o
LOAD src/ASF/sam/drivers/mpu/mpu.o
LOAD src/ASF/sam/drivers/pio/pio.o
LOAD src/ASF/sam/drivers/pio/pio_handler.o
LOAD src/ASF/sam/drivers/pmc/pmc.o
LOAD src/ASF/sam/drivers/pmc/sleep.o
LOAD src/ASF/sam/utils/cmsis/same70/source/templates/gcc/startup_same70.o
LOAD src/ASF/sam/utils/cmsis/same70/source/templates/system_same70.o
LOAD src/ASF/sam/utils/syscalls/gcc/syscalls.o
START GROUP
LOAD ../src/ASF/thirdparty/CMSIS/Lib/GCC\libarm_cortexM7lfsp_math_softfp.a
LOAD c:/program files (x86)/atmel/studio/7.0/toolchain/arm/arm-gnu-toolchain/bin/../lib/gcc/arm-none-eabi/6.3.1/../../../../arm-none-eabi/lib/thumb/v7e-m\libm.a
END GROUP
START GROUP
LOAD c:/program files (x86)/atmel/studio/7.0/toolchain/arm/arm-gnu-toolchain/bin/../lib/gcc/arm-none-eabi/6.3.1/thumb/v7e-m\libgcc.a
LOAD c:/program files (x86)/atmel/studio/7.0/toolchain/arm/arm-gnu-toolchain/bin/../lib/gcc/arm-none-eabi/6.3.1/../../../../arm-none-eabi/lib/thumb/v7e-m\libc.a
END GROUP
LOAD c:/program files (x86)/atmel/studio/7.0/toolchain/arm/arm-gnu-toolchain/bin/../lib/gcc/arm-none-eabi/6.3.1/thumb/v7e-m/crtend.o
LOAD c:/program files (x86)/atmel/studio/7.0/toolchain/arm/arm-gnu-toolchain/bin/../lib/gcc/arm-none-eabi/6.3.1/thumb/v7e-m/crtn.o
                0x00002000                STACK_SIZE = DEFINED (STACK_SIZE)?STACK_SIZE:0x2000
                0x2045fffc                __ram_end__ = ((ORIGIN (ram) + LENGTH (ram)) - 0x4)
                0x00000200                HEAP_SIZE = DEFINED (HEAP_SIZE)?HEAP_SIZE:0x200

.text           0x00400000    0x3493c
                0x00400000                . = ALIGN (0x4)
                0x00400000                _sfixed = .
 *(.vectors .vectors.*)
 .vectors       0x00400000      0x168 src/ASF/sam/utils/cmsis/same70/source/templates/gcc/startup_same70.o
                0x00400000                exception_table
 *(.text .text.* .gnu.linkonce.t.*)
 .text          0x00400168       0x6c c:/program files (x86)/atmel/studio/7.0/toolchain/arm/arm-gnu-toolchain/bin/../lib/gcc/arm-none-eabi/6.3.1/thumb/v7e-m/crtbegin.o
 .text.rtt_init
                0x004001d4       0x30 src/ASF/sam/drivers/rtt/rtt.o
                0x004001d4                rtt_init
 .text.rtt_sel_source
                0x00400204       0x58 src/ASF/sam/drivers/rtt/rtt.o
                0x00400204                rtt_sel_source
 .text.rtt_enable_interrupt
                0x0040025c       0x38 src/ASF/sam/drivers/rtt/rtt.o
                0x0040025c                rtt_enable_interrupt
 .text.rtt_disable_interrupt
                0x00400294       0x40 src/ASF/sam/drivers/rtt/rtt.o
                0x00400294                rtt_disable_interrupt
 .text.rtt_read_timer_value
                0x004002d4       0x2e src/ASF/sam/drivers/rtt/rtt.o
                0x004002d4                rtt_read_timer_value
 .text.rtt_get_status
                0x00400302       0x18 src/ASF/sam/drivers/rtt/rtt.o
                0x00400302                rtt_get_status
 *fill*         0x0040031a        0x2 
 .text.rtt_write_alarm_time
                0x0040031c       0x5c src/ASF/sam/drivers/rtt/rtt.o
                0x0040031c                rtt_write_alarm_time
 .text.NVIC_EnableIRQ
                0x00400378       0x34 src/main.o
 .text.NVIC_DisableIRQ
                0x004003ac       0x34 src/main.o
 .text.NVIC_ClearPendingIRQ
                0x004003e0       0x34 src/main.o
 .text.NVIC_SetPriority
                0x00400414       0x54 src/main.o
 .text.font_draw_text
                0x00400468       0x88 src/main.o
                0x00400468                font_draw_text
 .text.calculate_speed
                0x004004f0       0xa4 src/main.o
                0x004004f0                calculate_speed
 .text.redraw   0x00400594       0x4c src/main.o
                0x00400594                redraw
 .text.Button_Handler
                0x004005e0       0x18 src/main.o
                0x004005e0                Button_Handler
 .text.RTT_Handler
                0x004005f8       0x48 src/main.o
                0x004005f8                RTT_Handler
 .text.pulse_add
                0x00400640       0x1c src/main.o
                0x00400640                pulse_add
 .text.BUT_init
                0x0040065c       0x6c src/main.o
                0x0040065c                BUT_init
 .text.RTT_init
                0x004006c8       0x98 src/main.o
 .text.configure_lcd
                0x00400760       0x4c src/main.o
                0x00400760                configure_lcd
 .text.main     0x004007ac       0xb0 src/main.o
                0x004007ac                main
 .text.osc_get_rate
                0x0040085c       0x74 src/ASF/common/services/spi/sam_spi/spi_master.o
 .text.sysclk_get_main_hz
                0x004008d0       0x20 src/ASF/common/services/spi/sam_spi/spi_master.o
 .text.sysclk_get_peripheral_hz
                0x004008f0       0x14 src/ASF/common/services/spi/sam_spi/spi_master.o
 .text.spi_reset
                0x00400904       0x1a src/ASF/common/services/spi/sam_spi/spi_master.o
 .text.spi_set_master_mode
                0x0040091e       0x20 src/ASF/common/services/spi/sam_spi/spi_master.o
 .text.spi_set_fixed_peripheral_select
                0x0040093e       0x20 src/ASF/common/services/spi/sam_spi/spi_master.o
 .text.spi_disable_peripheral_select_decode
                0x0040095e       0x20 src/ASF/common/services/spi/sam_spi/spi_master.o
 .text.spi_get_peripheral_select_decode_setting
                0x0040097e       0x26 src/ASF/common/services/spi/sam_spi/spi_master.o
 .text.spi_disable_mode_fault_detect
                0x004009a4       0x20 src/ASF/common/services/spi/sam_spi/spi_master.o
 .text.spi_disable_loopback
                0x004009c4       0x20 src/ASF/common/services/spi/sam_spi/spi_master.o
 .text.spi_put  0x004009e4       0x1e src/ASF/common/services/spi/sam_spi/spi_master.o
 .text.spi_get  0x00400a02       0x1a src/ASF/common/services/spi/sam_spi/spi_master.o
 .text.spi_is_tx_ready
                0x00400a1c       0x26 src/ASF/common/services/spi/sam_spi/spi_master.o
 .text.spi_is_rx_ready
                0x00400a42       0x2c src/ASF/common/services/spi/sam_spi/spi_master.o
 *fill*         0x00400a6e        0x2 
 .text.spi_write_single
                0x00400a70       0x24 src/ASF/common/services/spi/sam_spi/spi_master.o
 .text.spi_read_single
                0x00400a94       0x24 src/ASF/common/services/spi/sam_spi/spi_master.o
 .text.spi_master_init
                0x00400ab8       0x70 src/ASF/common/services/spi/sam_spi/spi_master.o
                0x00400ab8                spi_master_init
 .text.spi_master_setup_device
                0x00400b28       0xb4 src/ASF/common/services/spi/sam_spi/spi_master.o
                0x00400b28                spi_master_setup_device
 .text.spi_select_device
                0x00400bdc       0x58 src/ASF/common/services/spi/sam_spi/spi_master.o
                0x00400bdc                spi_select_device
 .text.spi_write_packet
                0x00400c34       0x74 src/ASF/common/services/spi/sam_spi/spi_master.o
                0x00400c34                spi_write_packet
 .text.spi_read_packet
                0x00400ca8       0xac src/ASF/common/services/spi/sam_spi/spi_master.o
                0x00400ca8                spi_read_packet
 .text.spi_enable
                0x00400d54       0x1a src/ASF/sam/components/display/ili9488/ili9488.o
 .text.spi_enable_interrupt
                0x00400d6e       0x1c src/ASF/sam/components/display/ili9488/ili9488.o
 *fill*         0x00400d8a        0x2 
 .text.ili9488_write_ram_prepare
                0x00400d8c       0x40 src/ASF/sam/components/display/ili9488/ili9488.o
 .text.ili9488_write_ram_buffer
                0x00400dcc       0x40 src/ASF/sam/components/display/ili9488/ili9488.o
 .text.ili9488_write_register
                0x00400e0c       0x78 src/ASF/sam/components/display/ili9488/ili9488.o
 .text.ili9488_read_chipid
                0x00400e84       0xcc src/ASF/sam/components/display/ili9488/ili9488.o
 .text.ili9488_delay
                0x00400f50       0x40 src/ASF/sam/components/display/ili9488/ili9488.o
                0x00400f50                ili9488_delay
 .text.ili9488_check_box_coordinates
                0x00400f90       0xa2 src/ASF/sam/components/display/ili9488/ili9488.o
 *fill*         0x00401032        0x2 
 .text.ili9488_set_display_direction
                0x00401034       0x34 src/ASF/sam/components/display/ili9488/ili9488.o
                0x00401034                ili9488_set_display_direction
 .text.ili9488_set_window
                0x00401068       0xc8 src/ASF/sam/components/display/ili9488/ili9488.o
                0x00401068                ili9488_set_window
 .text.ili9488_init
                0x00401130      0x15c src/ASF/sam/components/display/ili9488/ili9488.o
                0x00401130                ili9488_init
 .text.ili9488_display_on
                0x0040128c       0x18 src/ASF/sam/components/display/ili9488/ili9488.o
                0x0040128c                ili9488_display_on
 .text.ili9488_set_foreground_color
                0x004012a4       0x54 src/ASF/sam/components/display/ili9488/ili9488.o
                0x004012a4                ili9488_set_foreground_color
 .text.ili9488_set_cursor_position
                0x004012f8       0x84 src/ASF/sam/components/display/ili9488/ili9488.o
                0x004012f8                ili9488_set_cursor_position
 .text.ili9488_draw_filled_rectangle
                0x0040137c       0xdc src/ASF/sam/components/display/ili9488/ili9488.o
                0x0040137c                ili9488_draw_filled_rectangle
 .text.ili9488_draw_pixmap
                0x00401458       0xb4 src/ASF/sam/components/display/ili9488/ili9488.o
                0x00401458                ili9488_draw_pixmap
 .text.spi_get_peripheral_select_mode
                0x0040150c       0x26 src/ASF/sam/drivers/spi/spi.o
 *fill*         0x00401532        0x2 
 .text.sysclk_enable_peripheral_clock
                0x00401534       0x1c src/ASF/sam/drivers/spi/spi.o
 .text.spi_enable_clock
                0x00401550       0x3c src/ASF/sam/drivers/spi/spi.o
                0x00401550                spi_enable_clock
 .text.spi_set_peripheral_chip_select_value
                0x0040158c       0x34 src/ASF/sam/drivers/spi/spi.o
                0x0040158c                spi_set_peripheral_chip_select_value
 .text.spi_set_delay_between_chip_select
                0x004015c0       0x30 src/ASF/sam/drivers/spi/spi.o
                0x004015c0                spi_set_delay_between_chip_select
 .text.spi_write
                0x004015f0       0x80 src/ASF/sam/drivers/spi/spi.o
                0x004015f0                spi_write
 .text.spi_set_clock_polarity
                0x00401670       0x50 src/ASF/sam/drivers/spi/spi.o
                0x00401670                spi_set_clock_polarity
 .text.spi_set_clock_phase
                0x004016c0       0x50 src/ASF/sam/drivers/spi/spi.o
                0x004016c0                spi_set_clock_phase
 .text.spi_configure_cs_behavior
                0x00401710       0xa6 src/ASF/sam/drivers/spi/spi.o
                0x00401710                spi_configure_cs_behavior
 .text.spi_set_bits_per_transfer
                0x004017b6       0x4a src/ASF/sam/drivers/spi/spi.o
                0x004017b6                spi_set_bits_per_transfer
 .text.spi_calc_baudrate_div
                0x00401800       0x3c src/ASF/sam/drivers/spi/spi.o
                0x00401800                spi_calc_baudrate_div
 .text.spi_set_baudrate_div
                0x0040183c       0x5e src/ASF/sam/drivers/spi/spi.o
                0x0040183c                spi_set_baudrate_div
 .text.spi_set_transfer_delay
                0x0040189a       0x5e src/ASF/sam/drivers/spi/spi.o
                0x0040189a                spi_set_transfer_delay
 .text.osc_enable
                0x004018f8       0x88 src/ASF/common/services/clock/same70/sysclk.o
 .text.osc_is_ready
                0x00401980       0x70 src/ASF/common/services/clock/same70/sysclk.o
 .text.osc_get_rate
                0x004019f0       0x74 src/ASF/common/services/clock/same70/sysclk.o
 .text.osc_wait_ready
                0x00401a64       0x2c src/ASF/common/services/clock/same70/sysclk.o
 .text.pll_config_init
                0x00401a90       0x6c src/ASF/common/services/clock/same70/sysclk.o
 .text.pll_enable
                0x00401afc       0x40 src/ASF/common/services/clock/same70/sysclk.o
 .text.pll_is_locked
                0x00401b3c       0x2c src/ASF/common/services/clock/same70/sysclk.o
 .text.pll_enable_source
                0x00401b68       0x38 src/ASF/common/services/clock/same70/sysclk.o
 .text.pll_wait_for_lock
                0x00401ba0       0x24 src/ASF/common/services/clock/same70/sysclk.o
 .text.sysclk_get_main_hz
                0x00401bc4       0x20 src/ASF/common/services/clock/same70/sysclk.o
 .text.sysclk_get_cpu_hz
                0x00401be4       0x14 src/ASF/common/services/clock/same70/sysclk.o
 .text.sysclk_init
                0x00401bf8       0x7c src/ASF/common/services/clock/same70/sysclk.o
                0x00401bf8                sysclk_init
 .text.SCB_EnableICache
                0x00401c74       0x38 src/ASF/sam/boards/same70_xplained/init.o
 .text.SCB_EnableDCache
                0x00401cac       0xa4 src/ASF/sam/boards/same70_xplained/init.o
 .text.sysclk_enable_peripheral_clock
                0x00401d50       0x1c src/ASF/sam/boards/same70_xplained/init.o
 .text.ioport_init
                0x00401d6c       0x2c src/ASF/sam/boards/same70_xplained/init.o
 .text.ioport_set_pin_mode
                0x00401d98      0x11c src/ASF/sam/boards/same70_xplained/init.o
 .text.ioport_set_pin_dir
                0x00401eb4       0x88 src/ASF/sam/boards/same70_xplained/init.o
 .text.ioport_set_pin_level
                0x00401f3c       0x6c src/ASF/sam/boards/same70_xplained/init.o
 .text.ioport_set_pin_sense_mode
                0x00401fa8       0xd0 src/ASF/sam/boards/same70_xplained/init.o
 .text.tcm_disable
                0x00402078       0x44 src/ASF/sam/boards/same70_xplained/init.o
 .text.board_init
                0x004020bc      0x188 src/ASF/sam/boards/same70_xplained/init.o
                0x004020bc                board_init
 .text.pio_pull_up
                0x00402244       0x2c src/ASF/sam/drivers/pio/pio.o
                0x00402244                pio_pull_up
 .text.pio_set  0x00402270       0x1c src/ASF/sam/drivers/pio/pio.o
                0x00402270                pio_set
 .text.pio_set_peripheral
                0x0040228c      0x110 src/ASF/sam/drivers/pio/pio.o
                0x0040228c                pio_set_peripheral
 .text.pio_set_input
                0x0040239c       0x80 src/ASF/sam/drivers/pio/pio.o
                0x0040239c                pio_set_input
 .text.pio_set_output
                0x0040241c       0x64 src/ASF/sam/drivers/pio/pio.o
                0x0040241c                pio_set_output
 .text.pio_configure
                0x00402480       0xcc src/ASF/sam/drivers/pio/pio.o
                0x00402480                pio_configure
 .text.pio_configure_interrupt
                0x0040254c       0x6c src/ASF/sam/drivers/pio/pio.o
                0x0040254c                pio_configure_interrupt
 .text.pio_enable_interrupt
                0x004025b8       0x1c src/ASF/sam/drivers/pio/pio.o
                0x004025b8                pio_enable_interrupt
 .text.pio_disable_interrupt
                0x004025d4       0x1c src/ASF/sam/drivers/pio/pio.o
                0x004025d4                pio_disable_interrupt
 .text.pio_get_interrupt_status
                0x004025f0       0x18 src/ASF/sam/drivers/pio/pio.o
                0x004025f0                pio_get_interrupt_status
 .text.pio_get_interrupt_mask
                0x00402608       0x18 src/ASF/sam/drivers/pio/pio.o
                0x00402608                pio_get_interrupt_mask
 .text.pio_set_pin_high
                0x00402620       0x30 src/ASF/sam/drivers/pio/pio.o
                0x00402620                pio_set_pin_high
 .text.pio_set_pin_low
                0x00402650       0x30 src/ASF/sam/drivers/pio/pio.o
                0x00402650                pio_set_pin_low
 .text.pio_configure_pin
                0x00402680      0x1b0 src/ASF/sam/drivers/pio/pio.o
                0x00402680                pio_configure_pin
 .text.pio_get_pin_group
                0x00402830       0x28 src/ASF/sam/drivers/pio/pio.o
                0x00402830                pio_get_pin_group
 .text.pio_handler_process
                0x00402858       0xb4 src/ASF/sam/drivers/pio/pio_handler.o
                0x00402858                pio_handler_process
 .text.pio_handler_set
                0x0040290c       0xa0 src/ASF/sam/drivers/pio/pio_handler.o
                0x0040290c                pio_handler_set
 .text.PIOA_Handler
                0x004029ac       0x18 src/ASF/sam/drivers/pio/pio_handler.o
                0x004029ac                PIOA_Handler
 .text.PIOB_Handler
                0x004029c4       0x18 src/ASF/sam/drivers/pio/pio_handler.o
                0x004029c4                PIOB_Handler
 .text.PIOC_Handler
                0x004029dc       0x18 src/ASF/sam/drivers/pio/pio_handler.o
                0x004029dc                PIOC_Handler
 .text.PIOD_Handler
                0x004029f4       0x18 src/ASF/sam/drivers/pio/pio_handler.o
                0x004029f4                PIOD_Handler
 .text.PIOE_Handler
                0x00402a0c       0x18 src/ASF/sam/drivers/pio/pio_handler.o
                0x00402a0c                PIOE_Handler
 .text.pmc_mck_set_division
                0x00402a24       0x7c src/ASF/sam/drivers/pmc/pmc.o
                0x00402a24                pmc_mck_set_division
 .text.pmc_switch_mck_to_pllack
                0x00402aa0       0x84 src/ASF/sam/drivers/pmc/pmc.o
                0x00402aa0                pmc_switch_mck_to_pllack
 .text.pmc_switch_sclk_to_32kxtal
                0x00402b24       0x38 src/ASF/sam/drivers/pmc/pmc.o
                0x00402b24                pmc_switch_sclk_to_32kxtal
 .text.pmc_osc_is_ready_32kxtal
                0x00402b5c       0x34 src/ASF/sam/drivers/pmc/pmc.o
                0x00402b5c                pmc_osc_is_ready_32kxtal
 .text.pmc_switch_mainck_to_fastrc
                0x00402b90       0x70 src/ASF/sam/drivers/pmc/pmc.o
                0x00402b90                pmc_switch_mainck_to_fastrc
 .text.pmc_switch_mainck_to_xtal
                0x00402c00       0x78 src/ASF/sam/drivers/pmc/pmc.o
                0x00402c00                pmc_switch_mainck_to_xtal
 .text.pmc_osc_is_ready_mainck
                0x00402c78       0x1c src/ASF/sam/drivers/pmc/pmc.o
                0x00402c78                pmc_osc_is_ready_mainck
 .text.pmc_disable_pllack
                0x00402c94       0x1c src/ASF/sam/drivers/pmc/pmc.o
                0x00402c94                pmc_disable_pllack
 .text.pmc_is_locked_pllack
                0x00402cb0       0x1c src/ASF/sam/drivers/pmc/pmc.o
                0x00402cb0                pmc_is_locked_pllack
 .text.pmc_is_locked_upll
                0x00402ccc       0x1c src/ASF/sam/drivers/pmc/pmc.o
                0x00402ccc                pmc_is_locked_upll
 .text.pmc_enable_periph_clk
                0x00402ce8       0x3c src/ASF/sam/drivers/pmc/pmc.o
                0x00402ce8                pmc_enable_periph_clk
 .text.pmc_set_flash_in_wait_mode
                0x00402d24       0x20 src/ASF/sam/drivers/pmc/pmc.o
                0x00402d24                pmc_set_flash_in_wait_mode
 .text.pmc_enable_waitmode
                0x00402d44       0x90 src/ASF/sam/drivers/pmc/pmc.o
                0x00402d44                pmc_enable_waitmode
 .text.pmc_sleep
                0x00402dd4      0x398 src/ASF/sam/drivers/pmc/sleep.o
                0x00402dd4                pmc_sleep
 .text.cpu_irq_save
                0x0040316c       0x38 src/ASF/sam/utils/cmsis/same70/source/templates/gcc/startup_same70.o
 .text.cpu_irq_is_enabled_flags
                0x004031a4       0x20 src/ASF/sam/utils/cmsis/same70/source/templates/gcc/startup_same70.o
 .text.cpu_irq_restore
                0x004031c4       0x30 src/ASF/sam/utils/cmsis/same70/source/templates/gcc/startup_same70.o
 .text.Reset_Handler
                0x004031f4       0xb0 src/ASF/sam/utils/cmsis/same70/source/templates/gcc/startup_same70.o
                0x004031f4                Reset_Handler
 .text.Dummy_Handler
                0x004032a4        0x6 src/ASF/sam/utils/cmsis/same70/source/templates/gcc/startup_same70.o
                0x004032a4                DACC_Handler
                0x004032a4                DebugMon_Handler
                0x004032a4                UART3_Handler
                0x004032a4                UART2_Handler
                0x004032a4                TRNG_Handler
                0x004032a4                HardFault_Handler
                0x004032a4                TC2_Handler
                0x004032a4                SysTick_Handler
                0x004032a4                AFEC1_Handler
                0x004032a4                PendSV_Handler
                0x004032a4                NMI_Handler
                0x004032a4                TC7_Handler
                0x004032a4                QSPI_Handler
                0x004032a4                ISI_Handler
                0x004032a4                MCAN0_INT0_Handler
                0x004032a4                TC9_Handler
                0x004032a4                RSWDT_Handler
                0x004032a4                USART0_Handler
                0x004032a4                USBHS_Handler
                0x004032a4                IXC_Handler
                0x004032a4                CCF_Handler
                0x004032a4                RTC_Handler
                0x004032a4                UsageFault_Handler
                0x004032a4                TC6_Handler
                0x004032a4                WDT_Handler
                0x004032a4                MCAN1_INT1_Handler
                0x004032a4                TC4_Handler
                0x004032a4                TC1_Handler
                0x004032a4                HSMCI_Handler
                0x004032a4                UART1_Handler
                0x004032a4                TC3_Handler
                0x004032a4                Dummy_Handler
                0x004032a4                TWIHS1_Handler
                0x004032a4                XDMAC_Handler
                0x004032a4                UART4_Handler
                0x004032a4                PWM1_Handler
                0x004032a4                USART1_Handler
                0x004032a4                PWM0_Handler
                0x004032a4                AFEC0_Handler
                0x004032a4                CCW_Handler
                0x004032a4                TC11_Handler
                0x004032a4                SSC_Handler
                0x004032a4                ACC_Handler
                0x004032a4                PMC_Handler
                0x004032a4                GMAC_Handler
                0x004032a4                MCAN0_INT1_Handler
                0x004032a4                GMAC_Q5_Handler
                0x004032a4                MemManage_Handler
                0x004032a4                SUPC_Handler
                0x004032a4                SVC_Handler
                0x004032a4                TC8_Handler
                0x004032a4                MCAN1_INT0_Handler
                0x004032a4                EFC_Handler
                0x004032a4                GMAC_Q1_Handler
                0x004032a4                USART2_Handler
                0x004032a4                SDRAMC_Handler
                0x004032a4                GMAC_Q2_Handler
                0x004032a4                SPI1_Handler
                0x004032a4                TC10_Handler
                0x004032a4                GMAC_Q3_Handler
                0x004032a4                TWIHS2_Handler
                0x004032a4                I2SC0_Handler
                0x004032a4                UART0_Handler
                0x004032a4                I2SC1_Handler
                0x004032a4                GMAC_Q4_Handler
                0x004032a4                FPU_Handler
                0x004032a4                BusFault_Handler
                0x004032a4                RSTC_Handler
                0x004032a4                TC0_Handler
                0x004032a4                TC5_Handler
                0x004032a4                AES_Handler
                0x004032a4                ICM_Handler
                0x004032a4                TWIHS0_Handler
                0x004032a4                SPI0_Handler
 *fill*         0x004032aa        0x2 
 .text.SystemCoreClockUpdate
                0x004032ac      0x168 src/ASF/sam/utils/cmsis/same70/source/templates/system_same70.o
                0x004032ac                SystemCoreClockUpdate
 .text.system_init_flash
                0x00403414       0xb0 src/ASF/sam/utils/cmsis/same70/source/templates/system_same70.o
                0x00403414                system_init_flash
 .text._sbrk    0x004034c4       0x58 src/ASF/sam/utils/syscalls/gcc/syscalls.o
                0x004034c4                _sbrk
 .text          0x0040351c      0x370 c:/program files (x86)/atmel/studio/7.0/toolchain/arm/arm-gnu-toolchain/bin/../lib/gcc/arm-none-eabi/6.3.1/thumb/v7e-m\libgcc.a(_arm_addsubdf3.o)
                0x0040351c                __aeabi_drsub
                0x00403524                __aeabi_dsub
                0x00403524                __subdf3
                0x00403528                __aeabi_dadd
                0x00403528                __adddf3
                0x004037a0                __floatunsidf
                0x004037a0                __aeabi_ui2d
                0x004037c0                __floatsidf
                0x004037c0                __aeabi_i2d
                0x004037e4                __aeabi_f2d
                0x004037e4                __extendsfdf2
                0x00403820                __floatundidf
                0x00403820                __aeabi_ul2d
                0x00403830                __floatdidf
                0x00403830                __aeabi_l2d
 .text          0x0040388c      0x424 c:/program files (x86)/atmel/studio/7.0/toolchain/arm/arm-gnu-toolchain/bin/../lib/gcc/arm-none-eabi/6.3.1/thumb/v7e-m\libgcc.a(_arm_muldivdf3.o)
                0x0040388c                __aeabi_dmul
                0x0040388c                __muldf3
                0x00403ae0                __divdf3
                0x00403ae0                __aeabi_ddiv
 .text          0x00403cb0       0x50 c:/program files (x86)/atmel/studio/7.0/toolchain/arm/arm-gnu-toolchain/bin/../lib/gcc/arm-none-eabi/6.3.1/thumb/v7e-m\libgcc.a(_arm_fixdfsi.o)
                0x00403cb0                __aeabi_d2iz
                0x00403cb0                __fixdfsi
 .text.__libc_init_array
                0x00403d00       0x50 c:/program files (x86)/atmel/studio/7.0/toolchain/arm/arm-gnu-toolchain/bin/../lib/gcc/arm-none-eabi/6.3.1/../../../../arm-none-eabi/lib/thumb/v7e-m\libc.a(lib_a-init.o)
                0x00403d00                __libc_init_array
 .text.memset   0x00403d50       0x9c c:/program files (x86)/atmel/studio/7.0/toolchain/arm/arm-gnu-toolchain/bin/../lib/gcc/arm-none-eabi/6.3.1/../../../../arm-none-eabi/lib/thumb/v7e-m\libc.a(lib_a-memset.o)
                0x00403d50                memset
 .text.sprintf  0x00403dec       0x4c c:/program files (x86)/atmel/studio/7.0/toolchain/arm/arm-gnu-toolchain/bin/../lib/gcc/arm-none-eabi/6.3.1/../../../../arm-none-eabi/lib/thumb/v7e-m\libc.a(lib_a-sprintf.o)
                0x00403dec                sprintf
 .text._svfprintf_r
                0x00403e38     0x145c c:/program files (x86)/atmel/studio/7.0/toolchain/arm/arm-gnu-toolchain/bin/../lib/gcc/arm-none-eabi/6.3.1/../../../../arm-none-eabi/lib/thumb/v7e-m\libc.a(lib_a-svfprintf.o)
                0x00403e38                _svfprintf_r
 .text.startup.register_fini
                0x00405294       0x14 c:/program files (x86)/atmel/studio/7.0/toolchain/arm/arm-gnu-toolchain/bin/../lib/gcc/arm-none-eabi/6.3.1/../../../../arm-none-eabi/lib/thumb/v7e-m\libc.a(lib_a-__call_atexit.o)
 .text.atexit   0x004052a8        0xc c:/program files (x86)/atmel/studio/7.0/toolchain/arm/arm-gnu-toolchain/bin/../lib/gcc/arm-none-eabi/6.3.1/../../../../arm-none-eabi/lib/thumb/v7e-m\libc.a(lib_a-atexit.o)
                0x004052a8                atexit
 .text.quorem   0x004052b4      0x128 c:/program files (x86)/atmel/studio/7.0/toolchain/arm/arm-gnu-toolchain/bin/../lib/gcc/arm-none-eabi/6.3.1/../../../../arm-none-eabi/lib/thumb/v7e-m\libc.a(lib_a-dtoa.o)
 *fill*         0x004053dc        0x4 
 .text._dtoa_r  0x004053e0      0xe54 c:/program files (x86)/atmel/studio/7.0/toolchain/arm/arm-gnu-toolchain/bin/../lib/gcc/arm-none-eabi/6.3.1/../../../../arm-none-eabi/lib/thumb/v7e-m\libc.a(lib_a-dtoa.o)
                0x004053e0                _dtoa_r
 .text.__libc_fini_array
                0x00406234       0x34 c:/program files (x86)/atmel/studio/7.0/toolchain/arm/arm-gnu-toolchain/bin/../lib/gcc/arm-none-eabi/6.3.1/../../../../arm-none-eabi/lib/thumb/v7e-m\libc.a(lib_a-fini.o)
                0x00406234                __libc_fini_array
 .text._localeconv_r
                0x00406268       0x1c c:/program files (x86)/atmel/studio/7.0/toolchain/arm/arm-gnu-toolchain/bin/../lib/gcc/arm-none-eabi/6.3.1/../../../../arm-none-eabi/lib/thumb/v7e-m\libc.a(lib_a-localeconv.o)
                0x00406268                _localeconv_r
 .text.__retarget_lock_acquire_recursive
                0x00406284        0x4 c:/program files (x86)/atmel/studio/7.0/toolchain/arm/arm-gnu-toolchain/bin/../lib/gcc/arm-none-eabi/6.3.1/../../../../arm-none-eabi/lib/thumb/v7e-m\libc.a(lib_a-lock.o)
                0x00406284                __retarget_lock_acquire_recursive
 .text.__retarget_lock_release_recursive
                0x00406288        0x4 c:/program files (x86)/atmel/studio/7.0/toolchain/arm/arm-gnu-toolchain/bin/../lib/gcc/arm-none-eabi/6.3.1/../../../../arm-none-eabi/lib/thumb/v7e-m\libc.a(lib_a-lock.o)
                0x00406288                __retarget_lock_release_recursive
 .text._malloc_r
                0x0040628c      0x560 c:/program files (x86)/atmel/studio/7.0/toolchain/arm/arm-gnu-toolchain/bin/../lib/gcc/arm-none-eabi/6.3.1/../../../../arm-none-eabi/lib/thumb/v7e-m\libc.a(lib_a-mallocr.o)
                0x0040628c                _malloc_r
 *fill*         0x004067ec        0x4 
 .text          0x004067f0       0xa0 c:/program files (x86)/atmel/studio/7.0/toolchain/arm/arm-gnu-toolchain/bin/../lib/gcc/arm-none-eabi/6.3.1/../../../../arm-none-eabi/lib/thumb/v7e-m\libc.a(lib_a-memchr.o)
                0x004067f0                memchr
 .text          0x00406890      0x134 c:/program files (x86)/atmel/studio/7.0/toolchain/arm/arm-gnu-toolchain/bin/../lib/gcc/arm-none-eabi/6.3.1/../../../../arm-none-eabi/lib/thumb/v7e-m\libc.a(lib_a-memcpy.o)
                0x00406890                memcpy
 .text.__malloc_lock
                0x004069c4        0xc c:/program files (x86)/atmel/studio/7.0/toolchain/arm/arm-gnu-toolchain/bin/../lib/gcc/arm-none-eabi/6.3.1/../../../../arm-none-eabi/lib/thumb/v7e-m\libc.a(lib_a-mlock.o)
                0x004069c4                __malloc_lock
 .text.__malloc_unlock
                0x004069d0        0xc c:/program files (x86)/atmel/studio/7.0/toolchain/arm/arm-gnu-toolchain/bin/../lib/gcc/arm-none-eabi/6.3.1/../../../../arm-none-eabi/lib/thumb/v7e-m\libc.a(lib_a-mlock.o)
                0x004069d0                __malloc_unlock
 .text._Balloc  0x004069dc       0x4c c:/program files (x86)/atmel/studio/7.0/toolchain/arm/arm-gnu-toolchain/bin/../lib/gcc/arm-none-eabi/6.3.1/../../../../arm-none-eabi/lib/thumb/v7e-m\libc.a(lib_a-mprec.o)
                0x004069dc                _Balloc
 .text._Bfree   0x00406a28       0x14 c:/program files (x86)/atmel/studio/7.0/toolchain/arm/arm-gnu-toolchain/bin/../lib/gcc/arm-none-eabi/6.3.1/../../../../arm-none-eabi/lib/thumb/v7e-m\libc.a(lib_a-mprec.o)
                0x00406a28                _Bfree
 .text.__multadd
                0x00406a3c       0x80 c:/program files (x86)/atmel/studio/7.0/toolchain/arm/arm-gnu-toolchain/bin/../lib/gcc/arm-none-eabi/6.3.1/../../../../arm-none-eabi/lib/thumb/v7e-m\libc.a(lib_a-mprec.o)
                0x00406a3c                __multadd
 .text.__hi0bits
                0x00406abc       0x40 c:/program files (x86)/atmel/studio/7.0/toolchain/arm/arm-gnu-toolchain/bin/../lib/gcc/arm-none-eabi/6.3.1/../../../../arm-none-eabi/lib/thumb/v7e-m\libc.a(lib_a-mprec.o)
                0x00406abc                __hi0bits
 .text.__lo0bits
                0x00406afc       0x60 c:/program files (x86)/atmel/studio/7.0/toolchain/arm/arm-gnu-toolchain/bin/../lib/gcc/arm-none-eabi/6.3.1/../../../../arm-none-eabi/lib/thumb/v7e-m\libc.a(lib_a-mprec.o)
                0x00406afc                __lo0bits
 .text.__i2b    0x00406b5c       0x14 c:/program files (x86)/atmel/studio/7.0/toolchain/arm/arm-gnu-toolchain/bin/../lib/gcc/arm-none-eabi/6.3.1/../../../../arm-none-eabi/lib/thumb/v7e-m\libc.a(lib_a-mprec.o)
                0x00406b5c                __i2b
 .text.__multiply
                0x00406b70      0x124 c:/program files (x86)/atmel/studio/7.0/toolchain/arm/arm-gnu-toolchain/bin/../lib/gcc/arm-none-eabi/6.3.1/../../../../arm-none-eabi/lib/thumb/v7e-m\libc.a(lib_a-mprec.o)
                0x00406b70                __multiply
 .text.__pow5mult
                0x00406c94       0xa0 c:/program files (x86)/atmel/studio/7.0/toolchain/arm/arm-gnu-toolchain/bin/../lib/gcc/arm-none-eabi/6.3.1/../../../../arm-none-eabi/lib/thumb/v7e-m\libc.a(lib_a-mprec.o)
                0x00406c94                __pow5mult
 .text.__lshift
                0x00406d34       0xa4 c:/program files (x86)/atmel/studio/7.0/toolchain/arm/arm-gnu-toolchain/bin/../lib/gcc/arm-none-eabi/6.3.1/../../../../arm-none-eabi/lib/thumb/v7e-m\libc.a(lib_a-mprec.o)
                0x00406d34                __lshift
 .text.__mcmp   0x00406dd8       0x38 c:/program files (x86)/atmel/studio/7.0/toolchain/arm/arm-gnu-toolchain/bin/../lib/gcc/arm-none-eabi/6.3.1/../../../../arm-none-eabi/lib/thumb/v7e-m\libc.a(lib_a-mprec.o)
                0x00406dd8                __mcmp
 .text.__mdiff  0x00406e10      0x108 c:/program files (x86)/atmel/studio/7.0/toolchain/arm/arm-gnu-toolchain/bin/../lib/gcc/arm-none-eabi/6.3.1/../../../../arm-none-eabi/lib/thumb/v7e-m\libc.a(lib_a-mprec.o)
                0x00406e10                __mdiff
 .text.__d2b    0x00406f18       0xb8 c:/program files (x86)/atmel/studio/7.0/toolchain/arm/arm-gnu-toolchain/bin/../lib/gcc/arm-none-eabi/6.3.1/../../../../arm-none-eabi/lib/thumb/v7e-m\libc.a(lib_a-mprec.o)
                0x00406f18                __d2b
 .text._sbrk_r  0x00406fd0       0x24 c:/program files (x86)/atmel/studio/7.0/toolchain/arm/arm-gnu-toolchain/bin/../lib/gcc/arm-none-eabi/6.3.1/../../../../arm-none-eabi/lib/thumb/v7e-m\libc.a(lib_a-sbrkr.o)
                0x00406fd0                _sbrk_r
 *fill*         0x00406ff4        0xc 
 .text          0x00407000       0xdc c:/program files (x86)/atmel/studio/7.0/toolchain/arm/arm-gnu-toolchain/bin/../lib/gcc/arm-none-eabi/6.3.1/../../../../arm-none-eabi/lib/thumb/v7e-m\libc.a(lib_a-strlen.o)
                0x00407000                strlen
 .text.__ssprint_r
                0x004070dc       0xfc c:/program files (x86)/atmel/studio/7.0/toolchain/arm/arm-gnu-toolchain/bin/../lib/gcc/arm-none-eabi/6.3.1/../../../../arm-none-eabi/lib/thumb/v7e-m\libc.a(lib_a-svfiprintf.o)
                0x004070dc                __ssprint_r
 .text.__register_exitproc
                0x004071d8       0xc4 c:/program files (x86)/atmel/studio/7.0/toolchain/arm/arm-gnu-toolchain/bin/../lib/gcc/arm-none-eabi/6.3.1/../../../../arm-none-eabi/lib/thumb/v7e-m\libc.a(lib_a-__atexit.o)
                0x004071d8                __register_exitproc
 .text._calloc_r
                0x0040729c       0x60 c:/program files (x86)/atmel/studio/7.0/toolchain/arm/arm-gnu-toolchain/bin/../lib/gcc/arm-none-eabi/6.3.1/../../../../arm-none-eabi/lib/thumb/v7e-m\libc.a(lib_a-callocr.o)
                0x0040729c                _calloc_r
 .text._malloc_trim_r
                0x004072fc       0xa0 c:/program files (x86)/atmel/studio/7.0/toolchain/arm/arm-gnu-toolchain/bin/../lib/gcc/arm-none-eabi/6.3.1/../../../../arm-none-eabi/lib/thumb/v7e-m\libc.a(lib_a-freer.o)
                0x004072fc                _malloc_trim_r
 .text._free_r  0x0040739c      0x1cc c:/program files (x86)/atmel/studio/7.0/toolchain/arm/arm-gnu-toolchain/bin/../lib/gcc/arm-none-eabi/6.3.1/../../../../arm-none-eabi/lib/thumb/v7e-m\libc.a(lib_a-freer.o)
                0x0040739c                _free_r
 .text.__ascii_mbtowc
                0x00407568       0x2c c:/program files (x86)/atmel/studio/7.0/toolchain/arm/arm-gnu-toolchain/bin/../lib/gcc/arm-none-eabi/6.3.1/../../../../arm-none-eabi/lib/thumb/v7e-m\libc.a(lib_a-mbtowc_r.o)
                0x00407568                __ascii_mbtowc
 .text.memmove  0x00407594       0xc8 c:/program files (x86)/atmel/studio/7.0/toolchain/arm/arm-gnu-toolchain/bin/../lib/gcc/arm-none-eabi/6.3.1/../../../../arm-none-eabi/lib/thumb/v7e-m\libc.a(lib_a-memmove.o)
                0x00407594                memmove
 .text._realloc_r
                0x0040765c      0x34c c:/program files (x86)/atmel/studio/7.0/toolchain/arm/arm-gnu-toolchain/bin/../lib/gcc/arm-none-eabi/6.3.1/../../../../arm-none-eabi/lib/thumb/v7e-m\libc.a(lib_a-reallocr.o)
                0x0040765c                _realloc_r
 .text.__ascii_wctomb
                0x004079a8       0x1c c:/program files (x86)/atmel/studio/7.0/toolchain/arm/arm-gnu-toolchain/bin/../lib/gcc/arm-none-eabi/6.3.1/../../../../arm-none-eabi/lib/thumb/v7e-m\libc.a(lib_a-wctomb_r.o)
                0x004079a8                __ascii_wctomb
 .text          0x004079c4      0x110 c:/program files (x86)/atmel/studio/7.0/toolchain/arm/arm-gnu-toolchain/bin/../lib/gcc/arm-none-eabi/6.3.1/thumb/v7e-m\libgcc.a(_arm_cmpdf2.o)
                0x004079c4                __gtdf2
                0x004079c4                __gedf2
                0x004079cc                __ltdf2
                0x004079cc                __ledf2
                0x004079d4                __nedf2
                0x004079d4                __eqdf2
                0x004079d4                __cmpdf2
                0x00407a50                __aeabi_cdrcmple
                0x00407a60                __aeabi_cdcmpeq
                0x00407a60                __aeabi_cdcmple
                0x00407a70                __aeabi_dcmpeq
                0x00407a84                __aeabi_dcmplt
                0x00407a98                __aeabi_dcmple
                0x00407aac                __aeabi_dcmpge
                0x00407ac0                __aeabi_dcmpgt
 .text          0x00407ad4       0x2c c:/program files (x86)/atmel/studio/7.0/toolchain/arm/arm-gnu-toolchain/bin/../lib/gcc/arm-none-eabi/6.3.1/thumb/v7e-m\libgcc.a(_arm_unorddf2.o)
                0x00407ad4                __unorddf2
                0x00407ad4                __aeabi_dcmpun
 .text          0x00407b00       0x30 c:/program files (x86)/atmel/studio/7.0/toolchain/arm/arm-gnu-toolchain/bin/../lib/gcc/arm-none-eabi/6.3.1/thumb/v7e-m\libgcc.a(_aeabi_uldivmod.o)
                0x00407b00                __aeabi_uldivmod
 .text          0x00407b30      0x2dc c:/program files (x86)/atmel/studio/7.0/toolchain/arm/arm-gnu-toolchain/bin/../lib/gcc/arm-none-eabi/6.3.1/thumb/v7e-m\libgcc.a(_udivmoddi4.o)
                0x00407b30                __udivmoddi4
 .text          0x00407e0c        0x4 c:/program files (x86)/atmel/studio/7.0/toolchain/arm/arm-gnu-toolchain/bin/../lib/gcc/arm-none-eabi/6.3.1/thumb/v7e-m\libgcc.a(_dvmd_tls.o)
                0x00407e0c                __aeabi_idiv0
                0x00407e0c                __aeabi_ldiv0
 *(.glue_7t)
 .glue_7t       0x00407e10        0x0 linker stubs
 *(.glue_7)
 .glue_7        0x00407e10        0x0 linker stubs
 *(.rodata .rodata* .gnu.linkonce.r.*)
 .rodata.image_data_calibri_36_0x20
                0x00407e10      0x378 src/main.o
 .rodata.calibri_36_0x20
                0x00408188       0x10 src/main.o
 .rodata.image_data_calibri_36_0x21
                0x00408198      0x534 src/main.o
 .rodata.calibri_36_0x21
                0x004086cc       0x10 src/main.o
 .rodata.image_data_calibri_36_0x22
                0x004086dc      0x612 src/main.o
 *fill*         0x00408cee        0x2 
 .rodata.calibri_36_0x22
                0x00408cf0       0x10 src/main.o
 .rodata.image_data_calibri_36_0x23
                0x00408d00      0x7ce src/main.o
 *fill*         0x004094ce        0x2 
 .rodata.calibri_36_0x23
                0x004094d0       0x10 src/main.o
 .rodata.image_data_calibri_36_0x24
                0x004094e0      0x7ce src/main.o
 *fill*         0x00409cae        0x2 
 .rodata.calibri_36_0x24
                0x00409cb0       0x10 src/main.o
 .rodata.image_data_calibri_36_0x25
                0x00409cc0      0xb46 src/main.o
 *fill*         0x0040a806        0x2 
 .rodata.calibri_36_0x25
                0x0040a808       0x10 src/main.o
 .rodata.image_data_calibri_36_0x26
                0x0040a818      0xad7 src/main.o
 *fill*         0x0040b2ef        0x1 
 .rodata.calibri_36_0x26
                0x0040b2f0       0x10 src/main.o
 .rodata.image_data_calibri_36_0x27
                0x0040b300      0x378 src/main.o
 .rodata.calibri_36_0x27
                0x0040b678       0x10 src/main.o
 .rodata.image_data_calibri_36_0x28
                0x0040b688      0x4c5 src/main.o
 *fill*         0x0040bb4d        0x3 
 .rodata.calibri_36_0x28
                0x0040bb50       0x10 src/main.o
 .rodata.image_data_calibri_36_0x29
                0x0040bb60      0x4c5 src/main.o
 *fill*         0x0040c025        0x3 
 .rodata.calibri_36_0x29
                0x0040c028       0x10 src/main.o
 .rodata.image_data_calibri_36_0x2a
                0x0040c038      0x7ce src/main.o
 *fill*         0x0040c806        0x2 
 .rodata.calibri_36_0x2a
                0x0040c808       0x10 src/main.o
 .rodata.image_data_calibri_36_0x2b
                0x0040c818      0x7ce src/main.o
 *fill*         0x0040cfe6        0x2 
 .rodata.calibri_36_0x2b
                0x0040cfe8       0x10 src/main.o
 .rodata.image_data_calibri_36_0x2c
                0x0040cff8      0x3e7 src/main.o
 *fill*         0x0040d3df        0x1 
 .rodata.calibri_36_0x2c
                0x0040d3e0       0x10 src/main.o
 .rodata.image_data_calibri_36_0x2d
                0x0040d3f0      0x4c5 src/main.o
 *fill*         0x0040d8b5        0x3 
 .rodata.calibri_36_0x2d
                0x0040d8b8       0x10 src/main.o
 .rodata.image_data_calibri_36_0x2e
                0x0040d8c8      0x3e7 src/main.o
 *fill*         0x0040dcaf        0x1 
 .rodata.calibri_36_0x2e
                0x0040dcb0       0x10 src/main.o
 .rodata.image_data_calibri_36_0x2f
                0x0040dcc0      0x612 src/main.o
 *fill*         0x0040e2d2        0x2 
 .rodata.calibri_36_0x2f
                0x0040e2d4       0x10 src/main.o
 .rodata.image_data_calibri_36_0x30
                0x0040e2e4      0x7ce src/main.o
 *fill*         0x0040eab2        0x2 
 .rodata.calibri_36_0x30
                0x0040eab4       0x10 src/main.o
 .rodata.image_data_calibri_36_0x31
                0x0040eac4      0x7ce src/main.o
 *fill*         0x0040f292        0x2 
 .rodata.calibri_36_0x31
                0x0040f294       0x10 src/main.o
 .rodata.image_data_calibri_36_0x32
                0x0040f2a4      0x7ce src/main.o
 *fill*         0x0040fa72        0x2 
 .rodata.calibri_36_0x32
                0x0040fa74       0x10 src/main.o
 .rodata.image_data_calibri_36_0x33
                0x0040fa84      0x7ce src/main.o
 *fill*         0x00410252        0x2 
 .rodata.calibri_36_0x33
                0x00410254       0x10 src/main.o
 .rodata.image_data_calibri_36_0x34
                0x00410264      0x7ce src/main.o
 *fill*         0x00410a32        0x2 
 .rodata.calibri_36_0x34
                0x00410a34       0x10 src/main.o
 .rodata.image_data_calibri_36_0x35
                0x00410a44      0x7ce src/main.o
 *fill*         0x00411212        0x2 
 .rodata.calibri_36_0x35
                0x00411214       0x10 src/main.o
 .rodata.image_data_calibri_36_0x36
                0x00411224      0x7ce src/main.o
 *fill*         0x004119f2        0x2 
 .rodata.calibri_36_0x36
                0x004119f4       0x10 src/main.o
 .rodata.image_data_calibri_36_0x37
                0x00411a04      0x7ce src/main.o
 *fill*         0x004121d2        0x2 
 .rodata.calibri_36_0x37
                0x004121d4       0x10 src/main.o
 .rodata.image_data_calibri_36_0x38
                0x004121e4      0x7ce src/main.o
 *fill*         0x004129b2        0x2 
 .rodata.calibri_36_0x38
                0x004129b4       0x10 src/main.o
 .rodata.image_data_calibri_36_0x39
                0x004129c4      0x7ce src/main.o
 *fill*         0x00413192        0x2 
 .rodata.calibri_36_0x39
                0x00413194       0x10 src/main.o
 .rodata.image_data_calibri_36_0x3a
                0x004131a4      0x456 src/main.o
 *fill*         0x004135fa        0x2 
 .rodata.calibri_36_0x3a
                0x004135fc       0x10 src/main.o
 .rodata.image_data_calibri_36_0x3b
                0x0041360c      0x456 src/main.o
 *fill*         0x00413a62        0x2 
 .rodata.calibri_36_0x3b
                0x00413a64       0x10 src/main.o
 .rodata.image_data_calibri_36_0x3c
                0x00413a74      0x7ce src/main.o
 *fill*         0x00414242        0x2 
 .rodata.calibri_36_0x3c
                0x00414244       0x10 src/main.o
 .rodata.image_data_calibri_36_0x3d
                0x00414254      0x7ce src/main.o
 *fill*         0x00414a22        0x2 
 .rodata.calibri_36_0x3d
                0x00414a24       0x10 src/main.o
 .rodata.image_data_calibri_36_0x3e
                0x00414a34      0x7ce src/main.o
 *fill*         0x00415202        0x2 
 .rodata.calibri_36_0x3e
                0x00415204       0x10 src/main.o
 .rodata.image_data_calibri_36_0x3f
                0x00415214      0x75f src/main.o
 *fill*         0x00415973        0x1 
 .rodata.calibri_36_0x3f
                0x00415974       0x10 src/main.o
 .rodata.image_data_calibri_36_0x40
                0x00415984      0xde0 src/main.o
 .rodata.calibri_36_0x40
                0x00416764       0x10 src/main.o
 .rodata.image_data_calibri_36_0x41
                0x00416774      0x91b src/main.o
 *fill*         0x0041708f        0x1 
 .rodata.calibri_36_0x41
                0x00417090       0x10 src/main.o
 .rodata.image_data_calibri_36_0x42
                0x004170a0      0x8ac src/main.o
 .rodata.calibri_36_0x42
                0x0041794c       0x10 src/main.o
 .rodata.image_data_calibri_36_0x43
                0x0041795c      0x83d src/main.o
 *fill*         0x00418199        0x3 
 .rodata.calibri_36_0x43
                0x0041819c       0x10 src/main.o
 .rodata.image_data_calibri_36_0x44
                0x004181ac      0x98a src/main.o
 *fill*         0x00418b36        0x2 
 .rodata.calibri_36_0x44
                0x00418b38       0x10 src/main.o
 .rodata.image_data_calibri_36_0x45
                0x00418b48      0x7ce src/main.o
 *fill*         0x00419316        0x2 
 .rodata.calibri_36_0x45
                0x00419318       0x10 src/main.o
 .rodata.image_data_calibri_36_0x46
                0x00419328      0x75f src/main.o
 *fill*         0x00419a87        0x1 
 .rodata.calibri_36_0x46
                0x00419a88       0x10 src/main.o
 .rodata.image_data_calibri_36_0x47
                0x00419a98      0x9f9 src/main.o
 *fill*         0x0041a491        0x3 
 .rodata.calibri_36_0x47
                0x0041a494       0x10 src/main.o
 .rodata.image_data_calibri_36_0x48
                0x0041a4a4      0x98a src/main.o
 *fill*         0x0041ae2e        0x2 
 .rodata.calibri_36_0x48
                0x0041ae30       0x10 src/main.o
 .rodata.image_data_calibri_36_0x49
                0x0041ae40      0x3e7 src/main.o
 *fill*         0x0041b227        0x1 
 .rodata.calibri_36_0x49
                0x0041b228       0x10 src/main.o
 .rodata.image_data_calibri_36_0x4a
                0x0041b238      0x4c5 src/main.o
 *fill*         0x0041b6fd        0x3 
 .rodata.calibri_36_0x4a
                0x0041b700       0x10 src/main.o
 .rodata.image_data_calibri_36_0x4b
                0x0041b710      0x83d src/main.o
 *fill*         0x0041bf4d        0x3 
 .rodata.calibri_36_0x4b
                0x0041bf50       0x10 src/main.o
 .rodata.image_data_calibri_36_0x4c
                0x0041bf60      0x681 src/main.o
 *fill*         0x0041c5e1        0x3 
 .rodata.calibri_36_0x4c
                0x0041c5e4       0x10 src/main.o
 .rodata.image_data_calibri_36_0x4d
                0x0041c5f4      0xd71 src/main.o
 *fill*         0x0041d365        0x3 
 .rodata.calibri_36_0x4d
                0x0041d368       0x10 src/main.o
 .rodata.image_data_calibri_36_0x4e
                0x0041d378      0x9f9 src/main.o
 *fill*         0x0041dd71        0x3 
 .rodata.calibri_36_0x4e
                0x0041dd74       0x10 src/main.o
 .rodata.image_data_calibri_36_0x4f
                0x0041dd84      0xa68 src/main.o
 .rodata.calibri_36_0x4f
                0x0041e7ec       0x10 src/main.o
 .rodata.image_data_calibri_36_0x50
                0x0041e7fc      0x83d src/main.o
 *fill*         0x0041f039        0x3 
 .rodata.calibri_36_0x50
                0x0041f03c       0x10 src/main.o
 .rodata.image_data_calibri_36_0x51
                0x0041f04c      0xad7 src/main.o
 *fill*         0x0041fb23        0x1 
 .rodata.calibri_36_0x51
                0x0041fb24       0x10 src/main.o
 .rodata.image_data_calibri_36_0x52
                0x0041fb34      0x8ac src/main.o
 .rodata.calibri_36_0x52
                0x004203e0       0x10 src/main.o
 .rodata.image_data_calibri_36_0x53
                0x004203f0      0x75f src/main.o
 *fill*         0x00420b4f        0x1 
 .rodata.calibri_36_0x53
                0x00420b50       0x10 src/main.o
 .rodata.image_data_calibri_36_0x54
                0x00420b60      0x7ce src/main.o
 *fill*         0x0042132e        0x2 
 .rodata.calibri_36_0x54
                0x00421330       0x10 src/main.o
 .rodata.image_data_calibri_36_0x55
                0x00421340      0x9f9 src/main.o
 *fill*         0x00421d39        0x3 
 .rodata.calibri_36_0x55
                0x00421d3c       0x10 src/main.o
 .rodata.image_data_calibri_36_0x56
                0x00421d4c      0x8ac src/main.o
 .rodata.calibri_36_0x56
                0x004225f8       0x10 src/main.o
 .rodata.image_data_calibri_36_0x57
                0x00422608      0xde0 src/main.o
 .rodata.calibri_36_0x57
                0x004233e8       0x10 src/main.o
 .rodata.image_data_calibri_36_0x58
                0x004233f8      0x83d src/main.o
 *fill*         0x00423c35        0x3 
 .rodata.calibri_36_0x58
                0x00423c38       0x10 src/main.o
 .rodata.image_data_calibri_36_0x59
                0x00423c48      0x7ce src/main.o
 *fill*         0x00424416        0x2 
 .rodata.calibri_36_0x59
                0x00424418       0x10 src/main.o
 .rodata.image_data_calibri_36_0x5a
                0x00424428      0x75f src/main.o
 *fill*         0x00424b87        0x1 
 .rodata.calibri_36_0x5a
                0x00424b88       0x10 src/main.o
 .rodata.image_data_calibri_36_0x5b
                0x00424b98      0x4c5 src/main.o
 *fill*         0x0042505d        0x3 
 .rodata.calibri_36_0x5b
                0x00425060       0x10 src/main.o
 .rodata.image_data_calibri_36_0x5c
                0x00425070      0x612 src/main.o
 *fill*         0x00425682        0x2 
 .rodata.calibri_36_0x5c
                0x00425684       0x10 src/main.o
 .rodata.image_data_calibri_36_0x5d
                0x00425694      0x4c5 src/main.o
 *fill*         0x00425b59        0x3 
 .rodata.calibri_36_0x5d
                0x00425b5c       0x10 src/main.o
 .rodata.image_data_calibri_36_0x5e
                0x00425b6c      0x7ce src/main.o
 *fill*         0x0042633a        0x2 
 .rodata.calibri_36_0x5e
                0x0042633c       0x10 src/main.o
 .rodata.image_data_calibri_36_0x5f
                0x0042634c      0x7ce src/main.o
 *fill*         0x00426b1a        0x2 
 .rodata.calibri_36_0x5f
                0x00426b1c       0x10 src/main.o
 .rodata.image_data_calibri_36_0x60
                0x00426b2c      0x456 src/main.o
 *fill*         0x00426f82        0x2 
 .rodata.calibri_36_0x60
                0x00426f84       0x10 src/main.o
 .rodata.image_data_calibri_36_0x61
                0x00426f94      0x75f src/main.o
 *fill*         0x004276f3        0x1 
 .rodata.calibri_36_0x61
                0x004276f4       0x10 src/main.o
 .rodata.image_data_calibri_36_0x62
                0x00427704      0x83d src/main.o
 *fill*         0x00427f41        0x3 
 .rodata.calibri_36_0x62
                0x00427f44       0x10 src/main.o
 .rodata.image_data_calibri_36_0x63
                0x00427f54      0x681 src/main.o
 *fill*         0x004285d5        0x3 
 .rodata.calibri_36_0x63
                0x004285d8       0x10 src/main.o
 .rodata.image_data_calibri_36_0x64
                0x004285e8      0x83d src/main.o
 *fill*         0x00428e25        0x3 
 .rodata.calibri_36_0x64
                0x00428e28       0x10 src/main.o
 .rodata.image_data_calibri_36_0x65
                0x00428e38      0x7ce src/main.o
 *fill*         0x00429606        0x2 
 .rodata.calibri_36_0x65
                0x00429608       0x10 src/main.o
 .rodata.image_data_calibri_36_0x66
                0x00429618      0x4c5 src/main.o
 *fill*         0x00429add        0x3 
 .rodata.calibri_36_0x66
                0x00429ae0       0x10 src/main.o
 .rodata.image_data_calibri_36_0x67
                0x00429af0      0x75f src/main.o
 *fill*         0x0042a24f        0x1 
 .rodata.calibri_36_0x67
                0x0042a250       0x10 src/main.o
 .rodata.image_data_calibri_36_0x68
                0x0042a260      0x83d src/main.o
 *fill*         0x0042aa9d        0x3 
 .rodata.calibri_36_0x68
                0x0042aaa0       0x10 src/main.o
 .rodata.image_data_calibri_36_0x69
                0x0042aab0      0x378 src/main.o
 .rodata.calibri_36_0x69
                0x0042ae28       0x10 src/main.o
 .rodata.image_data_calibri_36_0x6a
                0x0042ae38      0x3e7 src/main.o
 *fill*         0x0042b21f        0x1 
 .rodata.calibri_36_0x6a
                0x0042b220       0x10 src/main.o
 .rodata.image_data_calibri_36_0x6b
                0x0042b230      0x6f0 src/main.o
 .rodata.calibri_36_0x6b
                0x0042b920       0x10 src/main.o
 .rodata.image_data_calibri_36_0x6c
                0x0042b930      0x378 src/main.o
 .rodata.calibri_36_0x6c
                0x0042bca8       0x10 src/main.o
 .rodata.image_data_calibri_36_0x6d
                0x0042bcb8      0xc93 src/main.o
 *fill*         0x0042c94b        0x1 
 .rodata.calibri_36_0x6d
                0x0042c94c       0x10 src/main.o
 .rodata.image_data_calibri_36_0x6e
                0x0042c95c      0x83d src/main.o
 *fill*         0x0042d199        0x3 
 .rodata.calibri_36_0x6e
                0x0042d19c       0x10 src/main.o
 .rodata.image_data_calibri_36_0x6f
                0x0042d1ac      0x83d src/main.o
 *fill*         0x0042d9e9        0x3 
 .rodata.calibri_36_0x6f
                0x0042d9ec       0x10 src/main.o
 .rodata.image_data_calibri_36_0x70
                0x0042d9fc      0x83d src/main.o
 *fill*         0x0042e239        0x3 
 .rodata.calibri_36_0x70
                0x0042e23c       0x10 src/main.o
 .rodata.image_data_calibri_36_0x71
                0x0042e24c      0x83d src/main.o
 *fill*         0x0042ea89        0x3 
 .rodata.calibri_36_0x71
                0x0042ea8c       0x10 src/main.o
 .rodata.image_data_calibri_36_0x72
                0x0042ea9c      0x5a3 src/main.o
 *fill*         0x0042f03f        0x1 
 .rodata.calibri_36_0x72
                0x0042f040       0x10 src/main.o
 .rodata.image_data_calibri_36_0x73
                0x0042f050      0x612 src/main.o
 *fill*         0x0042f662        0x2 
 .rodata.calibri_36_0x73
                0x0042f664       0x10 src/main.o
 .rodata.image_data_calibri_36_0x74
                0x0042f674      0x534 src/main.o
 .rodata.calibri_36_0x74
                0x0042fba8       0x10 src/main.o
 .rodata.image_data_calibri_36_0x75
                0x0042fbb8      0x83d src/main.o
 *fill*         0x004303f5        0x3 
 .rodata.calibri_36_0x75
                0x004303f8       0x10 src/main.o
 .rodata.image_data_calibri_36_0x76
                0x00430408      0x6f0 src/main.o
 .rodata.calibri_36_0x76
                0x00430af8       0x10 src/main.o
 .rodata.image_data_calibri_36_0x77
                0x00430b08      0xb46 src/main.o
 *fill*         0x0043164e        0x2 
 .rodata.calibri_36_0x77
                0x00431650       0x10 src/main.o
 .rodata.image_data_calibri_36_0x78
                0x00431660      0x6f0 src/main.o
 .rodata.calibri_36_0x78
                0x00431d50       0x10 src/main.o
 .rodata.image_data_calibri_36_0x79
                0x00431d60      0x6f0 src/main.o
 .rodata.calibri_36_0x79
                0x00432450       0x10 src/main.o
 .rodata.image_data_calibri_36_0x7a
                0x00432460      0x612 src/main.o
 *fill*         0x00432a72        0x2 
 .rodata.calibri_36_0x7a
                0x00432a74       0x10 src/main.o
 .rodata.image_data_calibri_36_0x7b
                0x00432a84      0x4c5 src/main.o
 *fill*         0x00432f49        0x3 
 .rodata.calibri_36_0x7b
                0x00432f4c       0x10 src/main.o
 .rodata.image_data_calibri_36_0x7c
                0x00432f5c      0x75f src/main.o
 *fill*         0x004336bb        0x1 
 .rodata.calibri_36_0x7c
                0x004336bc       0x10 src/main.o
 .rodata.image_data_calibri_36_0x7d
                0x004336cc      0x4c5 src/main.o
 *fill*         0x00433b91        0x3 
 .rodata.calibri_36_0x7d
                0x00433b94       0x10 src/main.o
 .rodata.image_data_calibri_36_0x7e
                0x00433ba4      0x7ce src/main.o
 *fill*         0x00434372        0x2 
 .rodata.calibri_36_0x7e
                0x00434374       0x10 src/main.o
 .rodata.calibri_36_array
                0x00434384      0x2f8 src/main.o
 .rodata.calibri_36
                0x0043467c        0xc src/main.o
                0x0043467c                calibri_36
 .rodata        0x00434688        0x3 src/main.o
 *fill*         0x0043468b        0x1 
 .rodata._global_impure_ptr
                0x0043468c        0x4 c:/program files (x86)/atmel/studio/7.0/toolchain/arm/arm-gnu-toolchain/bin/../lib/gcc/arm-none-eabi/6.3.1/../../../../arm-none-eabi/lib/thumb/v7e-m\libc.a(lib_a-impure.o)
                0x0043468c                _global_impure_ptr
 .rodata._svfprintf_r.str1.4
                0x00434690       0x42 c:/program files (x86)/atmel/studio/7.0/toolchain/arm/arm-gnu-toolchain/bin/../lib/gcc/arm-none-eabi/6.3.1/../../../../arm-none-eabi/lib/thumb/v7e-m\libc.a(lib_a-svfprintf.o)
 *fill*         0x004346d2        0x2 
 .rodata.blanks.7223
                0x004346d4       0x10 c:/program files (x86)/atmel/studio/7.0/toolchain/arm/arm-gnu-toolchain/bin/../lib/gcc/arm-none-eabi/6.3.1/../../../../arm-none-eabi/lib/thumb/v7e-m\libc.a(lib_a-svfprintf.o)
 .rodata.zeroes.7224
                0x004346e4       0x10 c:/program files (x86)/atmel/studio/7.0/toolchain/arm/arm-gnu-toolchain/bin/../lib/gcc/arm-none-eabi/6.3.1/../../../../arm-none-eabi/lib/thumb/v7e-m\libc.a(lib_a-svfprintf.o)
 .rodata._dtoa_r.str1.4
                0x004346f4       0x10 c:/program files (x86)/atmel/studio/7.0/toolchain/arm/arm-gnu-toolchain/bin/../lib/gcc/arm-none-eabi/6.3.1/../../../../arm-none-eabi/lib/thumb/v7e-m\libc.a(lib_a-dtoa.o)
                                 0x12 (size before relaxing)
 *fill*         0x00434704        0x4 
 .rodata.__mprec_bigtens
                0x00434708       0x28 c:/program files (x86)/atmel/studio/7.0/toolchain/arm/arm-gnu-toolchain/bin/../lib/gcc/arm-none-eabi/6.3.1/../../../../arm-none-eabi/lib/thumb/v7e-m\libc.a(lib_a-mprec.o)
                0x00434708                __mprec_bigtens
 .rodata.__mprec_tens
                0x00434730       0xc8 c:/program files (x86)/atmel/studio/7.0/toolchain/arm/arm-gnu-toolchain/bin/../lib/gcc/arm-none-eabi/6.3.1/../../../../arm-none-eabi/lib/thumb/v7e-m\libc.a(lib_a-mprec.o)
                0x00434730                __mprec_tens
 .rodata.p05.6055
                0x004347f8        0xc c:/program files (x86)/atmel/studio/7.0/toolchain/arm/arm-gnu-toolchain/bin/../lib/gcc/arm-none-eabi/6.3.1/../../../../arm-none-eabi/lib/thumb/v7e-m\libc.a(lib_a-mprec.o)
 .rodata._setlocale_r.str1.4
                0x00434804        0xa c:/program files (x86)/atmel/studio/7.0/toolchain/arm/arm-gnu-toolchain/bin/../lib/gcc/arm-none-eabi/6.3.1/../../../../arm-none-eabi/lib/thumb/v7e-m\libc.a(lib_a-locale.o)
                                  0xd (size before relaxing)
 *fill*         0x0043480e        0x2 
 .rodata.str1.4
                0x00434810        0x4 c:/program files (x86)/atmel/studio/7.0/toolchain/arm/arm-gnu-toolchain/bin/../lib/gcc/arm-none-eabi/6.3.1/../../../../arm-none-eabi/lib/thumb/v7e-m\libc.a(lib_a-locale.o)
                                  0x2 (size before relaxing)
 .rodata._ctype_
                0x00434814      0x101 c:/program files (x86)/atmel/studio/7.0/toolchain/arm/arm-gnu-toolchain/bin/../lib/gcc/arm-none-eabi/6.3.1/../../../../arm-none-eabi/lib/thumb/v7e-m\libc.a(lib_a-ctype_.o)
                0x00434814                _ctype_
 *(.ARM.extab* .gnu.linkonce.armextab.*)
                0x00434918                . = ALIGN (0x4)
 *fill*         0x00434915        0x3 
 *(.init)
 .init          0x00434918        0x4 c:/program files (x86)/atmel/studio/7.0/toolchain/arm/arm-gnu-toolchain/bin/../lib/gcc/arm-none-eabi/6.3.1/thumb/v7e-m/crti.o
                0x00434918                _init
 .init          0x0043491c        0x8 c:/program files (x86)/atmel/studio/7.0/toolchain/arm/arm-gnu-toolchain/bin/../lib/gcc/arm-none-eabi/6.3.1/thumb/v7e-m/crtn.o
                0x00434924                . = ALIGN (0x4)
                0x00434924                __preinit_array_start = .
 *(.preinit_array)
                0x00434924                __preinit_array_end = .
                0x00434924                . = ALIGN (0x4)
                0x00434924                __init_array_start = .
 *(SORT(.init_array.*))
 .init_array.00000
                0x00434924        0x4 c:/program files (x86)/atmel/studio/7.0/toolchain/arm/arm-gnu-toolchain/bin/../lib/gcc/arm-none-eabi/6.3.1/../../../../arm-none-eabi/lib/thumb/v7e-m\libc.a(lib_a-__call_atexit.o)
 *(.init_array)
 .init_array    0x00434928        0x4 c:/program files (x86)/atmel/studio/7.0/toolchain/arm/arm-gnu-toolchain/bin/../lib/gcc/arm-none-eabi/6.3.1/thumb/v7e-m/crtbegin.o
                0x0043492c                __init_array_end = .
                0x0043492c                . = ALIGN (0x4)
 *crtbegin.o(.ctors)
 *(EXCLUDE_FILE(*crtend.o) .ctors)
 *(SORT(.ctors.*))
 *crtend.o(.ctors)
                0x0043492c                . = ALIGN (0x4)
 *(.fini)
 .fini          0x0043492c        0x4 c:/program files (x86)/atmel/studio/7.0/toolchain/arm/arm-gnu-toolchain/bin/../lib/gcc/arm-none-eabi/6.3.1/thumb/v7e-m/crti.o
                0x0043492c                _fini
 .fini          0x00434930        0x8 c:/program files (x86)/atmel/studio/7.0/toolchain/arm/arm-gnu-toolchain/bin/../lib/gcc/arm-none-eabi/6.3.1/thumb/v7e-m/crtn.o
                0x00434938                . = ALIGN (0x4)
                0x00434938                __fini_array_start = .
 *(.fini_array)
 .fini_array    0x00434938        0x4 c:/program files (x86)/atmel/studio/7.0/toolchain/arm/arm-gnu-toolchain/bin/../lib/gcc/arm-none-eabi/6.3.1/thumb/v7e-m/crtbegin.o
 *(SORT(.fini_array.*))
                0x0043493c                __fini_array_end = .
 *crtbegin.o(.dtors)
 *(EXCLUDE_FILE(*crtend.o) .dtors)
 *(SORT(.dtors.*))
 *crtend.o(.dtors)
                0x0043493c                . = ALIGN (0x4)
                0x0043493c                _efixed = .
                [!provide]                PROVIDE (__exidx_start, .)

.vfp11_veneer   0x0043493c        0x0
 .vfp11_veneer  0x0043493c        0x0 linker stubs

.v4_bx          0x0043493c        0x0
 .v4_bx         0x0043493c        0x0 linker stubs

.iplt           0x0043493c        0x0
 .iplt          0x0043493c        0x0 c:/program files (x86)/atmel/studio/7.0/toolchain/arm/arm-gnu-toolchain/bin/../lib/gcc/arm-none-eabi/6.3.1/thumb/v7e-m/crtbegin.o

.ARM.exidx      0x0043493c        0x8
 *(.ARM.exidx* .gnu.linkonce.armexidx.*)
 .ARM.exidx     0x0043493c        0x8 c:/program files (x86)/atmel/studio/7.0/toolchain/arm/arm-gnu-toolchain/bin/../lib/gcc/arm-none-eabi/6.3.1/thumb/v7e-m\libgcc.a(_udivmoddi4.o)
                [!provide]                PROVIDE (__exidx_end, .)

.eh_frame       0x00434944        0x0
 .eh_frame      0x00434944        0x0 c:/program files (x86)/atmel/studio/7.0/toolchain/arm/arm-gnu-toolchain/bin/../lib/gcc/arm-none-eabi/6.3.1/thumb/v7e-m/crtbegin.o

.rel.dyn        0x00434944        0x0
 .rel.iplt      0x00434944        0x0 c:/program files (x86)/atmel/studio/7.0/toolchain/arm/arm-gnu-toolchain/bin/../lib/gcc/arm-none-eabi/6.3.1/thumb/v7e-m/crtbegin.o

.jcr            0x00434944        0x0
 .jcr           0x00434944        0x0 c:/program files (x86)/atmel/studio/7.0/toolchain/arm/arm-gnu-toolchain/bin/../lib/gcc/arm-none-eabi/6.3.1/thumb/v7e-m/crtbegin.o

.igot.plt       0x00434944        0x0
 .igot.plt      0x00434944        0x0 c:/program files (x86)/atmel/studio/7.0/toolchain/arm/arm-gnu-toolchain/bin/../lib/gcc/arm-none-eabi/6.3.1/thumb/v7e-m/crtbegin.o
                0x00434944                . = ALIGN (0x4)
                0x00434944                _etext = .

.relocate       0x20400000      0x9b8 load address 0x00434944
                0x20400000                . = ALIGN (0x4)
                0x20400000                _srelocate = .
 *(.ramfunc .ramfunc.*)
 *(.data .data.*)
 .data.g_interrupt_enabled
                0x20400000        0x1 src/ASF/common/utils/interrupt/interrupt_sam_nvic.o
                0x20400000                g_interrupt_enabled
 *fill*         0x20400001        0x3 
 .data.ul_flash_in_wait_mode
                0x20400004        0x4 src/ASF/sam/drivers/pmc/pmc.o
 .data.SystemCoreClock
                0x20400008        0x4 src/ASF/sam/utils/cmsis/same70/source/templates/system_same70.o
                0x20400008                SystemCoreClock
 .data._impure_ptr
                0x2040000c        0x4 c:/program files (x86)/atmel/studio/7.0/toolchain/arm/arm-gnu-toolchain/bin/../lib/gcc/arm-none-eabi/6.3.1/../../../../arm-none-eabi/lib/thumb/v7e-m\libc.a(lib_a-impure.o)
                0x2040000c                _impure_ptr
 .data.impure_data
                0x20400010      0x428 c:/program files (x86)/atmel/studio/7.0/toolchain/arm/arm-gnu-toolchain/bin/../lib/gcc/arm-none-eabi/6.3.1/../../../../arm-none-eabi/lib/thumb/v7e-m\libc.a(lib_a-impure.o)
 .data.__atexit_recursive_mutex
                0x20400438        0x4 c:/program files (x86)/atmel/studio/7.0/toolchain/arm/arm-gnu-toolchain/bin/../lib/gcc/arm-none-eabi/6.3.1/../../../../arm-none-eabi/lib/thumb/v7e-m\libc.a(lib_a-__call_atexit.o)
                0x20400438                __atexit_recursive_mutex
 .data.__malloc_av_
                0x2040043c      0x408 c:/program files (x86)/atmel/studio/7.0/toolchain/arm/arm-gnu-toolchain/bin/../lib/gcc/arm-none-eabi/6.3.1/../../../../arm-none-eabi/lib/thumb/v7e-m\libc.a(lib_a-mallocr.o)
                0x2040043c                __malloc_av_
 .data.__malloc_sbrk_base
                0x20400844        0x4 c:/program files (x86)/atmel/studio/7.0/toolchain/arm/arm-gnu-toolchain/bin/../lib/gcc/arm-none-eabi/6.3.1/../../../../arm-none-eabi/lib/thumb/v7e-m\libc.a(lib_a-mallocr.o)
                0x20400844                __malloc_sbrk_base
 .data.__malloc_trim_threshold
                0x20400848        0x4 c:/program files (x86)/atmel/studio/7.0/toolchain/arm/arm-gnu-toolchain/bin/../lib/gcc/arm-none-eabi/6.3.1/../../../../arm-none-eabi/lib/thumb/v7e-m\libc.a(lib_a-mallocr.o)
                0x20400848                __malloc_trim_threshold
 .data.__global_locale
                0x2040084c      0x16c c:/program files (x86)/atmel/studio/7.0/toolchain/arm/arm-gnu-toolchain/bin/../lib/gcc/arm-none-eabi/6.3.1/../../../../arm-none-eabi/lib/thumb/v7e-m\libc.a(lib_a-locale.o)
                0x2040084c                __global_locale
                0x204009b8                . = ALIGN (0x4)
                0x204009b8                _erelocate = .

.bss            0x204009b8      0x4e4 load address 0x004352fc
                0x204009b8                . = ALIGN (0x4)
                0x204009b8                _sbss = .
                0x204009b8                _szero = .
 *(.bss .bss.*)
 .bss           0x204009b8       0x1c c:/program files (x86)/atmel/studio/7.0/toolchain/arm/arm-gnu-toolchain/bin/../lib/gcc/arm-none-eabi/6.3.1/thumb/v7e-m/crtbegin.o
 .bss.g_wobits_in_rtt_mr
                0x204009d4        0x4 src/ASF/sam/drivers/rtt/rtt.o
 .bss.pulse     0x204009d8        0x4 src/main.o
                0x204009d8                pulse
 .bss.speed     0x204009dc        0x4 src/main.o
                0x204009dc                speed
 .bss.f_rtt_alarme
                0x204009e0        0x1 src/main.o
                0x204009e0                f_rtt_alarme
 *fill*         0x204009e1        0x3 
 .bss.g_ul_pixel_cache
                0x204009e4      0x3c0 src/ASF/sam/components/display/ili9488/ili9488.o
 .bss.gs_interrupt_sources
                0x20400da4       0x70 src/ASF/sam/drivers/pio/pio_handler.o
 .bss.gs_ul_nb_sources
                0x20400e14        0x4 src/ASF/sam/drivers/pio/pio_handler.o
 .bss.b_is_sleep_clock_used
                0x20400e18        0x1 src/ASF/sam/drivers/pmc/sleep.o
 *fill*         0x20400e19        0x3 
 .bss.callback_clocks_restored
                0x20400e1c        0x4 src/ASF/sam/drivers/pmc/sleep.o
 .bss.heap.6420
                0x20400e20        0x4 src/ASF/sam/utils/syscalls/gcc/syscalls.o
 .bss.__malloc_current_mallinfo
                0x20400e24       0x28 c:/program files (x86)/atmel/studio/7.0/toolchain/arm/arm-gnu-toolchain/bin/../lib/gcc/arm-none-eabi/6.3.1/../../../../arm-none-eabi/lib/thumb/v7e-m\libc.a(lib_a-mallocr.o)
                0x20400e24                __malloc_current_mallinfo
 .bss.__malloc_max_sbrked_mem
                0x20400e4c        0x4 c:/program files (x86)/atmel/studio/7.0/toolchain/arm/arm-gnu-toolchain/bin/../lib/gcc/arm-none-eabi/6.3.1/../../../../arm-none-eabi/lib/thumb/v7e-m\libc.a(lib_a-mallocr.o)
                0x20400e4c                __malloc_max_sbrked_mem
 .bss.__malloc_max_total_mem
                0x20400e50        0x4 c:/program files (x86)/atmel/studio/7.0/toolchain/arm/arm-gnu-toolchain/bin/../lib/gcc/arm-none-eabi/6.3.1/../../../../arm-none-eabi/lib/thumb/v7e-m\libc.a(lib_a-mallocr.o)
                0x20400e50                __malloc_max_total_mem
 .bss.__malloc_top_pad
                0x20400e54        0x4 c:/program files (x86)/atmel/studio/7.0/toolchain/arm/arm-gnu-toolchain/bin/../lib/gcc/arm-none-eabi/6.3.1/../../../../arm-none-eabi/lib/thumb/v7e-m\libc.a(lib_a-mallocr.o)
                0x20400e54                __malloc_top_pad
 *(COMMON)
 COMMON         0x20400e58       0x1c src/main.o
                0x20400e58                flag_speed
                0x20400e5c                flag_draw
                0x20400e60                g_ili9488_display_opt
                0x20400e70                flag_button
 COMMON         0x20400e74       0x21 c:/program files (x86)/atmel/studio/7.0/toolchain/arm/arm-gnu-toolchain/bin/../lib/gcc/arm-none-eabi/6.3.1/../../../../arm-none-eabi/lib/thumb/v7e-m\libc.a(lib_a-lock.o)
                0x20400e74                __lock___atexit_recursive_mutex
                0x20400e78                __lock___arc4random_mutex
                0x20400e7c                __lock___env_recursive_mutex
                0x20400e80                __lock___sinit_recursive_mutex
                0x20400e84                __lock___malloc_recursive_mutex
                0x20400e88                __lock___at_quick_exit_mutex
                0x20400e8c                __lock___dd_hash_mutex
                0x20400e90                __lock___tz_mutex
                0x20400e94                __lock___sfp_recursive_mutex
 *fill*         0x20400e95        0x3 
 COMMON         0x20400e98        0x4 c:/program files (x86)/atmel/studio/7.0/toolchain/arm/arm-gnu-toolchain/bin/../lib/gcc/arm-none-eabi/6.3.1/../../../../arm-none-eabi/lib/thumb/v7e-m\libc.a(lib_a-reent.o)
                0x20400e98                errno
                0x20400e9c                . = ALIGN (0x4)
                0x20400e9c                _ebss = .
                0x20400e9c                _ezero = .

.stack          0x20400e9c     0x2004 load address 0x004357e0
                0x20400ea0                . = ALIGN (0x8)
 *fill*         0x20400e9c        0x4 
                0x20400ea0                _sstack = .
                0x20402ea0                . = (. + STACK_SIZE)
 *fill*         0x20400ea0     0x2000 
                0x20402ea0                . = ALIGN (0x8)
                0x20402ea0                _estack = .

.heap           0x20402ea0      0x200 load address 0x004377e4
                0x20402ea0                . = ALIGN (0x8)
                0x20402ea0                _sheap = .
                0x204030a0                . = (. + HEAP_SIZE)
 *fill*         0x20402ea0      0x200 
                0x204030a0                . = ALIGN (0x8)
                0x204030a0                _eheap = .
                0x204030a0                . = ALIGN (0x4)
                0x204030a0                _end = .
                0x2045ffff                _ram_end_ = ((ORIGIN (ram) + LENGTH (ram)) - 0x1)
OUTPUT(SAME70_FONTS.elf elf32-littlearm)

.ARM.attributes
                0x00000000       0x2e
 .ARM.attributes
                0x00000000       0x1e c:/program files (x86)/atmel/studio/7.0/toolchain/arm/arm-gnu-toolchain/bin/../lib/gcc/arm-none-eabi/6.3.1/thumb/v7e-m/crti.o
 .ARM.attributes
                0x0000001e       0x2e c:/program files (x86)/atmel/studio/7.0/toolchain/arm/arm-gnu-toolchain/bin/../lib/gcc/arm-none-eabi/6.3.1/thumb/v7e-m/crtbegin.o
 .ARM.attributes
                0x0000004c       0x37 src/ASF/sam/drivers/rtt/rtt.o
 .ARM.attributes
                0x00000083       0x37 src/main.o
 .ARM.attributes
                0x000000ba       0x37 src/ASF/common/services/spi/sam_spi/spi_master.o
 .ARM.attributes
                0x000000f1       0x37 src/ASF/sam/components/display/ili9488/ili9488.o
 .ARM.attributes
                0x00000128       0x37 src/ASF/sam/drivers/spi/spi.o
 .ARM.attributes
                0x0000015f       0x37 src/ASF/common/services/clock/same70/sysclk.o
 .ARM.attributes
                0x00000196       0x37 src/ASF/common/utils/interrupt/interrupt_sam_nvic.o
 .ARM.attributes
                0x000001cd       0x37 src/ASF/sam/boards/same70_xplained/init.o
 .ARM.attributes
                0x00000204       0x37 src/ASF/sam/drivers/pio/pio.o
 .ARM.attributes
                0x0000023b       0x37 src/ASF/sam/drivers/pio/pio_handler.o
 .ARM.attributes
                0x00000272       0x37 src/ASF/sam/drivers/pmc/pmc.o
 .ARM.attributes
                0x000002a9       0x37 src/ASF/sam/drivers/pmc/sleep.o
 .ARM.attributes
                0x000002e0       0x37 src/ASF/sam/utils/cmsis/same70/source/templates/gcc/startup_same70.o
 .ARM.attributes
                0x00000317       0x37 src/ASF/sam/utils/cmsis/same70/source/templates/system_same70.o
 .ARM.attributes
                0x0000034e       0x37 src/ASF/sam/utils/syscalls/gcc/syscalls.o
 .ARM.attributes
                0x00000385       0x1e c:/program files (x86)/atmel/studio/7.0/toolchain/arm/arm-gnu-toolchain/bin/../lib/gcc/arm-none-eabi/6.3.1/thumb/v7e-m\libgcc.a(_arm_addsubdf3.o)
 .ARM.attributes
                0x000003a3       0x1e c:/program files (x86)/atmel/studio/7.0/toolchain/arm/arm-gnu-toolchain/bin/../lib/gcc/arm-none-eabi/6.3.1/thumb/v7e-m\libgcc.a(_arm_muldivdf3.o)
 .ARM.attributes
                0x000003c1       0x1e c:/program files (x86)/atmel/studio/7.0/toolchain/arm/arm-gnu-toolchain/bin/../lib/gcc/arm-none-eabi/6.3.1/thumb/v7e-m\libgcc.a(_arm_fixdfsi.o)
 .ARM.attributes
                0x000003df       0x2e c:/program files (x86)/atmel/studio/7.0/toolchain/arm/arm-gnu-toolchain/bin/../lib/gcc/arm-none-eabi/6.3.1/../../../../arm-none-eabi/lib/thumb/v7e-m\libc.a(lib_a-impure.o)
 .ARM.attributes
                0x0000040d       0x2e c:/program files (x86)/atmel/studio/7.0/toolchain/arm/arm-gnu-toolchain/bin/../lib/gcc/arm-none-eabi/6.3.1/../../../../arm-none-eabi/lib/thumb/v7e-m\libc.a(lib_a-init.o)
 .ARM.attributes
                0x0000043b       0x2e c:/program files (x86)/atmel/studio/7.0/toolchain/arm/arm-gnu-toolchain/bin/../lib/gcc/arm-none-eabi/6.3.1/../../../../arm-none-eabi/lib/thumb/v7e-m\libc.a(lib_a-memset.o)
 .ARM.attributes
                0x00000469       0x2e c:/program files (x86)/atmel/studio/7.0/toolchain/arm/arm-gnu-toolchain/bin/../lib/gcc/arm-none-eabi/6.3.1/../../../../arm-none-eabi/lib/thumb/v7e-m\libc.a(lib_a-sprintf.o)
 .ARM.attributes
                0x00000497       0x2e c:/program files (x86)/atmel/studio/7.0/toolchain/arm/arm-gnu-toolchain/bin/../lib/gcc/arm-none-eabi/6.3.1/../../../../arm-none-eabi/lib/thumb/v7e-m\libc.a(lib_a-svfprintf.o)
 .ARM.attributes
                0x000004c5       0x2e c:/program files (x86)/atmel/studio/7.0/toolchain/arm/arm-gnu-toolchain/bin/../lib/gcc/arm-none-eabi/6.3.1/../../../../arm-none-eabi/lib/thumb/v7e-m\libc.a(lib_a-__call_atexit.o)
 .ARM.attributes
                0x000004f3       0x2e c:/program files (x86)/atmel/studio/7.0/toolchain/arm/arm-gnu-toolchain/bin/../lib/gcc/arm-none-eabi/6.3.1/../../../../arm-none-eabi/lib/thumb/v7e-m\libc.a(lib_a-atexit.o)
 .ARM.attributes
                0x00000521       0x2e c:/program files (x86)/atmel/studio/7.0/toolchain/arm/arm-gnu-toolchain/bin/../lib/gcc/arm-none-eabi/6.3.1/../../../../arm-none-eabi/lib/thumb/v7e-m\libc.a(lib_a-dtoa.o)
 .ARM.attributes
                0x0000054f       0x2e c:/program files (x86)/atmel/studio/7.0/toolchain/arm/arm-gnu-toolchain/bin/../lib/gcc/arm-none-eabi/6.3.1/../../../../arm-none-eabi/lib/thumb/v7e-m\libc.a(lib_a-fini.o)
 .ARM.attributes
                0x0000057d       0x2e c:/program files (x86)/atmel/studio/7.0/toolchain/arm/arm-gnu-toolchain/bin/../lib/gcc/arm-none-eabi/6.3.1/../../../../arm-none-eabi/lib/thumb/v7e-m\libc.a(lib_a-localeconv.o)
 .ARM.attributes
                0x000005ab       0x2e c:/program files (x86)/atmel/studio/7.0/toolchain/arm/arm-gnu-toolchain/bin/../lib/gcc/arm-none-eabi/6.3.1/../../../../arm-none-eabi/lib/thumb/v7e-m\libc.a(lib_a-lock.o)
 .ARM.attributes
                0x000005d9       0x2e c:/program files (x86)/atmel/studio/7.0/toolchain/arm/arm-gnu-toolchain/bin/../lib/gcc/arm-none-eabi/6.3.1/../../../../arm-none-eabi/lib/thumb/v7e-m\libc.a(lib_a-mallocr.o)
 .ARM.attributes
                0x00000607       0x1c c:/program files (x86)/atmel/studio/7.0/toolchain/arm/arm-gnu-toolchain/bin/../lib/gcc/arm-none-eabi/6.3.1/../../../../arm-none-eabi/lib/thumb/v7e-m\libc.a(lib_a-memchr.o)
 .ARM.attributes
                0x00000623       0x1c c:/program files (x86)/atmel/studio/7.0/toolchain/arm/arm-gnu-toolchain/bin/../lib/gcc/arm-none-eabi/6.3.1/../../../../arm-none-eabi/lib/thumb/v7e-m\libc.a(lib_a-memcpy.o)
 .ARM.attributes
                0x0000063f       0x2e c:/program files (x86)/atmel/studio/7.0/toolchain/arm/arm-gnu-toolchain/bin/../lib/gcc/arm-none-eabi/6.3.1/../../../../arm-none-eabi/lib/thumb/v7e-m\libc.a(lib_a-mlock.o)
 .ARM.attributes
                0x0000066d       0x2e c:/program files (x86)/atmel/studio/7.0/toolchain/arm/arm-gnu-toolchain/bin/../lib/gcc/arm-none-eabi/6.3.1/../../../../arm-none-eabi/lib/thumb/v7e-m\libc.a(lib_a-mprec.o)
 .ARM.attributes
                0x0000069b       0x2e c:/program files (x86)/atmel/studio/7.0/toolchain/arm/arm-gnu-toolchain/bin/../lib/gcc/arm-none-eabi/6.3.1/../../../../arm-none-eabi/lib/thumb/v7e-m\libc.a(lib_a-sbrkr.o)
 .ARM.attributes
                0x000006c9       0x1c c:/program files (x86)/atmel/studio/7.0/toolchain/arm/arm-gnu-toolchain/bin/../lib/gcc/arm-none-eabi/6.3.1/../../../../arm-none-eabi/lib/thumb/v7e-m\libc.a(lib_a-strlen.o)
 .ARM.attributes
                0x000006e5       0x2e c:/program files (x86)/atmel/studio/7.0/toolchain/arm/arm-gnu-toolchain/bin/../lib/gcc/arm-none-eabi/6.3.1/../../../../arm-none-eabi/lib/thumb/v7e-m\libc.a(lib_a-svfiprintf.o)
 .ARM.attributes
                0x00000713       0x2e c:/program files (x86)/atmel/studio/7.0/toolchain/arm/arm-gnu-toolchain/bin/../lib/gcc/arm-none-eabi/6.3.1/../../../../arm-none-eabi/lib/thumb/v7e-m\libc.a(lib_a-__atexit.o)
 .ARM.attributes
                0x00000741       0x2e c:/program files (x86)/atmel/studio/7.0/toolchain/arm/arm-gnu-toolchain/bin/../lib/gcc/arm-none-eabi/6.3.1/../../../../arm-none-eabi/lib/thumb/v7e-m\libc.a(lib_a-callocr.o)
 .ARM.attributes
                0x0000076f       0x2e c:/program files (x86)/atmel/studio/7.0/toolchain/arm/arm-gnu-toolchain/bin/../lib/gcc/arm-none-eabi/6.3.1/../../../../arm-none-eabi/lib/thumb/v7e-m\libc.a(lib_a-freer.o)
 .ARM.attributes
                0x0000079d       0x2e c:/program files (x86)/atmel/studio/7.0/toolchain/arm/arm-gnu-toolchain/bin/../lib/gcc/arm-none-eabi/6.3.1/../../../../arm-none-eabi/lib/thumb/v7e-m\libc.a(lib_a-locale.o)
 .ARM.attributes
                0x000007cb       0x2e c:/program files (x86)/atmel/studio/7.0/toolchain/arm/arm-gnu-toolchain/bin/../lib/gcc/arm-none-eabi/6.3.1/../../../../arm-none-eabi/lib/thumb/v7e-m\libc.a(lib_a-mbtowc_r.o)
 .ARM.attributes
                0x000007f9       0x2e c:/program files (x86)/atmel/studio/7.0/toolchain/arm/arm-gnu-toolchain/bin/../lib/gcc/arm-none-eabi/6.3.1/../../../../arm-none-eabi/lib/thumb/v7e-m\libc.a(lib_a-memmove.o)
 .ARM.attributes
                0x00000827       0x2e c:/program files (x86)/atmel/studio/7.0/toolchain/arm/arm-gnu-toolchain/bin/../lib/gcc/arm-none-eabi/6.3.1/../../../../arm-none-eabi/lib/thumb/v7e-m\libc.a(lib_a-reallocr.o)
 .ARM.attributes
                0x00000855       0x2e c:/program files (x86)/atmel/studio/7.0/toolchain/arm/arm-gnu-toolchain/bin/../lib/gcc/arm-none-eabi/6.3.1/../../../../arm-none-eabi/lib/thumb/v7e-m\libc.a(lib_a-reent.o)
 .ARM.attributes
                0x00000883       0x2e c:/program files (x86)/atmel/studio/7.0/toolchain/arm/arm-gnu-toolchain/bin/../lib/gcc/arm-none-eabi/6.3.1/../../../../arm-none-eabi/lib/thumb/v7e-m\libc.a(lib_a-wctomb_r.o)
 .ARM.attributes
                0x000008b1       0x2e c:/program files (x86)/atmel/studio/7.0/toolchain/arm/arm-gnu-toolchain/bin/../lib/gcc/arm-none-eabi/6.3.1/../../../../arm-none-eabi/lib/thumb/v7e-m\libc.a(lib_a-ctype_.o)
 .ARM.attributes
                0x000008df       0x1e c:/program files (x86)/atmel/studio/7.0/toolchain/arm/arm-gnu-toolchain/bin/../lib/gcc/arm-none-eabi/6.3.1/thumb/v7e-m\libgcc.a(_arm_cmpdf2.o)
 .ARM.attributes
                0x000008fd       0x1e c:/program files (x86)/atmel/studio/7.0/toolchain/arm/arm-gnu-toolchain/bin/../lib/gcc/arm-none-eabi/6.3.1/thumb/v7e-m\libgcc.a(_arm_unorddf2.o)
 .ARM.attributes
                0x0000091b       0x1e c:/program files (x86)/atmel/studio/7.0/toolchain/arm/arm-gnu-toolchain/bin/../lib/gcc/arm-none-eabi/6.3.1/thumb/v7e-m\libgcc.a(_aeabi_uldivmod.o)
 .ARM.attributes
                0x00000939       0x2e c:/program files (x86)/atmel/studio/7.0/toolchain/arm/arm-gnu-toolchain/bin/../lib/gcc/arm-none-eabi/6.3.1/thumb/v7e-m\libgcc.a(_udivmoddi4.o)
 .ARM.attributes
                0x00000967       0x1e c:/program files (x86)/atmel/studio/7.0/toolchain/arm/arm-gnu-toolchain/bin/../lib/gcc/arm-none-eabi/6.3.1/thumb/v7e-m\libgcc.a(_dvmd_tls.o)
 .ARM.attributes
                0x00000985       0x1e c:/program files (x86)/atmel/studio/7.0/toolchain/arm/arm-gnu-toolchain/bin/../lib/gcc/arm-none-eabi/6.3.1/thumb/v7e-m/crtn.o

.comment        0x00000000       0x59
 .comment       0x00000000       0x59 src/ASF/sam/drivers/rtt/rtt.o
                                 0x5a (size before relaxing)
 .comment       0x00000059       0x5a src/main.o
 .comment       0x00000059       0x5a src/ASF/common/services/spi/sam_spi/spi_master.o
 .comment       0x00000059       0x5a src/ASF/sam/components/display/ili9488/ili9488.o
 .comment       0x00000059       0x5a src/ASF/sam/drivers/spi/spi.o
 .comment       0x00000059       0x5a src/ASF/common/services/clock/same70/sysclk.o
 .comment       0x00000059       0x5a src/ASF/common/utils/interrupt/interrupt_sam_nvic.o
 .comment       0x00000059       0x5a src/ASF/sam/boards/same70_xplained/init.o
 .comment       0x00000059       0x5a src/ASF/sam/drivers/pio/pio.o
 .comment       0x00000059       0x5a src/ASF/sam/drivers/pio/pio_handler.o
 .comment       0x00000059       0x5a src/ASF/sam/drivers/pmc/pmc.o
 .comment       0x00000059       0x5a src/ASF/sam/drivers/pmc/sleep.o
 .comment       0x00000059       0x5a src/ASF/sam/utils/cmsis/same70/source/templates/gcc/startup_same70.o
 .comment       0x00000059       0x5a src/ASF/sam/utils/cmsis/same70/source/templates/system_same70.o
 .comment       0x00000059       0x5a src/ASF/sam/utils/syscalls/gcc/syscalls.o

.debug_info     0x00000000    0x157b0
 .debug_info    0x00000000      0xcaf src/ASF/sam/drivers/rtt/rtt.o
 .debug_info    0x00000caf     0x32ab src/main.o
 .debug_info    0x00003f5a     0x143e src/ASF/common/services/spi/sam_spi/spi_master.o
 .debug_info    0x00005398     0x208c src/ASF/sam/components/display/ili9488/ili9488.o
 .debug_info    0x00007424     0x1123 src/ASF/sam/drivers/spi/spi.o
 .debug_info    0x00008547     0x1311 src/ASF/common/services/clock/same70/sysclk.o
 .debug_info    0x00009858      0xb06 src/ASF/common/utils/interrupt/interrupt_sam_nvic.o
 .debug_info    0x0000a35e     0x1dad src/ASF/sam/boards/same70_xplained/init.o
 .debug_info    0x0000c10b     0x1ce3 src/ASF/sam/drivers/pio/pio.o
 .debug_info    0x0000ddee     0x1a74 src/ASF/sam/drivers/pio/pio_handler.o
 .debug_info    0x0000f862     0x1eed src/ASF/sam/drivers/pmc/pmc.o
 .debug_info    0x0001174f     0x16bf src/ASF/sam/drivers/pmc/sleep.o
 .debug_info    0x00012e0e     0x1612 src/ASF/sam/utils/cmsis/same70/source/templates/gcc/startup_same70.o
 .debug_info    0x00014420      0x5d4 src/ASF/sam/utils/cmsis/same70/source/templates/system_same70.o
 .debug_info    0x000149f4      0xdbc src/ASF/sam/utils/syscalls/gcc/syscalls.o

.debug_abbrev   0x00000000     0x281a
 .debug_abbrev  0x00000000      0x203 src/ASF/sam/drivers/rtt/rtt.o
 .debug_abbrev  0x00000203      0x391 src/main.o
 .debug_abbrev  0x00000594      0x305 src/ASF/common/services/spi/sam_spi/spi_master.o
 .debug_abbrev  0x00000899      0x2f4 src/ASF/sam/components/display/ili9488/ili9488.o
 .debug_abbrev  0x00000b8d      0x2cf src/ASF/sam/drivers/spi/spi.o
 .debug_abbrev  0x00000e5c      0x296 src/ASF/common/services/clock/same70/sysclk.o
 .debug_abbrev  0x000010f2      0x214 src/ASF/common/utils/interrupt/interrupt_sam_nvic.o
 .debug_abbrev  0x00001306      0x3f4 src/ASF/sam/boards/same70_xplained/init.o
 .debug_abbrev  0x000016fa      0x296 src/ASF/sam/drivers/pio/pio.o
 .debug_abbrev  0x00001990      0x2c9 src/ASF/sam/drivers/pio/pio_handler.o
 .debug_abbrev  0x00001c59      0x2ce src/ASF/sam/drivers/pmc/pmc.o
 .debug_abbrev  0x00001f27      0x2df src/ASF/sam/drivers/pmc/sleep.o
 .debug_abbrev  0x00002206      0x2e8 src/ASF/sam/utils/cmsis/same70/source/templates/gcc/startup_same70.o
 .debug_abbrev  0x000024ee      0x102 src/ASF/sam/utils/cmsis/same70/source/templates/system_same70.o
 .debug_abbrev  0x000025f0      0x22a src/ASF/sam/utils/syscalls/gcc/syscalls.o

.debug_loc      0x00000000     0x5df3
 .debug_loc     0x00000000      0x330 src/ASF/sam/drivers/rtt/rtt.o
 .debug_loc     0x00000330      0x48d src/main.o
 .debug_loc     0x000007bd      0x830 src/ASF/common/services/spi/sam_spi/spi_master.o
 .debug_loc     0x00000fed      0xd20 src/ASF/sam/components/display/ili9488/ili9488.o
 .debug_loc     0x00001d0d      0x630 src/ASF/sam/drivers/spi/spi.o
 .debug_loc     0x0000233d      0x4a0 src/ASF/common/services/clock/same70/sysclk.o
 .debug_loc     0x000027dd       0xa0 src/ASF/common/utils/interrupt/interrupt_sam_nvic.o
 .debug_loc     0x0000287d      0x2fc src/ASF/sam/boards/same70_xplained/init.o
 .debug_loc     0x00002b79     0x1174 src/ASF/sam/drivers/pio/pio.o
 .debug_loc     0x00003ced      0x38c src/ASF/sam/drivers/pio/pio_handler.o
 .debug_loc     0x00004079     0x1744 src/ASF/sam/drivers/pmc/pmc.o
 .debug_loc     0x000057bd       0xe6 src/ASF/sam/drivers/pmc/sleep.o
 .debug_loc     0x000058a3      0x16c src/ASF/sam/utils/cmsis/same70/source/templates/gcc/startup_same70.o
 .debug_loc     0x00005a0f       0xe4 src/ASF/sam/utils/cmsis/same70/source/templates/system_same70.o
 .debug_loc     0x00005af3      0x300 src/ASF/sam/utils/syscalls/gcc/syscalls.o

.debug_aranges  0x00000000      0xa80
 .debug_aranges
                0x00000000       0x60 src/ASF/sam/drivers/rtt/rtt.o
 .debug_aranges
                0x00000060       0x90 src/main.o
 .debug_aranges
                0x000000f0       0xe0 src/ASF/common/services/spi/sam_spi/spi_master.o
 .debug_aranges
                0x000001d0      0x168 src/ASF/sam/components/display/ili9488/ili9488.o
 .debug_aranges
                0x00000338       0xa8 src/ASF/sam/drivers/spi/spi.o
 .debug_aranges
                0x000003e0       0x98 src/ASF/common/services/clock/same70/sysclk.o
 .debug_aranges
                0x00000478       0x28 src/ASF/common/utils/interrupt/interrupt_sam_nvic.o
 .debug_aranges
                0x000004a0       0x68 src/ASF/sam/boards/same70_xplained/init.o
 .debug_aranges
                0x00000508      0x1a8 src/ASF/sam/drivers/pio/pio.o
 .debug_aranges
                0x000006b0       0x80 src/ASF/sam/drivers/pio/pio_handler.o
 .debug_aranges
                0x00000730      0x250 src/ASF/sam/drivers/pmc/pmc.o
 .debug_aranges
                0x00000980       0x30 src/ASF/sam/drivers/pmc/sleep.o
 .debug_aranges
                0x000009b0       0x40 src/ASF/sam/utils/cmsis/same70/source/templates/gcc/startup_same70.o
 .debug_aranges
                0x000009f0       0x30 src/ASF/sam/utils/cmsis/same70/source/templates/system_same70.o
 .debug_aranges
                0x00000a20       0x60 src/ASF/sam/utils/syscalls/gcc/syscalls.o

.debug_ranges   0x00000000      0xa08
 .debug_ranges  0x00000000       0x50 src/ASF/sam/drivers/rtt/rtt.o
 .debug_ranges  0x00000050       0x80 src/main.o
 .debug_ranges  0x000000d0       0xd0 src/ASF/common/services/spi/sam_spi/spi_master.o
 .debug_ranges  0x000001a0      0x158 src/ASF/sam/components/display/ili9488/ili9488.o
 .debug_ranges  0x000002f8       0x98 src/ASF/sam/drivers/spi/spi.o
 .debug_ranges  0x00000390       0x88 src/ASF/common/services/clock/same70/sysclk.o
 .debug_ranges  0x00000418       0x18 src/ASF/common/utils/interrupt/interrupt_sam_nvic.o
 .debug_ranges  0x00000430       0xd0 src/ASF/sam/boards/same70_xplained/init.o
 .debug_ranges  0x00000500      0x198 src/ASF/sam/drivers/pio/pio.o
 .debug_ranges  0x00000698       0x70 src/ASF/sam/drivers/pio/pio_handler.o
 .debug_ranges  0x00000708      0x240 src/ASF/sam/drivers/pmc/pmc.o
 .debug_ranges  0x00000948       0x20 src/ASF/sam/drivers/pmc/sleep.o
 .debug_ranges  0x00000968       0x30 src/ASF/sam/utils/cmsis/same70/source/templates/gcc/startup_same70.o
 .debug_ranges  0x00000998       0x20 src/ASF/sam/utils/cmsis/same70/source/templates/system_same70.o
 .debug_ranges  0x000009b8       0x50 src/ASF/sam/utils/syscalls/gcc/syscalls.o

.debug_macro    0x00000000     0x7fc0
 .debug_macro   0x00000000      0x681 src/ASF/sam/drivers/rtt/rtt.o
 .debug_macro   0x00000681      0x81c src/main.o
 .debug_macro   0x00000e9d       0x3a src/main.o
 .debug_macro   0x00000ed7      0x2c3 src/main.o
 .debug_macro   0x0000119a      0xa91 src/main.o
 .debug_macro   0x00001c2b       0x70 src/main.o
 .debug_macro   0x00001c9b       0x64 src/main.o
 .debug_macro   0x00001cff       0x5f src/main.o
 .debug_macro   0x00001d5e       0xac src/main.o
 .debug_macro   0x00001e0a       0x28 src/main.o
 .debug_macro   0x00001e32       0x22 src/main.o
 .debug_macro   0x00001e54       0x16 src/main.o
 .debug_macro   0x00001e6a      0x41e src/main.o
 .debug_macro   0x00002288       0x94 src/main.o
 .debug_macro   0x0000231c       0x40 src/main.o
 .debug_macro   0x0000235c       0x88 src/main.o
 .debug_macro   0x000023e4      0x1c8 src/main.o
 .debug_macro   0x000025ac       0x34 src/main.o
 .debug_macro   0x000025e0       0x16 src/main.o
 .debug_macro   0x000025f6       0x1c src/main.o
 .debug_macro   0x00002612       0x16 src/main.o
 .debug_macro   0x00002628       0x28 src/main.o
 .debug_macro   0x00002650       0x2e src/main.o
 .debug_macro   0x0000267e      0x733 src/ASF/common/services/spi/sam_spi/spi_master.o
 .debug_macro   0x00002db1      0x772 src/ASF/sam/components/display/ili9488/ili9488.o
 .debug_macro   0x00003523       0x16 src/ASF/sam/components/display/ili9488/ili9488.o
 .debug_macro   0x00003539      0x6fb src/ASF/sam/drivers/spi/spi.o
 .debug_macro   0x00003c34       0x10 src/ASF/sam/drivers/spi/spi.o