Archive member included to satisfy reference by file (symbol)

c:/program files (x86)/atmel/studio/7.0/toolchain/arm/arm-gnu-toolchain/bin/../lib/gcc/arm-none-eabi/6.3.1/thumb/v7e-m\libgcc.a(_arm_addsubdf3.o)
                              src/main.o (__aeabi_i2d)
c:/program files (x86)/atmel/studio/7.0/toolchain/arm/arm-gnu-toolchain/bin/../lib/gcc/arm-none-eabi/6.3.1/thumb/v7e-m\libgcc.a(_arm_muldivdf3.o)
                              src/main.o (__aeabi_dmul)
c:/program files (x86)/atmel/studio/7.0/toolchain/arm/arm-gnu-toolchain/bin/../lib/gcc/arm-none-eabi/6.3.1/thumb/v7e-m\libgcc.a(_arm_fixdfsi.o)
                              src/main.o (__aeabi_d2iz)
c:/program files (x86)/atmel/studio/7.0/toolchain/arm/arm-gnu-toolchain/bin/../lib/gcc/arm-none-eabi/6.3.1/thumb/v7e-m\libgcc.a(_arm_truncdfsf2.o)
                              src/main.o (__aeabi_d2f)
c:/program files (x86)/atmel/studio/7.0/toolchain/arm/arm-gnu-toolchain/bin/../lib/gcc/arm-none-eabi/6.3.1/../../../../arm-none-eabi/lib/thumb/v7e-m\libc.a(lib_a-exit.o)
                              c:/program files (x86)/atmel/studio/7.0/toolchain/arm/arm-gnu-toolchain/bin/../lib/gcc/arm-none-eabi/6.3.1/../../../../arm-none-eabi/lib/thumb/v7e-m/crt0.o (exit)
c:/program files (x86)/atmel/studio/7.0/toolchain/arm/arm-gnu-toolchain/bin/../lib/gcc/arm-none-eabi/6.3.1/../../../../arm-none-eabi/lib/thumb/v7e-m\libc.a(lib_a-impure.o)
                              c:/program files (x86)/atmel/studio/7.0/toolchain/arm/arm-gnu-toolchain/bin/../lib/gcc/arm-none-eabi/6.3.1/../../../../arm-none-eabi/lib/thumb/v7e-m\libc.a(lib_a-exit.o) (_global_impure_ptr)
c:/program files (x86)/atmel/studio/7.0/toolchain/arm/arm-gnu-toolchain/bin/../lib/gcc/arm-none-eabi/6.3.1/../../../../arm-none-eabi/lib/thumb/v7e-m\libc.a(lib_a-init.o)
                              c:/program files (x86)/atmel/studio/7.0/toolchain/arm/arm-gnu-toolchain/bin/../lib/gcc/arm-none-eabi/6.3.1/../../../../arm-none-eabi/lib/thumb/v7e-m/crt0.o (__libc_init_array)
c:/program files (x86)/atmel/studio/7.0/toolchain/arm/arm-gnu-toolchain/bin/../lib/gcc/arm-none-eabi/6.3.1/../../../../arm-none-eabi/lib/thumb/v7e-m\libc.a(lib_a-memset.o)
                              c:/program files (x86)/atmel/studio/7.0/toolchain/arm/arm-gnu-toolchain/bin/../lib/gcc/arm-none-eabi/6.3.1/../../../../arm-none-eabi/lib/thumb/v7e-m/crt0.o (memset)
c:/program files (x86)/atmel/studio/7.0/toolchain/arm/arm-gnu-toolchain/bin/../lib/gcc/arm-none-eabi/6.3.1/../../../../arm-none-eabi/lib/thumb/v7e-m\libc.a(lib_a-sprintf.o)
                              src/main.o (sprintf)
c:/program files (x86)/atmel/studio/7.0/toolchain/arm/arm-gnu-toolchain/bin/../lib/gcc/arm-none-eabi/6.3.1/../../../../arm-none-eabi/lib/thumb/v7e-m\libc.a(lib_a-svfprintf.o)
                              c:/program files (x86)/atmel/studio/7.0/toolchain/arm/arm-gnu-toolchain/bin/../lib/gcc/arm-none-eabi/6.3.1/../../../../arm-none-eabi/lib/thumb/v7e-m\libc.a(lib_a-sprintf.o) (_svfprintf_r)
c:/program files (x86)/atmel/studio/7.0/toolchain/arm/arm-gnu-toolchain/bin/../lib/gcc/arm-none-eabi/6.3.1/../../../../arm-none-eabi/lib/thumb/v7e-m\libc.a(lib_a-__call_atexit.o)
                              c:/program files (x86)/atmel/studio/7.0/toolchain/arm/arm-gnu-toolchain/bin/../lib/gcc/arm-none-eabi/6.3.1/../../../../arm-none-eabi/lib/thumb/v7e-m\libc.a(lib_a-exit.o) (__call_exitprocs)
c:/program files (x86)/atmel/studio/7.0/toolchain/arm/arm-gnu-toolchain/bin/../lib/gcc/arm-none-eabi/6.3.1/../../../../arm-none-eabi/lib/thumb/v7e-m\libc.a(lib_a-atexit.o)
                              c:/program files (x86)/atmel/studio/7.0/toolchain/arm/arm-gnu-toolchain/bin/../lib/gcc/arm-none-eabi/6.3.1/../../../../arm-none-eabi/lib/thumb/v7e-m\libc.a(lib_a-__call_atexit.o) (atexit)
c:/program files (x86)/atmel/studio/7.0/toolchain/arm/arm-gnu-toolchain/bin/../lib/gcc/arm-none-eabi/6.3.1/../../../../arm-none-eabi/lib/thumb/v7e-m\libc.a(lib_a-dtoa.o)
                              c:/program files (x86)/atmel/studio/7.0/toolchain/arm/arm-gnu-toolchain/bin/../lib/gcc/arm-none-eabi/6.3.1/../../../../arm-none-eabi/lib/thumb/v7e-m\libc.a(lib_a-svfprintf.o) (_dtoa_r)
c:/program files (x86)/atmel/studio/7.0/toolchain/arm/arm-gnu-toolchain/bin/../lib/gcc/arm-none-eabi/6.3.1/../../../../arm-none-eabi/lib/thumb/v7e-m\libc.a(lib_a-fini.o)
                              c:/program files (x86)/atmel/studio/7.0/toolchain/arm/arm-gnu-toolchain/bin/../lib/gcc/arm-none-eabi/6.3.1/../../../../arm-none-eabi/lib/thumb/v7e-m\libc.a(lib_a-__call_atexit.o) (__libc_fini_array)
c:/program files (x86)/atmel/studio/7.0/toolchain/arm/arm-gnu-toolchain/bin/../lib/gcc/arm-none-eabi/6.3.1/../../../../arm-none-eabi/lib/thumb/v7e-m\libc.a(lib_a-localeconv.o)
                              c:/program files (x86)/atmel/studio/7.0/toolchain/arm/arm-gnu-toolchain/bin/../lib/gcc/arm-none-eabi/6.3.1/../../../../arm-none-eabi/lib/thumb/v7e-m\libc.a(lib_a-svfprintf.o) (_localeconv_r)
[...]
Memory Configuration

Name             Origin             Length             Attributes
rom              0x00400000         0x00200000         xr
ram              0x20400000         0x00060000         xrw
*default*        0x00000000         0xffffffff

Linker script and memory map

LOAD c:/program files (x86)/atmel/studio/7.0/toolchain/arm/arm-gnu-toolchain/bin/../lib/gcc/arm-none-eabi/6.3.1/thumb/v7e-m/crti.o
LOAD c:/program files (x86)/atmel/studio/7.0/toolchain/arm/arm-gnu-toolchain/bin/../lib/gcc/arm-none-eabi/6.3.1/thumb/v7e-m/crtbegin.o
LOAD c:/program files (x86)/atmel/studio/7.0/toolchain/arm/arm-gnu-toolchain/bin/../lib/gcc/arm-none-eabi/6.3.1/../../../../arm-none-eabi/lib/thumb/v7e-m/crt0.o
LOAD src/ASF/sam/drivers/rtc/rtc.o
LOAD src/ASF/sam/drivers/rtt/rtt.o
LOAD src/ASF/sam/drivers/tc/tc.o
LOAD src/main.o
LOAD src/ASF/common/services/delay/sam/cycle_counter.o
LOAD src/ASF/common/services/spi/sam_spi/spi_master.o
LOAD src/ASF/sam/components/display/ili9488/ili9488.o
LOAD src/ASF/sam/drivers/spi/spi.o
LOAD src/ASF/common/services/clock/same70/sysclk.o
LOAD src/ASF/common/utils/interrupt/interrupt_sam_nvic.o
LOAD src/ASF/sam/boards/same70_xplained/init.o
LOAD src/ASF/sam/drivers/mpu/mpu.o
LOAD src/ASF/sam/drivers/pio/pio.o
LOAD src/ASF/sam/drivers/pio/pio_handler.o
LOAD src/ASF/sam/drivers/pmc/pmc.o
LOAD src/ASF/sam/drivers/pmc/sleep.o
LOAD src/ASF/sam/utils/cmsis/same70/source/templates/gcc/startup_same70.o
LOAD src/ASF/sam/utils/cmsis/same70/source/templates/system_same70.o
LOAD src/ASF/sam/utils/syscalls/gcc/syscalls.o
START GROUP
LOAD ../src/ASF/thirdparty/CMSIS/Lib/GCC\libarm_cortexM7lfsp_math_softfp.a
LOAD c:/program files (x86)/atmel/studio/7.0/toolchain/arm/arm-gnu-toolchain/bin/../lib/gcc/arm-none-eabi/6.3.1/../../../../arm-none-eabi/lib/thumb/v7e-m\libm.a
END GROUP
START GROUP
LOAD c:/program files (x86)/atmel/studio/7.0/toolchain/arm/arm-gnu-toolchain/bin/../lib/gcc/arm-none-eabi/6.3.1/thumb/v7e-m\libgcc.a
LOAD c:/program files (x86)/atmel/studio/7.0/toolchain/arm/arm-gnu-toolchain/bin/../lib/gcc/arm-none-eabi/6.3.1/../../../../arm-none-eabi/lib/thumb/v7e-m\libc.a
END GROUP
LOAD c:/program files (x86)/atmel/studio/7.0/toolchain/arm/arm-gnu-toolchain/bin/../lib/gcc/arm-none-eabi/6.3.1/thumb/v7e-m/crtend.o
LOAD c:/program files (x86)/atmel/studio/7.0/toolchain/arm/arm-gnu-toolchain/bin/../lib/gcc/arm-none-eabi/6.3.1/thumb/v7e-m/crtn.o
                0x00002000                STACK_SIZE = DEFINED (STACK_SIZE)?STACK_SIZE:0x2000
                0x2045fffc                __ram_end__ = ((ORIGIN (ram) + LENGTH (ram)) - 0x4)
                0x00000200                HEAP_SIZE = DEFINED (HEAP_SIZE)?HEAP_SIZE:0x200

.text           0x00400000    0x34ec4
                0x00400000                . = ALIGN (0x4)
                0x00400000                _sfixed = .
 *(.vectors .vectors.*)
 .vectors       0x00400000      0x168 src/ASF/sam/utils/cmsis/same70/source/templates/gcc/startup_same70.o
                0x00400000                exception_table
 *(.text .text.* .gnu.linkonce.t.*)
 .text          0x00400168       0x6c c:/program files (x86)/atmel/studio/7.0/toolchain/arm/arm-gnu-toolchain/bin/../lib/gcc/arm-none-eabi/6.3.1/thumb/v7e-m/crtbegin.o
 .text.rtc_set_hour_mode
                0x004001d4       0x36 src/ASF/sam/drivers/rtc/rtc.o
                0x004001d4                rtc_set_hour_mode
 .text.rtc_enable_interrupt
                0x0040020a       0x1c src/ASF/sam/drivers/rtc/rtc.o
                0x0040020a                rtc_enable_interrupt
 .text.rtc_get_time
                0x00400226       0xc4 src/ASF/sam/drivers/rtc/rtc.o
                0x00400226                rtc_get_time
 *fill*         0x004002ea        0x2 
 .text.rtc_set_time
                0x004002ec      0x108 src/ASF/sam/drivers/rtc/rtc.o
                0x004002ec                rtc_set_time
 .text.rtc_set_time_alarm
                0x004003f4      0x100 src/ASF/sam/drivers/rtc/rtc.o
                0x004003f4                rtc_set_time_alarm
 .text.rtc_set_date
                0x004004f4      0x140 src/ASF/sam/drivers/rtc/rtc.o
                0x004004f4                rtc_set_date
 .text.rtc_set_date_alarm
                0x00400634       0xb0 src/ASF/sam/drivers/rtc/rtc.o
                0x00400634                rtc_set_date_alarm
 .text.rtc_get_status
                0x004006e4       0x18 src/ASF/sam/drivers/rtc/rtc.o
                0x004006e4                rtc_get_status
 .text.rtc_clear_status
                0x004006fc       0x1c src/ASF/sam/drivers/rtc/rtc.o
                0x004006fc                rtc_clear_status
 .text.rtt_init
                0x00400718       0x30 src/ASF/sam/drivers/rtt/rtt.o
                0x00400718                rtt_init
 .text.rtt_sel_source
                0x00400748       0x58 src/ASF/sam/drivers/rtt/rtt.o
                0x00400748                rtt_sel_source
 .text.rtt_enable_interrupt
                0x004007a0       0x38 src/ASF/sam/drivers/rtt/rtt.o
                0x004007a0                rtt_enable_interrupt
 .text.rtt_disable_interrupt
                0x004007d8       0x40 src/ASF/sam/drivers/rtt/rtt.o
                0x004007d8                rtt_disable_interrupt
 .text.rtt_read_timer_value
                0x00400818       0x2e src/ASF/sam/drivers/rtt/rtt.o
                0x00400818                rtt_read_timer_value
 .text.rtt_get_status
                0x00400846       0x18 src/ASF/sam/drivers/rtt/rtt.o
                0x00400846                rtt_get_status
 *fill*         0x0040085e        0x2 
 .text.rtt_write_alarm_time
                0x00400860       0x5c src/ASF/sam/drivers/rtt/rtt.o
                0x00400860                rtt_write_alarm_time
 .text.NVIC_EnableIRQ
                0x004008bc       0x34 src/main.o
 .text.NVIC_DisableIRQ
                0x004008f0       0x34 src/main.o
 .text.NVIC_ClearPendingIRQ
                0x00400924       0x34 src/main.o
 .text.NVIC_SetPriority
                0x00400958       0x54 src/main.o
 .text.font_draw_text
                0x004009ac       0x88 src/main.o
                0x004009ac                font_draw_text
 *fill*         0x00400a34        0x4 
 .text.calculate_distance
                0x00400a38       0x50 src/main.o
                0x00400a38                calculate_distance
 .text.calculate_speed
                0x00400a88       0xcc src/main.o
                0x00400a88                calculate_speed
 .text.redraw2  0x00400b54       0x58 src/main.o
                0x00400b54                redraw2
 .text.redraw   0x00400bac       0x98 src/main.o
                0x00400bac                redraw
 .text.Button_Handler
                0x00400c44       0x18 src/main.o
                0x00400c44                Button_Handler
 .text.Button_Handler2
                0x00400c5c       0x28 src/main.o
                0x00400c5c                Button_Handler2
 .text.RTC_Handler
                0x00400c84       0xc0 src/main.o
                0x00400c84                RTC_Handler
 .text.RTT_Handler
                0x00400d44       0x50 src/main.o
                0x00400d44                RTT_Handler
 .text.pulse_add
                0x00400d94       0x1c src/main.o
                0x00400d94                pulse_add
 .text.RTC_init
                0x00400db0       0x84 src/main.o
                0x00400db0                RTC_init
 .text.BUT_init
                0x00400e34       0x6c src/main.o
                0x00400e34                BUT_init
 .text.BUT2_init
                0x00400ea0       0x7c src/main.o
                0x00400ea0                BUT2_init
 .text.RTT_init
                0x00400f1c       0x98 src/main.o
 .text.configure_lcd
                0x00400fb4       0x4c src/main.o
                0x00400fb4                configure_lcd
 .text.main     0x00401000      0x148 src/main.o
                0x00401000                main
 .text.osc_get_rate
                0x00401148       0x74 src/ASF/common/services/spi/sam_spi/spi_master.o
 .text.sysclk_get_main_hz
                0x004011bc       0x20 src/ASF/common/services/spi/sam_spi/spi_master.o
 .text.sysclk_get_peripheral_hz
                0x004011dc       0x14 src/ASF/common/services/spi/sam_spi/spi_master.o
 .text.spi_reset
                0x004011f0       0x1a src/ASF/common/services/spi/sam_spi/spi_master.o
 .text.spi_set_master_mode
                0x0040120a       0x20 src/ASF/common/services/spi/sam_spi/spi_master.o
 .text.spi_set_fixed_peripheral_select
                0x0040122a       0x20 src/ASF/common/services/spi/sam_spi/spi_master.o
 .text.spi_disable_peripheral_select_decode
                0x0040124a       0x20 src/ASF/common/services/spi/sam_spi/spi_master.o
 .text.spi_get_peripheral_select_decode_setting
                0x0040126a       0x26 src/ASF/common/services/spi/sam_spi/spi_master.o
 .text.spi_disable_mode_fault_detect
                0x00401290       0x20 src/ASF/common/services/spi/sam_spi/spi_master.o
 .text.spi_disable_loopback
                0x004012b0       0x20 src/ASF/common/services/spi/sam_spi/spi_master.o
 .text.spi_put  0x004012d0       0x1e src/ASF/common/services/spi/sam_spi/spi_master.o
 .text.spi_get  0x004012ee       0x1a src/ASF/common/services/spi/sam_spi/spi_master.o
 .text.spi_is_tx_ready
                0x00401308       0x26 src/ASF/common/services/spi/sam_spi/spi_master.o
 .text.spi_is_rx_ready
                0x0040132e       0x2c src/ASF/common/services/spi/sam_spi/spi_master.o
 *fill*         0x0040135a        0x2 
 .text.spi_write_single
                0x0040135c       0x24 src/ASF/common/services/spi/sam_spi/spi_master.o
 .text.spi_read_single
                0x00401380       0x24 src/ASF/common/services/spi/sam_spi/spi_master.o
 .text.spi_master_init
                0x004013a4       0x70 src/ASF/common/services/spi/sam_spi/spi_master.o
                0x004013a4                spi_master_init
 .text.spi_master_setup_device
                0x00401414       0xb4 src/ASF/common/services/spi/sam_spi/spi_master.o
                0x00401414                spi_master_setup_device
 .text.spi_select_device
                0x004014c8       0x58 src/ASF/common/services/spi/sam_spi/spi_master.o
                0x004014c8                spi_select_device
 .text.spi_write_packet
                0x00401520       0x74 src/ASF/common/services/spi/sam_spi/spi_master.o
                0x00401520                spi_write_packet
 .text.spi_read_packet
                0x00401594       0xac src/ASF/common/services/spi/sam_spi/spi_master.o
                0x00401594                spi_read_packet
 .text.spi_enable
                0x00401640       0x1a src/ASF/sam/components/display/ili9488/ili9488.o
 .text.spi_enable_interrupt
                0x0040165a       0x1c src/ASF/sam/components/display/ili9488/ili9488.o
 *fill*         0x00401676        0x2 
 .text.ili9488_write_ram_prepare
                0x00401678       0x40 src/ASF/sam/components/display/ili9488/ili9488.o
 .text.ili9488_write_ram_buffer
                0x004016b8       0x40 src/ASF/sam/components/display/ili9488/ili9488.o
 .text.ili9488_write_register
                0x004016f8       0x78 src/ASF/sam/components/display/ili9488/ili9488.o
 .text.ili9488_read_chipid
                0x00401770       0xcc src/ASF/sam/components/display/ili9488/ili9488.o
 .text.ili9488_delay
                0x0040183c       0x40 src/ASF/sam/components/display/ili9488/ili9488.o
                0x0040183c                ili9488_delay
 .text.ili9488_check_box_coordinates
                0x0040187c       0xa2 src/ASF/sam/components/display/ili9488/ili9488.o
 *fill*         0x0040191e        0x2 
 .text.ili9488_set_display_direction
                0x00401920       0x34 src/ASF/sam/components/display/ili9488/ili9488.o
                0x00401920                ili9488_set_display_direction
 .text.ili9488_set_window
                0x00401954       0xc8 src/ASF/sam/components/display/ili9488/ili9488.o
                0x00401954                ili9488_set_window
 .text.ili9488_init
                0x00401a1c      0x15c src/ASF/sam/components/display/ili9488/ili9488.o
                0x00401a1c                ili9488_init
 .text.ili9488_display_on
                0x00401b78       0x18 src/ASF/sam/components/display/ili9488/ili9488.o
                0x00401b78                ili9488_display_on
 .text.ili9488_set_foreground_color
                0x00401b90       0x54 src/ASF/sam/components/display/ili9488/ili9488.o
                0x00401b90                ili9488_set_foreground_color
 .text.ili9488_set_cursor_position
                0x00401be4       0x84 src/ASF/sam/components/display/ili9488/ili9488.o
                0x00401be4                ili9488_set_cursor_position
 .text.ili9488_draw_filled_rectangle
                0x00401c68       0xdc src/ASF/sam/components/display/ili9488/ili9488.o
                0x00401c68                ili9488_draw_filled_rectangle
 .text.ili9488_draw_pixmap
                0x00401d44       0xb4 src/ASF/sam/components/display/ili9488/ili9488.o
                0x00401d44                ili9488_draw_pixmap
 .text.spi_get_peripheral_select_mode
                0x00401df8       0x26 src/ASF/sam/drivers/spi/spi.o
 *fill*         0x00401e1e        0x2 
 .text.sysclk_enable_peripheral_clock
                0x00401e20       0x1c src/ASF/sam/drivers/spi/spi.o
 .text.spi_enable_clock
                0x00401e3c       0x3c src/ASF/sam/drivers/spi/spi.o
                0x00401e3c                spi_enable_clock
 .text.spi_set_peripheral_chip_select_value
                0x00401e78       0x34 src/ASF/sam/drivers/spi/spi.o
                0x00401e78                spi_set_peripheral_chip_select_value
 .text.spi_set_delay_between_chip_select
                0x00401eac       0x30 src/ASF/sam/drivers/spi/spi.o
                0x00401eac                spi_set_delay_between_chip_select
 .text.spi_write
                0x00401edc       0x80 src/ASF/sam/drivers/spi/spi.o
                0x00401edc                spi_write
 .text.spi_set_clock_polarity
                0x00401f5c       0x50 src/ASF/sam/drivers/spi/spi.o
                0x00401f5c                spi_set_clock_polarity
 .text.spi_set_clock_phase
                0x00401fac       0x50 src/ASF/sam/drivers/spi/spi.o
                0x00401fac                spi_set_clock_phase
 .text.spi_configure_cs_behavior
                0x00401ffc       0xa6 src/ASF/sam/drivers/spi/spi.o
                0x00401ffc                spi_configure_cs_behavior
 .text.spi_set_bits_per_transfer
                0x004020a2       0x4a src/ASF/sam/drivers/spi/spi.o
                0x004020a2                spi_set_bits_per_transfer
 .text.spi_calc_baudrate_div
                0x004020ec       0x3c src/ASF/sam/drivers/spi/spi.o
                0x004020ec                spi_calc_baudrate_div
 .text.spi_set_baudrate_div
                0x00402128       0x5e src/ASF/sam/drivers/spi/spi.o
                0x00402128                spi_set_baudrate_div
 .text.spi_set_transfer_delay
                0x00402186       0x5e src/ASF/sam/drivers/spi/spi.o
                0x00402186                spi_set_transfer_delay
 .text.osc_enable
                0x004021e4       0x88 src/ASF/common/services/clock/same70/sysclk.o
 .text.osc_is_ready
                0x0040226c       0x70 src/ASF/common/services/clock/same70/sysclk.o
 .text.osc_get_rate
                0x004022dc       0x74 src/ASF/common/services/clock/same70/sysclk.o
 .text.osc_wait_ready
                0x00402350       0x2c src/ASF/common/services/clock/same70/sysclk.o
 .text.pll_config_init
                0x0040237c       0x6c src/ASF/common/services/clock/same70/sysclk.o
 .text.pll_enable
                0x004023e8       0x40 src/ASF/common/services/clock/same70/sysclk.o
 .text.pll_is_locked
                0x00402428       0x2c src/ASF/common/services/clock/same70/sysclk.o
 .text.pll_enable_source
                0x00402454       0x38 src/ASF/common/services/clock/same70/sysclk.o
 .text.pll_wait_for_lock
                0x0040248c       0x24 src/ASF/common/services/clock/same70/sysclk.o
 .text.sysclk_get_main_hz
                0x004024b0       0x20 src/ASF/common/services/clock/same70/sysclk.o
 .text.sysclk_get_cpu_hz
                0x004024d0       0x14 src/ASF/common/services/clock/same70/sysclk.o
 .text.sysclk_init
                0x004024e4       0x7c src/ASF/common/services/clock/same70/sysclk.o
                0x004024e4                sysclk_init
 .text.SCB_EnableICache
                0x00402560       0x38 src/ASF/sam/boards/same70_xplained/init.o
 .text.SCB_EnableDCache
                0x00402598       0xa4 src/ASF/sam/boards/same70_xplained/init.o
 .text.sysclk_enable_peripheral_clock
                0x0040263c       0x1c src/ASF/sam/boards/same70_xplained/init.o
 .text.ioport_init
                0x00402658       0x2c src/ASF/sam/boards/same70_xplained/init.o
 .text.ioport_set_pin_mode
                0x00402684      0x11c src/ASF/sam/boards/same70_xplained/init.o
 .text.ioport_set_pin_dir
                0x004027a0       0x88 src/ASF/sam/boards/same70_xplained/init.o
 .text.ioport_set_pin_level
                0x00402828       0x6c src/ASF/sam/boards/same70_xplained/init.o
 .text.ioport_set_pin_sense_mode
                0x00402894       0xd0 src/ASF/sam/boards/same70_xplained/init.o
 .text.tcm_disable
                0x00402964       0x44 src/ASF/sam/boards/same70_xplained/init.o
 .text.board_init
                0x004029a8      0x188 src/ASF/sam/boards/same70_xplained/init.o
                0x004029a8                board_init
 .text.pio_pull_up
                0x00402b30       0x2c src/ASF/sam/drivers/pio/pio.o
                0x00402b30                pio_pull_up
 .text.pio_set_debounce_filter
                0x00402b5c       0x38 src/ASF/sam/drivers/pio/pio.o
                0x00402b5c                pio_set_debounce_filter
 .text.pio_set  0x00402b94       0x1c src/ASF/sam/drivers/pio/pio.o
                0x00402b94                pio_set
 .text.pio_set_peripheral
                0x00402bb0      0x110 src/ASF/sam/drivers/pio/pio.o
                0x00402bb0                pio_set_peripheral
 .text.pio_set_input
                0x00402cc0       0x80 src/ASF/sam/drivers/pio/pio.o
                0x00402cc0                pio_set_input
 .text.pio_set_output
                0x00402d40       0x64 src/ASF/sam/drivers/pio/pio.o
                0x00402d40                pio_set_output
 .text.pio_configure
                0x00402da4       0xcc src/ASF/sam/drivers/pio/pio.o
                0x00402da4                pio_configure
 .text.pio_configure_interrupt
                0x00402e70       0x6c src/ASF/sam/drivers/pio/pio.o
                0x00402e70                pio_configure_interrupt
 .text.pio_enable_interrupt
                0x00402edc       0x1c src/ASF/sam/drivers/pio/pio.o
                0x00402edc                pio_enable_interrupt
 .text.pio_disable_interrupt
                0x00402ef8       0x1c src/ASF/sam/drivers/pio/pio.o
                0x00402ef8                pio_disable_interrupt
 .text.pio_get_interrupt_status
                0x00402f14       0x18 src/ASF/sam/drivers/pio/pio.o
                0x00402f14                pio_get_interrupt_status
 .text.pio_get_interrupt_mask
                0x00402f2c       0x18 src/ASF/sam/drivers/pio/pio.o
                0x00402f2c                pio_get_interrupt_mask
 .text.pio_set_pin_high
                0x00402f44       0x30 src/ASF/sam/drivers/pio/pio.o
                0x00402f44                pio_set_pin_high
 .text.pio_set_pin_low
                0x00402f74       0x30 src/ASF/sam/drivers/pio/pio.o
                0x00402f74                pio_set_pin_low
 .text.pio_configure_pin
                0x00402fa4      0x1b0 src/ASF/sam/drivers/pio/pio.o
                0x00402fa4                pio_configure_pin
 .text.pio_get_pin_group
                0x00403154       0x28 src/ASF/sam/drivers/pio/pio.o
                0x00403154                pio_get_pin_group
 .text.pio_handler_process
                0x0040317c       0xb4 src/ASF/sam/drivers/pio/pio_handler.o
                0x0040317c                pio_handler_process
 .text.pio_handler_set
                0x00403230       0xa0 src/ASF/sam/drivers/pio/pio_handler.o
                0x00403230                pio_handler_set
 .text.PIOA_Handler
                0x004032d0       0x18 src/ASF/sam/drivers/pio/pio_handler.o
                0x004032d0                PIOA_Handler
 .text.PIOB_Handler
                0x004032e8       0x18 src/ASF/sam/drivers/pio/pio_handler.o
                0x004032e8                PIOB_Handler
 .text.PIOC_Handler
                0x00403300       0x18 src/ASF/sam/drivers/pio/pio_handler.o
                0x00403300                PIOC_Handler
 .text.PIOD_Handler
                0x00403318       0x18 src/ASF/sam/drivers/pio/pio_handler.o
                0x00403318                PIOD_Handler
 .text.PIOE_Handler
                0x00403330       0x18 src/ASF/sam/drivers/pio/pio_handler.o
                0x00403330                PIOE_Handler
 .text.pmc_mck_set_division
                0x00403348       0x7c src/ASF/sam/drivers/pmc/pmc.o
                0x00403348                pmc_mck_set_division
 .text.pmc_switch_mck_to_pllack
                0x004033c4       0x84 src/ASF/sam/drivers/pmc/pmc.o
                0x004033c4                pmc_switch_mck_to_pllack
 .text.pmc_switch_sclk_to_32kxtal
                0x00403448       0x38 src/ASF/sam/drivers/pmc/pmc.o
                0x00403448                pmc_switch_sclk_to_32kxtal
 .text.pmc_osc_is_ready_32kxtal
                0x00403480       0x34 src/ASF/sam/drivers/pmc/pmc.o
                0x00403480                pmc_osc_is_ready_32kxtal
 .text.pmc_switch_mainck_to_fastrc
                0x004034b4       0x70 src/ASF/sam/drivers/pmc/pmc.o
                0x004034b4                pmc_switch_mainck_to_fastrc
 .text.pmc_switch_mainck_to_xtal
                0x00403524       0x78 src/ASF/sam/drivers/pmc/pmc.o
                0x00403524                pmc_switch_mainck_to_xtal
 .text.pmc_osc_is_ready_mainck
                0x0040359c       0x1c src/ASF/sam/drivers/pmc/pmc.o
                0x0040359c                pmc_osc_is_ready_mainck
 .text.pmc_disable_pllack
                0x004035b8       0x1c src/ASF/sam/drivers/pmc/pmc.o
                0x004035b8                pmc_disable_pllack
 .text.pmc_is_locked_pllack
                0x004035d4       0x1c src/ASF/sam/drivers/pmc/pmc.o
                0x004035d4                pmc_is_locked_pllack
 .text.pmc_is_locked_upll
                0x004035f0       0x1c src/ASF/sam/drivers/pmc/pmc.o
                0x004035f0                pmc_is_locked_upll
 .text.pmc_enable_periph_clk
                0x0040360c       0x3c src/ASF/sam/drivers/pmc/pmc.o
                0x0040360c                pmc_enable_periph_clk
 .text.cpu_irq_save
                0x00403648       0x38 src/ASF/sam/utils/cmsis/same70/source/templates/gcc/startup_same70.o
 .text.cpu_irq_is_enabled_flags
                0x00403680       0x20 src/ASF/sam/utils/cmsis/same70/source/templates/gcc/startup_same70.o
 .text.cpu_irq_restore
                0x004036a0       0x30 src/ASF/sam/utils/cmsis/same70/source/templates/gcc/startup_same70.o
 .text.Reset_Handler
                0x004036d0       0xb0 src/ASF/sam/utils/cmsis/same70/source/templates/gcc/startup_same70.o
                0x004036d0                Reset_Handler
 .text.Dummy_Handler
                0x00403780        0x6 src/ASF/sam/utils/cmsis/same70/source/templates/gcc/startup_same70.o
                0x00403780                DACC_Handler
                0x00403780                DebugMon_Handler
                0x00403780                UART3_Handler
                0x00403780                UART2_Handler
                0x00403780                TRNG_Handler
                0x00403780                HardFault_Handler
                0x00403780                TC2_Handler
                0x00403780                SysTick_Handler
                0x00403780                AFEC1_Handler
                0x00403780                PendSV_Handler
                0x00403780                NMI_Handler
                0x00403780                TC7_Handler
                0x00403780                QSPI_Handler
                0x00403780                ISI_Handler
                0x00403780                MCAN0_INT0_Handler
                0x00403780                TC9_Handler
                0x00403780                RSWDT_Handler
                0x00403780                USART0_Handler
                0x00403780                USBHS_Handler
                0x00403780                IXC_Handler
                0x00403780                CCF_Handler
                0x00403780                UsageFault_Handler
                0x00403780                TC6_Handler
                0x00403780                WDT_Handler
                0x00403780                MCAN1_INT1_Handler
                0x00403780                TC4_Handler
                0x00403780                TC1_Handler
                0x00403780                HSMCI_Handler
                0x00403780                UART1_Handler
                0x00403780                TC3_Handler
                0x00403780                Dummy_Handler
                0x00403780                TWIHS1_Handler
                0x00403780                XDMAC_Handler
                0x00403780                UART4_Handler
                0x00403780                PWM1_Handler
                0x00403780                USART1_Handler
                0x00403780                PWM0_Handler
                0x00403780                AFEC0_Handler
                0x00403780                CCW_Handler
                0x00403780                TC11_Handler
                0x00403780                SSC_Handler
                0x00403780                ACC_Handler
                0x00403780                PMC_Handler
                0x00403780                GMAC_Handler
                0x00403780                MCAN0_INT1_Handler
                0x00403780                GMAC_Q5_Handler
                0x00403780                MemManage_Handler
                0x00403780                SUPC_Handler
                0x00403780                SVC_Handler
                0x00403780                TC8_Handler
                0x00403780                MCAN1_INT0_Handler
                0x00403780                EFC_Handler
                0x00403780                GMAC_Q1_Handler
                0x00403780                USART2_Handler
                0x00403780                SDRAMC_Handler
                0x00403780                GMAC_Q2_Handler
                0x00403780                SPI1_Handler
                0x00403780                TC10_Handler
                0x00403780                GMAC_Q3_Handler
                0x00403780                TWIHS2_Handler
                0x00403780                I2SC0_Handler
                0x00403780                UART0_Handler
                0x00403780                I2SC1_Handler
                0x00403780                GMAC_Q4_Handler
                0x00403780                FPU_Handler
                0x00403780                BusFault_Handler
                0x00403780                RSTC_Handler
                0x00403780                TC0_Handler
                0x00403780                TC5_Handler
                0x00403780                AES_Handler
                0x00403780                ICM_Handler
                0x00403780                TWIHS0_Handler
                0x00403780                SPI0_Handler
 *fill*         0x00403786        0x2 
 .text.SystemCoreClockUpdate
                0x00403788      0x168 src/ASF/sam/utils/cmsis/same70/source/templates/system_same70.o
                0x00403788                SystemCoreClockUpdate
 .text.system_init_flash
                0x004038f0       0xb0 src/ASF/sam/utils/cmsis/same70/source/templates/system_same70.o
                0x004038f0                system_init_flash
 .text._sbrk    0x004039a0       0x58 src/ASF/sam/utils/syscalls/gcc/syscalls.o
                0x004039a0                _sbrk
 .text          0x004039f8      0x370 c:/program files (x86)/atmel/studio/7.0/toolchain/arm/arm-gnu-toolchain/bin/../lib/gcc/arm-none-eabi/6.3.1/thumb/v7e-m\libgcc.a(_arm_addsubdf3.o)
                0x004039f8                __aeabi_drsub
                0x00403a00                __aeabi_dsub
                0x00403a00                __subdf3
                0x00403a04                __aeabi_dadd
                0x00403a04                __adddf3
                0x00403c7c                __floatunsidf
                0x00403c7c                __aeabi_ui2d
                0x00403c9c                __floatsidf
                0x00403c9c                __aeabi_i2d
                0x00403cc0                __aeabi_f2d
                0x00403cc0                __extendsfdf2
                0x00403cfc                __floatundidf
                0x00403cfc                __aeabi_ul2d
                0x00403d0c                __floatdidf
                0x00403d0c                __aeabi_l2d
 .text          0x00403d68      0x424 c:/program files (x86)/atmel/studio/7.0/toolchain/arm/arm-gnu-toolchain/bin/../lib/gcc/arm-none-eabi/6.3.1/thumb/v7e-m\libgcc.a(_arm_muldivdf3.o)
                0x00403d68                __aeabi_dmul
                0x00403d68                __muldf3
                0x00403fbc                __divdf3
                0x00403fbc                __aeabi_ddiv
 .text          0x0040418c       0x50 c:/program files (x86)/atmel/studio/7.0/toolchain/arm/arm-gnu-toolchain/bin/../lib/gcc/arm-none-eabi/6.3.1/thumb/v7e-m\libgcc.a(_arm_fixdfsi.o)
                0x0040418c                __aeabi_d2iz
                0x0040418c                __fixdfsi
 .text          0x004041dc       0xa0 c:/program files (x86)/atmel/studio/7.0/toolchain/arm/arm-gnu-toolchain/bin/../lib/gcc/arm-none-eabi/6.3.1/thumb/v7e-m\libgcc.a(_arm_truncdfsf2.o)
                0x004041dc                __truncdfsf2
                0x004041dc                __aeabi_d2f
 .text.__libc_init_array
                0x0040427c       0x50 c:/program files (x86)/atmel/studio/7.0/toolchain/arm/arm-gnu-toolchain/bin/../lib/gcc/arm-none-eabi/6.3.1/../../../../arm-none-eabi/lib/thumb/v7e-m\libc.a(lib_a-init.o)
                0x0040427c                __libc_init_array
 .text.memset   0x004042cc       0x9c c:/program files (x86)/atmel/studio/7.0/toolchain/arm/arm-gnu-toolchain/bin/../lib/gcc/arm-none-eabi/6.3.1/../../../../arm-none-eabi/lib/thumb/v7e-m\libc.a(lib_a-memset.o)
                0x004042cc                memset
 .text.sprintf  0x00404368       0x4c c:/program files (x86)/atmel/studio/7.0/toolchain/arm/arm-gnu-toolchain/bin/../lib/gcc/arm-none-eabi/6.3.1/../../../../arm-none-eabi/lib/thumb/v7e-m\libc.a(lib_a-sprintf.o)
                0x00404368                sprintf
 .text._svfprintf_r
                0x004043b4     0x145c c:/program files (x86)/atmel/studio/7.0/toolchain/arm/arm-gnu-toolchain/bin/../lib/gcc/arm-none-eabi/6.3.1/../../../../arm-none-eabi/lib/thumb/v7e-m\libc.a(lib_a-svfprintf.o)
                0x004043b4                _svfprintf_r
 .text.startup.register_fini
                0x00405810       0x14 c:/program files (x86)/atmel/studio/7.0/toolchain/arm/arm-gnu-toolchain/bin/../lib/gcc/arm-none-eabi/6.3.1/../../../../arm-none-eabi/lib/thumb/v7e-m\libc.a(lib_a-__call_atexit.o)
 .text.atexit   0x00405824        0xc c:/program files (x86)/atmel/studio/7.0/toolchain/arm/arm-gnu-toolchain/bin/../lib/gcc/arm-none-eabi/6.3.1/../../../../arm-none-eabi/lib/thumb/v7e-m\libc.a(lib_a-atexit.o)
                0x00405824                atexit
 .text.quorem   0x00405830      0x128 c:/program files (x86)/atmel/studio/7.0/toolchain/arm/arm-gnu-toolchain/bin/../lib/gcc/arm-none-eabi/6.3.1/../../../../arm-none-eabi/lib/thumb/v7e-m\libc.a(lib_a-dtoa.o)
 .text._dtoa_r  0x00405958      0xe54 c:/program files (x86)/atmel/studio/7.0/toolchain/arm/arm-gnu-toolchain/bin/../lib/gcc/arm-none-eabi/6.3.1/../../../../arm-none-eabi/lib/thumb/v7e-m\libc.a(lib_a-dtoa.o)
                0x00405958                _dtoa_r
 .text.__libc_fini_array
                0x004067ac       0x34 c:/program files (x86)/atmel/studio/7.0/toolchain/arm/arm-gnu-toolchain/bin/../lib/gcc/arm-none-eabi/6.3.1/../../../../arm-none-eabi/lib/thumb/v7e-m\libc.a(lib_a-fini.o)
                0x004067ac                __libc_fini_array
 .text._localeconv_r
                0x004067e0       0x1c c:/program files (x86)/atmel/studio/7.0/toolchain/arm/arm-gnu-toolchain/bin/../lib/gcc/arm-none-eabi/6.3.1/../../../../arm-none-eabi/lib/thumb/v7e-m\libc.a(lib_a-localeconv.o)
                0x004067e0                _localeconv_r
 .text.__retarget_lock_acquire_recursive
                0x004067fc        0x4 c:/program files (x86)/atmel/studio/7.0/toolchain/arm/arm-gnu-toolchain/bin/../lib/gcc/arm-none-eabi/6.3.1/../../../../arm-none-eabi/lib/thumb/v7e-m\libc.a(lib_a-lock.o)
                0x004067fc                __retarget_lock_acquire_recursive
 .text.__retarget_lock_release_recursive
                0x00406800        0x4 c:/program files (x86)/atmel/studio/7.0/toolchain/arm/arm-gnu-toolchain/bin/../lib/gcc/arm-none-eabi/6.3.1/../../../../arm-none-eabi/lib/thumb/v7e-m\libc.a(lib_a-lock.o)
                0x00406800                __retarget_lock_release_recursive
 .text._malloc_r
                0x00406804      0x560 c:/program files (x86)/atmel/studio/7.0/toolchain/arm/arm-gnu-toolchain/bin/../lib/gcc/arm-none-eabi/6.3.1/../../../../arm-none-eabi/lib/thumb/v7e-m\libc.a(lib_a-mallocr.o)
                0x00406804                _malloc_r
 *fill*         0x00406d64        0xc 
 .text          0x00406d70       0xa0 c:/program files (x86)/atmel/studio/7.0/toolchain/arm/arm-gnu-toolchain/bin/../lib/gcc/arm-none-eabi/6.3.1/../../../../arm-none-eabi/lib/thumb/v7e-m\libc.a(lib_a-memchr.o)
                0x00406d70                memchr
 .text          0x00406e10      0x134 c:/program files (x86)/atmel/studio/7.0/toolchain/arm/arm-gnu-toolchain/bin/../lib/gcc/arm-none-eabi/6.3.1/../../../../arm-none-eabi/lib/thumb/v7e-m\libc.a(lib_a-memcpy.o)
                0x00406e10                memcpy
 .text.__malloc_lock
                0x00406f44        0xc c:/program files (x86)/atmel/studio/7.0/toolchain/arm/arm-gnu-toolchain/bin/../lib/gcc/arm-none-eabi/6.3.1/../../../../arm-none-eabi/lib/thumb/v7e-m\libc.a(lib_a-mlock.o)
                0x00406f44                __malloc_lock
 .text.__malloc_unlock
                0x00406f50        0xc c:/program files (x86)/atmel/studio/7.0/toolchain/arm/arm-gnu-toolchain/bin/../lib/gcc/arm-none-eabi/6.3.1/../../../../arm-none-eabi/lib/thumb/v7e-m\libc.a(lib_a-mlock.o)
                0x00406f50                __malloc_unlock
 .text._Balloc  0x00406f5c       0x4c c:/program files (x86)/atmel/studio/7.0/toolchain/arm/arm-gnu-toolchain/bin/../lib/gcc/arm-none-eabi/6.3.1/../../../../arm-none-eabi/lib/thumb/v7e-m\libc.a(lib_a-mprec.o)
                0x00406f5c                _Balloc
 .text._Bfree   0x00406fa8       0x14 c:/program files (x86)/atmel/studio/7.0/toolchain/arm/arm-gnu-toolchain/bin/../lib/gcc/arm-none-eabi/6.3.1/../../../../arm-none-eabi/lib/thumb/v7e-m\libc.a(lib_a-mprec.o)
                0x00406fa8                _Bfree
 .text.__multadd
                0x00406fbc       0x80 c:/program files (x86)/atmel/studio/7.0/toolchain/arm/arm-gnu-toolchain/bin/../lib/gcc/arm-none-eabi/6.3.1/../../../../arm-none-eabi/lib/thumb/v7e-m\libc.a(lib_a-mprec.o)
                0x00406fbc                __multadd
 .text.__hi0bits
                0x0040703c       0x40 c:/program files (x86)/atmel/studio/7.0/toolchain/arm/arm-gnu-toolchain/bin/../lib/gcc/arm-none-eabi/6.3.1/../../../../arm-none-eabi/lib/thumb/v7e-m\libc.a(lib_a-mprec.o)
                0x0040703c                __hi0bits
 .text.__lo0bits
                0x0040707c       0x60 c:/program files (x86)/atmel/studio/7.0/toolchain/arm/arm-gnu-toolchain/bin/../lib/gcc/arm-none-eabi/6.3.1/../../../../arm-none-eabi/lib/thumb/v7e-m\libc.a(lib_a-mprec.o)
                0x0040707c                __lo0bits
 .text.__i2b    0x004070dc       0x14 c:/program files (x86)/atmel/studio/7.0/toolchain/arm/arm-gnu-toolchain/bin/../lib/gcc/arm-none-eabi/6.3.1/../../../../arm-none-eabi/lib/thumb/v7e-m\libc.a(lib_a-mprec.o)
                0x004070dc                __i2b
 .text.__multiply
                0x004070f0      0x124 c:/program files (x86)/atmel/studio/7.0/toolchain/arm/arm-gnu-toolchain/bin/../lib/gcc/arm-none-eabi/6.3.1/../../../../arm-none-eabi/lib/thumb/v7e-m\libc.a(lib_a-mprec.o)
                0x004070f0                __multiply
 .text.__pow5mult
                0x00407214       0xa0 c:/program files (x86)/atmel/studio/7.0/toolchain/arm/arm-gnu-toolchain/bin/../lib/gcc/arm-none-eabi/6.3.1/../../../../arm-none-eabi/lib/thumb/v7e-m\libc.a(lib_a-mprec.o)
                0x00407214                __pow5mult
 .text.__lshift
                0x004072b4       0xa4 c:/program files (x86)/atmel/studio/7.0/toolchain/arm/arm-gnu-toolchain/bin/../lib/gcc/arm-none-eabi/6.3.1/../../../../arm-none-eabi/lib/thumb/v7e-m\libc.a(lib_a-mprec.o)
                0x004072b4                __lshift
 .text.__mcmp   0x00407358       0x38 c:/program files (x86)/atmel/studio/7.0/toolchain/arm/arm-gnu-toolchain/bin/../lib/gcc/arm-none-eabi/6.3.1/../../../../arm-none-eabi/lib/thumb/v7e-m\libc.a(lib_a-mprec.o)
                0x00407358                __mcmp
 .text.__mdiff  0x00407390      0x108 c:/program files (x86)/atmel/studio/7.0/toolchain/arm/arm-gnu-toolchain/bin/../lib/gcc/arm-none-eabi/6.3.1/../../../../arm-none-eabi/lib/thumb/v7e-m\libc.a(lib_a-mprec.o)
                0x00407390                __mdiff
 .text.__d2b    0x00407498       0xb8 c:/program files (x86)/atmel/studio/7.0/toolchain/arm/arm-gnu-toolchain/bin/../lib/gcc/arm-none-eabi/6.3.1/../../../../arm-none-eabi/lib/thumb/v7e-m\libc.a(lib_a-mprec.o)
                0x00407498                __d2b
 .text._sbrk_r  0x00407550       0x24 c:/program files (x86)/atmel/studio/7.0/toolchain/arm/arm-gnu-toolchain/bin/../lib/gcc/arm-none-eabi/6.3.1/../../../../arm-none-eabi/lib/thumb/v7e-m\libc.a(lib_a-sbrkr.o)
                0x00407550                _sbrk_r
 *fill*         0x00407574        0xc 
 .text          0x00407580       0xdc c:/program files (x86)/atmel/studio/7.0/toolchain/arm/arm-gnu-toolchain/bin/../lib/gcc/arm-none-eabi/6.3.1/../../../../arm-none-eabi/lib/thumb/v7e-m\libc.a(lib_a-strlen.o)
                0x00407580                strlen
 .text.__ssprint_r
                0x0040765c       0xfc c:/program files (x86)/atmel/studio/7.0/toolchain/arm/arm-gnu-toolchain/bin/../lib/gcc/arm-none-eabi/6.3.1/../../../../arm-none-eabi/lib/thumb/v7e-m\libc.a(lib_a-svfiprintf.o)
                0x0040765c                __ssprint_r
 .text.__register_exitproc
                0x00407758       0xc4 c:/program files (x86)/atmel/studio/7.0/toolchain/arm/arm-gnu-toolchain/bin/../lib/gcc/arm-none-eabi/6.3.1/../../../../arm-none-eabi/lib/thumb/v7e-m\libc.a(lib_a-__atexit.o)
                0x00407758                __register_exitproc
 .text._calloc_r
                0x0040781c       0x60 c:/program files (x86)/atmel/studio/7.0/toolchain/arm/arm-gnu-toolchain/bin/../lib/gcc/arm-none-eabi/6.3.1/../../../../arm-none-eabi/lib/thumb/v7e-m\libc.a(lib_a-callocr.o)
                0x0040781c                _calloc_r
 .text._malloc_trim_r
                0x0040787c       0xa0 c:/program files (x86)/atmel/studio/7.0/toolchain/arm/arm-gnu-toolchain/bin/../lib/gcc/arm-none-eabi/6.3.1/../../../../arm-none-eabi/lib/thumb/v7e-m\libc.a(lib_a-freer.o)
                0x0040787c                _malloc_trim_r
 .text._free_r  0x0040791c      0x1cc c:/program files (x86)/atmel/studio/7.0/toolchain/arm/arm-gnu-toolchain/bin/../lib/gcc/arm-none-eabi/6.3.1/../../../../arm-none-eabi/lib/thumb/v7e-m\libc.a(lib_a-freer.o)
                0x0040791c                _free_r
 .text.__ascii_mbtowc
                0x00407ae8       0x2c c:/program files (x86)/atmel/studio/7.0/toolchain/arm/arm-gnu-toolchain/bin/../lib/gcc/arm-none-eabi/6.3.1/../../../../arm-none-eabi/lib/thumb/v7e-m\libc.a(lib_a-mbtowc_r.o)
                0x00407ae8                __ascii_mbtowc
 .text.memmove  0x00407b14       0xc8 c:/program files (x86)/atmel/studio/7.0/toolchain/arm/arm-gnu-toolchain/bin/../lib/gcc/arm-none-eabi/6.3.1/../../../../arm-none-eabi/lib/thumb/v7e-m\libc.a(lib_a-memmove.o)
                0x00407b14                memmove
 .text._realloc_r
                0x00407bdc      0x34c c:/program files (x86)/atmel/studio/7.0/toolchain/arm/arm-gnu-toolchain/bin/../lib/gcc/arm-none-eabi/6.3.1/../../../../arm-none-eabi/lib/thumb/v7e-m\libc.a(lib_a-reallocr.o)
                0x00407bdc                _realloc_r
 .text.__ascii_wctomb
                0x00407f28       0x1c c:/program files (x86)/atmel/studio/7.0/toolchain/arm/arm-gnu-toolchain/bin/../lib/gcc/arm-none-eabi/6.3.1/../../../../arm-none-eabi/lib/thumb/v7e-m\libc.a(lib_a-wctomb_r.o)
                0x00407f28                __ascii_wctomb
 .text          0x00407f44      0x110 c:/program files (x86)/atmel/studio/7.0/toolchain/arm/arm-gnu-toolchain/bin/../lib/gcc/arm-none-eabi/6.3.1/thumb/v7e-m\libgcc.a(_arm_cmpdf2.o)
                0x00407f44                __gtdf2
                0x00407f44                __gedf2
                0x00407f4c                __ltdf2
                0x00407f4c                __ledf2
                0x00407f54                __nedf2
                0x00407f54                __eqdf2
                0x00407f54                __cmpdf2
                0x00407fd0                __aeabi_cdrcmple
                0x00407fe0                __aeabi_cdcmpeq
                0x00407fe0                __aeabi_cdcmple
                0x00407ff0                __aeabi_dcmpeq
                0x00408004                __aeabi_dcmplt
                0x00408018                __aeabi_dcmple
                0x0040802c                __aeabi_dcmpge
                0x00408040                __aeabi_dcmpgt
 .text          0x00408054       0x2c c:/program files (x86)/atmel/studio/7.0/toolchain/arm/arm-gnu-toolchain/bin/../lib/gcc/arm-none-eabi/6.3.1/thumb/v7e-m\libgcc.a(_arm_unorddf2.o)
                0x00408054                __unorddf2
                0x00408054                __aeabi_dcmpun
 .text          0x00408080       0x30 c:/program files (x86)/atmel/studio/7.0/toolchain/arm/arm-gnu-toolchain/bin/../lib/gcc/arm-none-eabi/6.3.1/thumb/v7e-m\libgcc.a(_aeabi_uldivmod.o)
                0x00408080                __aeabi_uldivmod
 .text          0x004080b0      0x2dc c:/program files (x86)/atmel/studio/7.0/toolchain/arm/arm-gnu-toolchain/bin/../lib/gcc/arm-none-eabi/6.3.1/thumb/v7e-m\libgcc.a(_udivmoddi4.o)
                0x004080b0                __udivmoddi4
 .text          0x0040838c        0x4 c:/program files (x86)/atmel/studio/7.0/toolchain/arm/arm-gnu-toolchain/bin/../lib/gcc/arm-none-eabi/6.3.1/thumb/v7e-m\libgcc.a(_dvmd_tls.o)
                0x0040838c                __aeabi_idiv0
                0x0040838c                __aeabi_ldiv0
 *(.glue_7t)
 .glue_7t       0x00408390        0x0 linker stubs
 *(.glue_7)
 .glue_7        0x00408390        0x0 linker stubs
 *(.rodata .rodata* .gnu.linkonce.r.*)
 .rodata.image_data_calibri_36_0x20
                0x00408390      0x378 src/main.o
 .rodata.calibri_36_0x20
                0x00408708       0x10 src/main.o
 .rodata.image_data_calibri_36_0x21
                0x00408718      0x534 src/main.o
 .rodata.calibri_36_0x21
                0x00408c4c       0x10 src/main.o
 .rodata.image_data_calibri_36_0x22
                0x00408c5c      0x612 src/main.o
 *fill*         0x0040926e        0x2 
 .rodata.calibri_36_0x22
                0x00409270       0x10 src/main.o
 .rodata.image_data_calibri_36_0x23
                0x00409280      0x7ce src/main.o
 *fill*         0x00409a4e        0x2 
 .rodata.calibri_36_0x23
                0x00409a50       0x10 src/main.o
 .rodata.image_data_calibri_36_0x24
                0x00409a60      0x7ce src/main.o
 *fill*         0x0040a22e        0x2 
 .rodata.calibri_36_0x24
                0x0040a230       0x10 src/main.o
 .rodata.image_data_calibri_36_0x25
                0x0040a240      0xb46 src/main.o
 *fill*         0x0040ad86        0x2 
 .rodata.calibri_36_0x25
                0x0040ad88       0x10 src/main.o
 .rodata.image_data_calibri_36_0x26
                0x0040ad98      0xad7 src/main.o
 *fill*         0x0040b86f        0x1 
 .rodata.calibri_36_0x26
                0x0040b870       0x10 src/main.o
 .rodata.image_data_calibri_36_0x27
                0x0040b880      0x378 src/main.o
 .rodata.calibri_36_0x27
                0x0040bbf8       0x10 src/main.o
 .rodata.image_data_calibri_36_0x28
                0x0040bc08      0x4c5 src/main.o
 *fill*         0x0040c0cd        0x3 
 .rodata.calibri_36_0x28
                0x0040c0d0       0x10 src/main.o
 .rodata.image_data_calibri_36_0x29
                0x0040c0e0      0x4c5 src/main.o
 *fill*         0x0040c5a5        0x3 
 .rodata.calibri_36_0x29
                0x0040c5a8       0x10 src/main.o
 .rodata.image_data_calibri_36_0x2a
                0x0040c5b8      0x7ce src/main.o
 *fill*         0x0040cd86        0x2 
 .rodata.calibri_36_0x2a
                0x0040cd88       0x10 src/main.o
 .rodata.image_data_calibri_36_0x2b
                0x0040cd98      0x7ce src/main.o
 *fill*         0x0040d566        0x2 
 .rodata.calibri_36_0x2b
                0x0040d568       0x10 src/main.o
 .rodata.image_data_calibri_36_0x2c
                0x0040d578      0x3e7 src/main.o
 *fill*         0x0040d95f        0x1 
 .rodata.calibri_36_0x2c
                0x0040d960       0x10 src/main.o
 .rodata.image_data_calibri_36_0x2d
                0x0040d970      0x4c5 src/main.o
 *fill*         0x0040de35        0x3 
 .rodata.calibri_36_0x2d
                0x0040de38       0x10 src/main.o
 .rodata.image_data_calibri_36_0x2e
                0x0040de48      0x3e7 src/main.o
 *fill*         0x0040e22f        0x1 
 .rodata.calibri_36_0x2e
                0x0040e230       0x10 src/main.o
 .rodata.image_data_calibri_36_0x2f
                0x0040e240      0x612 src/main.o
 *fill*         0x0040e852        0x2 
 .rodata.calibri_36_0x2f
                0x0040e854       0x10 src/main.o
 .rodata.image_data_calibri_36_0x30
                0x0040e864      0x7ce src/main.o
 *fill*         0x0040f032        0x2 
 .rodata.calibri_36_0x30
                0x0040f034       0x10 src/main.o
 .rodata.image_data_calibri_36_0x31
                0x0040f044      0x7ce src/main.o
 *fill*         0x0040f812        0x2 
 .rodata.calibri_36_0x31
                0x0040f814       0x10 src/main.o
 .rodata.image_data_calibri_36_0x32
                0x0040f824      0x7ce src/main.o
 *fill*         0x0040fff2        0x2 
 .rodata.calibri_36_0x32
                0x0040fff4       0x10 src/main.o
 .rodata.image_data_calibri_36_0x33
                0x00410004      0x7ce src/main.o
 *fill*         0x004107d2        0x2 
 .rodata.calibri_36_0x33
                0x004107d4       0x10 src/main.o
 .rodata.image_data_calibri_36_0x34
                0x004107e4      0x7ce src/main.o
 *fill*         0x00410fb2        0x2 
 .rodata.calibri_36_0x34
                0x00410fb4       0x10 src/main.o
 .rodata.image_data_calibri_36_0x35
                0x00410fc4      0x7ce src/main.o
 *fill*         0x00411792        0x2 
 .rodata.calibri_36_0x35
                0x00411794       0x10 src/main.o
 .rodata.image_data_calibri_36_0x36
                0x004117a4      0x7ce src/main.o
 *fill*         0x00411f72        0x2 
 .rodata.calibri_36_0x36
                0x00411f74       0x10 src/main.o
 .rodata.image_data_calibri_36_0x37
                0x00411f84      0x7ce src/main.o
 *fill*         0x00412752        0x2 
 .rodata.calibri_36_0x37
                0x00412754       0x10 src/main.o
 .rodata.image_data_calibri_36_0x38
                0x00412764      0x7ce src/main.o
 *fill*         0x00412f32        0x2 
 .rodata.calibri_36_0x38
                0x00412f34       0x10 src/main.o
 .rodata.image_data_calibri_36_0x39
                0x00412f44      0x7ce src/main.o
 *fill*         0x00413712        0x2 
 .rodata.calibri_36_0x39
                0x00413714       0x10 src/main.o
 .rodata.image_data_calibri_36_0x3a
                0x00413724      0x456 src/main.o
 *fill*         0x00413b7a        0x2 
 .rodata.calibri_36_0x3a
                0x00413b7c       0x10 src/main.o
 .rodata.image_data_calibri_36_0x3b
                0x00413b8c      0x456 src/main.o
 *fill*         0x00413fe2        0x2 
 .rodata.calibri_36_0x3b
                0x00413fe4       0x10 src/main.o
 .rodata.image_data_calibri_36_0x3c
                0x00413ff4      0x7ce src/main.o
 *fill*         0x004147c2        0x2 
 .rodata.calibri_36_0x3c
                0x004147c4       0x10 src/main.o
 .rodata.image_data_calibri_36_0x3d
                0x004147d4      0x7ce src/main.o
 *fill*         0x00414fa2        0x2 
 .rodata.calibri_36_0x3d
                0x00414fa4       0x10 src/main.o
 .rodata.image_data_calibri_36_0x3e
                0x00414fb4      0x7ce src/main.o
 *fill*         0x00415782        0x2 
 .rodata.calibri_36_0x3e
                0x00415784       0x10 src/main.o
 .rodata.image_data_calibri_36_0x3f
                0x00415794      0x75f src/main.o
 *fill*         0x00415ef3        0x1 
 .rodata.calibri_36_0x3f
                0x00415ef4       0x10 src/main.o
 .rodata.image_data_calibri_36_0x40
                0x00415f04      0xde0 src/main.o
 .rodata.calibri_36_0x40
                0x00416ce4       0x10 src/main.o
 .rodata.image_data_calibri_36_0x41
                0x00416cf4      0x91b src/main.o
 *fill*         0x0041760f        0x1 
 .rodata.calibri_36_0x41
                0x00417610       0x10 src/main.o
 .rodata.image_data_calibri_36_0x42
                0x00417620      0x8ac src/main.o
 .rodata.calibri_36_0x42
                0x00417ecc       0x10 src/main.o
 .rodata.image_data_calibri_36_0x43
                0x00417edc      0x83d src/main.o
 *fill*         0x00418719        0x3 
 .rodata.calibri_36_0x43
                0x0041871c       0x10 src/main.o
 .rodata.image_data_calibri_36_0x44
                0x0041872c      0x98a src/main.o
 *fill*         0x004190b6        0x2 
 .rodata.calibri_36_0x44
                0x004190b8       0x10 src/main.o
 .rodata.image_data_calibri_36_0x45
                0x004190c8      0x7ce src/main.o
 *fill*         0x00419896        0x2 
 .rodata.calibri_36_0x45
                0x00419898       0x10 src/main.o
 .rodata.image_data_calibri_36_0x46
                0x004198a8      0x75f src/main.o
 *fill*         0x0041a007        0x1 
 .rodata.calibri_36_0x46
                0x0041a008       0x10 src/main.o
 .rodata.image_data_calibri_36_0x47
                0x0041a018      0x9f9 src/main.o
 *fill*         0x0041aa11        0x3 
 .rodata.calibri_36_0x47
                0x0041aa14       0x10 src/main.o
 .rodata.image_data_calibri_36_0x48
                0x0041aa24      0x98a src/main.o
 *fill*         0x0041b3ae        0x2 
 .rodata.calibri_36_0x48
                0x0041b3b0       0x10 src/main.o
 .rodata.image_data_calibri_36_0x49
                0x0041b3c0      0x3e7 src/main.o
 *fill*         0x0041b7a7        0x1 
 .rodata.calibri_36_0x49
                0x0041b7a8       0x10 src/main.o
 .rodata.image_data_calibri_36_0x4a
                0x0041b7b8      0x4c5 src/main.o
 *fill*         0x0041bc7d        0x3 
 .rodata.calibri_36_0x4a
                0x0041bc80       0x10 src/main.o
 .rodata.image_data_calibri_36_0x4b
                0x0041bc90      0x83d src/main.o
 *fill*         0x0041c4cd        0x3 
 .rodata.calibri_36_0x4b
                0x0041c4d0       0x10 src/main.o
 .rodata.image_data_calibri_36_0x4c
                0x0041c4e0      0x681 src/main.o
 *fill*         0x0041cb61        0x3 
 .rodata.calibri_36_0x4c
                0x0041cb64       0x10 src/main.o
 .rodata.image_data_calibri_36_0x4d
                0x0041cb74      0xd71 src/main.o
 *fill*         0x0041d8e5        0x3 
 .rodata.calibri_36_0x4d
                0x0041d8e8       0x10 src/main.o
 .rodata.image_data_calibri_36_0x4e
                0x0041d8f8      0x9f9 src/main.o
 *fill*         0x0041e2f1        0x3 
 .rodata.calibri_36_0x4e
                0x0041e2f4       0x10 src/main.o
 .rodata.image_data_calibri_36_0x4f
                0x0041e304      0xa68 src/main.o
 .rodata.calibri_36_0x4f
                0x0041ed6c       0x10 src/main.o
 .rodata.image_data_calibri_36_0x50
                0x0041ed7c      0x83d src/main.o
 *fill*         0x0041f5b9        0x3 
 .rodata.calibri_36_0x50
                0x0041f5bc       0x10 src/main.o
 .rodata.image_data_calibri_36_0x51
                0x0041f5cc      0xad7 src/main.o
 *fill*         0x004200a3        0x1 
 .rodata.calibri_36_0x51
                0x004200a4       0x10 src/main.o
 .rodata.image_data_calibri_36_0x52
                0x004200b4      0x8ac src/main.o
 .rodata.calibri_36_0x52
                0x00420960       0x10 src/main.o
 .rodata.image_data_calibri_36_0x53
                0x00420970      0x75f src/main.o
 *fill*         0x004210cf        0x1 
 .rodata.calibri_36_0x53
                0x004210d0       0x10 src/main.o
 .rodata.image_data_calibri_36_0x54
                0x004210e0      0x7ce src/main.o
 *fill*         0x004218ae        0x2 
 .rodata.calibri_36_0x54
                0x004218b0       0x10 src/main.o
 .rodata.image_data_calibri_36_0x55
                0x004218c0      0x9f9 src/main.o
 *fill*         0x004222b9        0x3 
 .rodata.calibri_36_0x55
                0x004222bc       0x10 src/main.o
 .rodata.image_data_calibri_36_0x56
                0x004222cc      0x8ac src/main.o
 .rodata.calibri_36_0x56
                0x00422b78       0x10 src/main.o
 .rodata.image_data_calibri_36_0x57
                0x00422b88      0xde0 src/main.o
 .rodata.calibri_36_0x57
                0x00423968       0x10 src/main.o
 .rodata.image_data_calibri_36_0x58
                0x00423978      0x83d src/main.o
 *fill*         0x004241b5        0x3 
 .rodata.calibri_36_0x58
                0x004241b8       0x10 src/main.o
 .rodata.image_data_calibri_36_0x59
                0x004241c8      0x7ce src/main.o
 *fill*         0x00424996        0x2 
 .rodata.calibri_36_0x59
                0x00424998       0x10 src/main.o
 .rodata.image_data_calibri_36_0x5a
                0x004249a8      0x75f src/main.o
 *fill*         0x00425107        0x1 
 .rodata.calibri_36_0x5a
                0x00425108       0x10 src/main.o
 .rodata.image_data_calibri_36_0x5b
                0x00425118      0x4c5 src/main.o
 *fill*         0x004255dd        0x3 
 .rodata.calibri_36_0x5b
                0x004255e0       0x10 src/main.o
 .rodata.image_data_calibri_36_0x5c
                0x004255f0      0x612 src/main.o
 *fill*         0x00425c02        0x2 
 .rodata.calibri_36_0x5c
                0x00425c04       0x10 src/main.o
 .rodata.image_data_calibri_36_0x5d
                0x00425c14      0x4c5 src/main.o
 *fill*         0x004260d9        0x3 
 .rodata.calibri_36_0x5d
                0x004260dc       0x10 src/main.o
 .rodata.image_data_calibri_36_0x5e
                0x004260ec      0x7ce src/main.o
 *fill*         0x004268ba        0x2 
 .rodata.calibri_36_0x5e
                0x004268bc       0x10 src/main.o
 .rodata.image_data_calibri_36_0x5f
                0x004268cc      0x7ce src/main.o
 *fill*         0x0042709a        0x2 
 .rodata.calibri_36_0x5f
                0x0042709c       0x10 src/main.o
 .rodata.image_data_calibri_36_0x60
                0x004270ac      0x456 src/main.o
 *fill*         0x00427502        0x2 
 .rodata.calibri_36_0x60
                0x00427504       0x10 src/main.o
 .rodata.image_data_calibri_36_0x61
                0x00427514      0x75f src/main.o
 *fill*         0x00427c73        0x1 
 .rodata.calibri_36_0x61
                0x00427c74       0x10 src/main.o
 .rodata.image_data_calibri_36_0x62
                0x00427c84      0x83d src/main.o
 *fill*         0x004284c1        0x3 
 .rodata.calibri_36_0x62
                0x004284c4       0x10 src/main.o
 .rodata.image_data_calibri_36_0x63
                0x004284d4      0x681 src/main.o
 *fill*         0x00428b55        0x3 
 .rodata.calibri_36_0x63
                0x00428b58       0x10 src/main.o
 .rodata.image_data_calibri_36_0x64
                0x00428b68      0x83d src/main.o
 *fill*         0x004293a5        0x3 
 .rodata.calibri_36_0x64
                0x004293a8       0x10 src/main.o
 .rodata.image_data_calibri_36_0x65
                0x004293b8      0x7ce src/main.o
 *fill*         0x00429b86        0x2 
 .rodata.calibri_36_0x65
                0x00429b88       0x10 src/main.o
 .rodata.image_data_calibri_36_0x66
                0x00429b98      0x4c5 src/main.o
 *fill*         0x0042a05d        0x3 
 .rodata.calibri_36_0x66
                0x0042a060       0x10 src/main.o
 .rodata.image_data_calibri_36_0x67
                0x0042a070      0x75f src/main.o
 *fill*         0x0042a7cf        0x1 
 .rodata.calibri_36_0x67
                0x0042a7d0       0x10 src/main.o
 .rodata.image_data_calibri_36_0x68
                0x0042a7e0      0x83d src/main.o
 *fill*         0x0042b01d        0x3 
 .rodata.calibri_36_0x68
                0x0042b020       0x10 src/main.o
 .rodata.image_data_calibri_36_0x69
                0x0042b030      0x378 src/main.o
 .rodata.calibri_36_0x69
                0x0042b3a8       0x10 src/main.o
 .rodata.image_data_calibri_36_0x6a
                0x0042b3b8      0x3e7 src/main.o
 *fill*         0x0042b79f        0x1 
 .rodata.calibri_36_0x6a
                0x0042b7a0       0x10 src/main.o
 .rodata.image_data_calibri_36_0x6b
                0x0042b7b0      0x6f0 src/main.o
 .rodata.calibri_36_0x6b
                0x0042bea0       0x10 src/main.o
 .rodata.image_data_calibri_36_0x6c
                0x0042beb0      0x378 src/main.o
 .rodata.calibri_36_0x6c
                0x0042c228       0x10 src/main.o
 .rodata.image_data_calibri_36_0x6d
                0x0042c238      0xc93 src/main.o
 *fill*         0x0042cecb        0x1 
 .rodata.calibri_36_0x6d
                0x0042cecc       0x10 src/main.o
 .rodata.image_data_calibri_36_0x6e
                0x0042cedc      0x83d src/main.o
 *fill*         0x0042d719        0x3 
 .rodata.calibri_36_0x6e
                0x0042d71c       0x10 src/main.o
 .rodata.image_data_calibri_36_0x6f
                0x0042d72c      0x83d src/main.o
 *fill*         0x0042df69        0x3 
 .rodata.calibri_36_0x6f
                0x0042df6c       0x10 src/main.o
 .rodata.image_data_calibri_36_0x70
                0x0042df7c      0x83d src/main.o
 *fill*         0x0042e7b9        0x3 
 .rodata.calibri_36_0x70
                0x0042e7bc       0x10 src/main.o
 .rodata.image_data_calibri_36_0x71
                0x0042e7cc      0x83d src/main.o
 *fill*         0x0042f009        0x3 
 .rodata.calibri_36_0x71
                0x0042f00c       0x10 src/main.o
 .rodata.image_data_calibri_36_0x72
                0x0042f01c      0x5a3 src/main.o
 *fill*         0x0042f5bf        0x1 
 .rodata.calibri_36_0x72
                0x0042f5c0       0x10 src/main.o
 .rodata.image_data_calibri_36_0x73
                0x0042f5d0      0x612 src/main.o
 *fill*         0x0042fbe2        0x2 
 .rodata.calibri_36_0x73
                0x0042fbe4       0x10 src/main.o
 .rodata.image_data_calibri_36_0x74
                0x0042fbf4      0x534 src/main.o
 .rodata.calibri_36_0x74
                0x00430128       0x10 src/main.o
 .rodata.image_data_calibri_36_0x75
                0x00430138      0x83d src/main.o
 *fill*         0x00430975        0x3 
 .rodata.calibri_36_0x75
                0x00430978       0x10 src/main.o
 .rodata.image_data_calibri_36_0x76
                0x00430988      0x6f0 src/main.o
 .rodata.calibri_36_0x76
                0x00431078       0x10 src/main.o
 .rodata.image_data_calibri_36_0x77
                0x00431088      0xb46 src/main.o
 *fill*         0x00431bce        0x2 
 .rodata.calibri_36_0x77
                0x00431bd0       0x10 src/main.o
 .rodata.image_data_calibri_36_0x78
                0x00431be0      0x6f0 src/main.o
 .rodata.calibri_36_0x78
                0x004322d0       0x10 src/main.o
 .rodata.image_data_calibri_36_0x79
                0x004322e0      0x6f0 src/main.o
 .rodata.calibri_36_0x79
                0x004329d0       0x10 src/main.o
 .rodata.image_data_calibri_36_0x7a
                0x004329e0      0x612 src/main.o
 *fill*         0x00432ff2        0x2 
 .rodata.calibri_36_0x7a
                0x00432ff4       0x10 src/main.o
 .rodata.image_data_calibri_36_0x7b
                0x00433004      0x4c5 src/main.o
 *fill*         0x004334c9        0x3 
 .rodata.calibri_36_0x7b
                0x004334cc       0x10 src/main.o
 .rodata.image_data_calibri_36_0x7c
                0x004334dc      0x75f src/main.o
 *fill*         0x00433c3b        0x1 
 .rodata.calibri_36_0x7c
                0x00433c3c       0x10 src/main.o
 .rodata.image_data_calibri_36_0x7d
                0x00433c4c      0x4c5 src/main.o
 *fill*         0x00434111        0x3 
 .rodata.calibri_36_0x7d
                0x00434114       0x10 src/main.o
 .rodata.image_data_calibri_36_0x7e
                0x00434124      0x7ce src/main.o
 *fill*         0x004348f2        0x2 
 .rodata.calibri_36_0x7e
                0x004348f4       0x10 src/main.o
 .rodata.calibri_36_array
                0x00434904      0x2f8 src/main.o
 .rodata.calibri_36
                0x00434bfc        0xc src/main.o
                0x00434bfc                calibri_36
 .rodata        0x00434c08        0xf src/main.o
 *fill*         0x00434c17        0x1 
 .rodata._global_impure_ptr
                0x00434c18        0x4 c:/program files (x86)/atmel/studio/7.0/toolchain/arm/arm-gnu-toolchain/bin/../lib/gcc/arm-none-eabi/6.3.1/../../../../arm-none-eabi/lib/thumb/v7e-m\libc.a(lib_a-impure.o)
                0x00434c18                _global_impure_ptr
 .rodata._svfprintf_r.str1.4
                0x00434c1c       0x42 c:/program files (x86)/atmel/studio/7.0/toolchain/arm/arm-gnu-toolchain/bin/../lib/gcc/arm-none-eabi/6.3.1/../../../../arm-none-eabi/lib/thumb/v7e-m\libc.a(lib_a-svfprintf.o)
 *fill*         0x00434c5e        0x2 
 .rodata.blanks.7223
                0x00434c60       0x10 c:/program files (x86)/atmel/studio/7.0/toolchain/arm/arm-gnu-toolchain/bin/../lib/gcc/arm-none-eabi/6.3.1/../../../../arm-none-eabi/lib/thumb/v7e-m\libc.a(lib_a-svfprintf.o)
 .rodata.zeroes.7224
                0x00434c70       0x10 c:/program files (x86)/atmel/studio/7.0/toolchain/arm/arm-gnu-toolchain/bin/../lib/gcc/arm-none-eabi/6.3.1/../../../../arm-none-eabi/lib/thumb/v7e-m\libc.a(lib_a-svfprintf.o)
 .rodata._dtoa_r.str1.4
                0x00434c80       0x10 c:/program files (x86)/atmel/studio/7.0/toolchain/arm/arm-gnu-toolchain/bin/../lib/gcc/arm-none-eabi/6.3.1/../../../../arm-none-eabi/lib/thumb/v7e-m\libc.a(lib_a-dtoa.o)
                                 0x12 (size before relaxing)
 .rodata.__mprec_bigtens
                0x00434c90       0x28 c:/program files (x86)/atmel/studio/7.0/toolchain/arm/arm-gnu-toolchain/bin/../lib/gcc/arm-none-eabi/6.3.1/../../../../arm-none-eabi/lib/thumb/v7e-m\libc.a(lib_a-mprec.o)
                0x00434c90                __mprec_bigtens
 .rodata.__mprec_tens
                0x00434cb8       0xc8 c:/program files (x86)/atmel/studio/7.0/toolchain/arm/arm-gnu-toolchain/bin/../lib/gcc/arm-none-eabi/6.3.1/../../../../arm-none-eabi/lib/thumb/v7e-m\libc.a(lib_a-mprec.o)
                0x00434cb8                __mprec_tens
 .rodata.p05.6055
                0x00434d80        0xc c:/program files (x86)/atmel/studio/7.0/toolchain/arm/arm-gnu-toolchain/bin/../lib/gcc/arm-none-eabi/6.3.1/../../../../arm-none-eabi/lib/thumb/v7e-m\libc.a(lib_a-mprec.o)
 .rodata._setlocale_r.str1.4
                0x00434d8c        0xa c:/program files (x86)/atmel/studio/7.0/toolchain/arm/arm-gnu-toolchain/bin/../lib/gcc/arm-none-eabi/6.3.1/../../../../arm-none-eabi/lib/thumb/v7e-m\libc.a(lib_a-locale.o)
                                  0xd (size before relaxing)
 *fill*         0x00434d96        0x2 
 .rodata.str1.4
                0x00434d98        0x4 c:/program files (x86)/atmel/studio/7.0/toolchain/arm/arm-gnu-toolchain/bin/../lib/gcc/arm-none-eabi/6.3.1/../../../../arm-none-eabi/lib/thumb/v7e-m\libc.a(lib_a-locale.o)
                                  0x2 (size before relaxing)
 .rodata._ctype_
                0x00434d9c      0x101 c:/program files (x86)/atmel/studio/7.0/toolchain/arm/arm-gnu-toolchain/bin/../lib/gcc/arm-none-eabi/6.3.1/../../../../arm-none-eabi/lib/thumb/v7e-m\libc.a(lib_a-ctype_.o)
                0x00434d9c                _ctype_
 *(.ARM.extab* .gnu.linkonce.armextab.*)
                0x00434ea0                . = ALIGN (0x4)
 *fill*         0x00434e9d        0x3 
 *(.init)
 .init          0x00434ea0        0x4 c:/program files (x86)/atmel/studio/7.0/toolchain/arm/arm-gnu-toolchain/bin/../lib/gcc/arm-none-eabi/6.3.1/thumb/v7e-m/crti.o
                0x00434ea0                _init
 .init          0x00434ea4        0x8 c:/program files (x86)/atmel/studio/7.0/toolchain/arm/arm-gnu-toolchain/bin/../lib/gcc/arm-none-eabi/6.3.1/thumb/v7e-m/crtn.o
                0x00434eac                . = ALIGN (0x4)
                0x00434eac                __preinit_array_start = .
 *(.preinit_array)
                0x00434eac                __preinit_array_end = .
                0x00434eac                . = ALIGN (0x4)
                0x00434eac                __init_array_start = .
 *(SORT(.init_array.*))
 .init_array.00000
                0x00434eac        0x4 c:/program files (x86)/atmel/studio/7.0/toolchain/arm/arm-gnu-toolchain/bin/../lib/gcc/arm-none-eabi/6.3.1/../../../../arm-none-eabi/lib/thumb/v7e-m\libc.a(lib_a-__call_atexit.o)
 *(.init_array)
 .init_array    0x00434eb0        0x4 c:/program files (x86)/atmel/studio/7.0/toolchain/arm/arm-gnu-toolchain/bin/../lib/gcc/arm-none-eabi/6.3.1/thumb/v7e-m/crtbegin.o
                0x00434eb4                __init_array_end = .
                0x00434eb4                . = ALIGN (0x4)
 *crtbegin.o(.ctors)
 *(EXCLUDE_FILE(*crtend.o) .ctors)
 *(SORT(.ctors.*))
 *crtend.o(.ctors)
                0x00434eb4                . = ALIGN (0x4)
 *(.fini)
 .fini          0x00434eb4        0x4 c:/program files (x86)/atmel/studio/7.0/toolchain/arm/arm-gnu-toolchain/bin/../lib/gcc/arm-none-eabi/6.3.1/thumb/v7e-m/crti.o
                0x00434eb4                _fini
 .fini          0x00434eb8        0x8 c:/program files (x86)/atmel/studio/7.0/toolchain/arm/arm-gnu-toolchain/bin/../lib/gcc/arm-none-eabi/6.3.1/thumb/v7e-m/crtn.o
                0x00434ec0                . = ALIGN (0x4)
                0x00434ec0                __fini_array_start = .
 *(.fini_array)
 .fini_array    0x00434ec0        0x4 c:/program files (x86)/atmel/studio/7.0/toolchain/arm/arm-gnu-toolchain/bin/../lib/gcc/arm-none-eabi/6.3.1/thumb/v7e-m/crtbegin.o
 *(SORT(.fini_array.*))
                0x00434ec4                __fini_array_end = .
 *crtbegin.o(.dtors)
 *(EXCLUDE_FILE(*crtend.o) .dtors)
 *(SORT(.dtors.*))
 *crtend.o(.dtors)
                0x00434ec4                . = ALIGN (0x4)
                0x00434ec4                _efixed = .
                [!provide]                PROVIDE (__exidx_start, .)

.vfp11_veneer   0x00434ec4        0x0
 .vfp11_veneer  0x00434ec4        0x0 linker stubs

.v4_bx          0x00434ec4        0x0
 .v4_bx         0x00434ec4        0x0 linker stubs

.iplt           0x00434ec4        0x0
 .iplt          0x00434ec4        0x0 c:/program files (x86)/atmel/studio/7.0/toolchain/arm/arm-gnu-toolchain/bin/../lib/gcc/arm-none-eabi/6.3.1/thumb/v7e-m/crtbegin.o

.ARM.exidx      0x00434ec4        0x8
 *(.ARM.exidx* .gnu.linkonce.armexidx.*)
 .ARM.exidx     0x00434ec4        0x8 c:/program files (x86)/atmel/studio/7.0/toolchain/arm/arm-gnu-toolchain/bin/../lib/gcc/arm-none-eabi/6.3.1/thumb/v7e-m\libgcc.a(_udivmoddi4.o)
                [!provide]                PROVIDE (__exidx_end, .)

.eh_frame       0x00434ecc        0x0
 .eh_frame      0x00434ecc        0x0 c:/program files (x86)/atmel/studio/7.0/toolchain/arm/arm-gnu-toolchain/bin/../lib/gcc/arm-none-eabi/6.3.1/thumb/v7e-m/crtbegin.o

.rel.dyn        0x00434ecc        0x0
 .rel.iplt      0x00434ecc        0x0 c:/program files (x86)/atmel/studio/7.0/toolchain/arm/arm-gnu-toolchain/bin/../lib/gcc/arm-none-eabi/6.3.1/thumb/v7e-m/crtbegin.o

.jcr            0x00434ecc        0x0
 .jcr           0x00434ecc        0x0 c:/program files (x86)/atmel/studio/7.0/toolchain/arm/arm-gnu-toolchain/bin/../lib/gcc/arm-none-eabi/6.3.1/thumb/v7e-m/crtbegin.o

.igot.plt       0x00434ecc        0x0
 .igot.plt      0x00434ecc        0x0 c:/program files (x86)/atmel/studio/7.0/toolchain/arm/arm-gnu-toolchain/bin/../lib/gcc/arm-none-eabi/6.3.1/thumb/v7e-m/crtbegin.o
                0x00434ecc                . = ALIGN (0x4)
                0x00434ecc                _etext = .

.relocate       0x20400000      0x9b8 load address 0x00434ecc
                0x20400000                . = ALIGN (0x4)
                0x20400000                _srelocate = .
 *(.ramfunc .ramfunc.*)
 *(.data .data.*)
 .data.flag_stop
                0x20400000        0x4 src/main.o
                0x20400000                flag_stop
 .data.g_interrupt_enabled
                0x20400004        0x1 src/ASF/common/utils/interrupt/interrupt_sam_nvic.o
                0x20400004                g_interrupt_enabled
 *fill*         0x20400005        0x3 
 .data.SystemCoreClock
                0x20400008        0x4 src/ASF/sam/utils/cmsis/same70/source/templates/system_same70.o
                0x20400008                SystemCoreClock
 .data._impure_ptr
                0x2040000c        0x4 c:/program files (x86)/atmel/studio/7.0/toolchain/arm/arm-gnu-toolchain/bin/../lib/gcc/arm-none-eabi/6.3.1/../../../../arm-none-eabi/lib/thumb/v7e-m\libc.a(lib_a-impure.o)
                0x2040000c                _impure_ptr
 .data.impure_data
                0x20400010      0x428 c:/program files (x86)/atmel/studio/7.0/toolchain/arm/arm-gnu-toolchain/bin/../lib/gcc/arm-none-eabi/6.3.1/../../../../arm-none-eabi/lib/thumb/v7e-m\libc.a(lib_a-impure.o)
 .data.__atexit_recursive_mutex
                0x20400438        0x4 c:/program files (x86)/atmel/studio/7.0/toolchain/arm/arm-gnu-toolchain/bin/../lib/gcc/arm-none-eabi/6.3.1/../../../../arm-none-eabi/lib/thumb/v7e-m\libc.a(lib_a-__call_atexit.o)
                0x20400438                __atexit_recursive_mutex
 .data.__malloc_av_
                0x2040043c      0x408 c:/program files (x86)/atmel/studio/7.0/toolchain/arm/arm-gnu-toolchain/bin/../lib/gcc/arm-none-eabi/6.3.1/../../../../arm-none-eabi/lib/thumb/v7e-m\libc.a(lib_a-mallocr.o)
                0x2040043c                __malloc_av_
 .data.__malloc_sbrk_base
                0x20400844        0x4 c:/program files (x86)/atmel/studio/7.0/toolchain/arm/arm-gnu-toolchain/bin/../lib/gcc/arm-none-eabi/6.3.1/../../../../arm-none-eabi/lib/thumb/v7e-m\libc.a(lib_a-mallocr.o)
                0x20400844                __malloc_sbrk_base
 .data.__malloc_trim_threshold
                0x20400848        0x4 c:/program files (x86)/atmel/studio/7.0/toolchain/arm/arm-gnu-toolchain/bin/../lib/gcc/arm-none-eabi/6.3.1/../../../../arm-none-eabi/lib/thumb/v7e-m\libc.a(lib_a-mallocr.o)
                0x20400848                __malloc_trim_threshold
 .data.__global_locale
                0x2040084c      0x16c c:/program files (x86)/atmel/studio/7.0/toolchain/arm/arm-gnu-toolchain/bin/../lib/gcc/arm-none-eabi/6.3.1/../../../../arm-none-eabi/lib/thumb/v7e-m\libc.a(lib_a-locale.o)
                0x2040084c                __global_locale
                0x204009b8                . = ALIGN (0x4)
                0x204009b8                _erelocate = .

.bss            0x204009b8      0x4f8 load address 0x00435884
                0x204009b8                . = ALIGN (0x4)
                0x204009b8                _sbss = .
                0x204009b8                _szero = .
 *(.bss .bss.*)
 .bss           0x204009b8       0x1c c:/program files (x86)/atmel/studio/7.0/toolchain/arm/arm-gnu-toolchain/bin/../lib/gcc/arm-none-eabi/6.3.1/thumb/v7e-m/crtbegin.o
 .bss.g_wobits_in_rtt_mr
                0x204009d4        0x4 src/ASF/sam/drivers/rtt/rtt.o
 .bss.distance  0x204009d8        0x4 src/main.o
                0x204009d8                distance
 .bss.pulse     0x204009dc        0x4 src/main.o
                0x204009dc                pulse
 .bss.speed     0x204009e0        0x4 src/main.o
                0x204009e0                speed
 .bss.f_rtt_alarme
                0x204009e4        0x1 src/main.o
                0x204009e4                f_rtt_alarme
 *fill*         0x204009e5        0x3 
 .bss.g_ul_pixel_cache
                0x204009e8      0x3c0 src/ASF/sam/components/display/ili9488/ili9488.o
 .bss.gs_interrupt_sources
                0x20400da8       0x70 src/ASF/sam/drivers/pio/pio_handler.o
 .bss.gs_ul_nb_sources
                0x20400e18        0x4 src/ASF/sam/drivers/pio/pio_handler.o
 .bss.heap.6420
                0x20400e1c        0x4 src/ASF/sam/utils/syscalls/gcc/syscalls.o
 .bss.__malloc_current_mallinfo
                0x20400e20       0x28 c:/program files (x86)/atmel/studio/7.0/toolchain/arm/arm-gnu-toolchain/bin/../lib/gcc/arm-none-eabi/6.3.1/../../../../arm-none-eabi/lib/thumb/v7e-m\libc.a(lib_a-mallocr.o)
                0x20400e20                __malloc_current_mallinfo
 .bss.__malloc_max_sbrked_mem
                0x20400e48        0x4 c:/program files (x86)/atmel/studio/7.0/toolchain/arm/arm-gnu-toolchain/bin/../lib/gcc/arm-none-eabi/6.3.1/../../../../arm-none-eabi/lib/thumb/v7e-m\libc.a(lib_a-mallocr.o)
                0x20400e48                __malloc_max_sbrked_mem
 .bss.__malloc_max_total_mem
                0x20400e4c        0x4 c:/program files (x86)/atmel/studio/7.0/toolchain/arm/arm-gnu-toolchain/bin/../lib/gcc/arm-none-eabi/6.3.1/../../../../arm-none-eabi/lib/thumb/v7e-m\libc.a(lib_a-mallocr.o)
                0x20400e4c                __malloc_max_total_mem
 .bss.__malloc_top_pad
                0x20400e50        0x4 c:/program files (x86)/atmel/studio/7.0/toolchain/arm/arm-gnu-toolchain/bin/../lib/gcc/arm-none-eabi/6.3.1/../../../../arm-none-eabi/lib/thumb/v7e-m\libc.a(lib_a-mallocr.o)
                0x20400e50                __malloc_top_pad
 *(COMMON)
 COMMON         0x20400e54       0x34 src/main.o
                0x20400e54                hora
                0x20400e58                flag_distance
                0x20400e5c                min
                0x20400e60                sec
                0x20400e64                flag_speed
                0x20400e68                flag_draw
                0x20400e6c                g_ili9488_display_opt
                0x20400e7c                flag_button
                0x20400e80                flag_redraw2
                0x20400e84                flag_ciclo
 COMMON         0x20400e88       0x21 c:/program files (x86)/atmel/studio/7.0/toolchain/arm/arm-gnu-toolchain/bin/../lib/gcc/arm-none-eabi/6.3.1/../../../../arm-none-eabi/lib/thumb/v7e-m\libc.a(lib_a-lock.o)
                0x20400e88                __lock___atexit_recursive_mutex
                0x20400e8c                __lock___arc4random_mutex
                0x20400e90                __lock___env_recursive_mutex
                0x20400e94                __lock___sinit_recursive_mutex
                0x20400e98                __lock___malloc_recursive_mutex
                0x20400e9c                __lock___at_quick_exit_mutex
                0x20400ea0                __lock___dd_hash_mutex
                0x20400ea4                __lock___tz_mutex
                0x20400ea8                __lock___sfp_recursive_mutex
 *fill*         0x20400ea9        0x3 
 COMMON         0x20400eac        0x4 c:/program files (x86)/atmel/studio/7.0/toolchain/arm/arm-gnu-toolchain/bin/../lib/gcc/arm-none-eabi/6.3.1/../../../../arm-none-eabi/lib/thumb/v7e-m\libc.a(lib_a-reent.o)
                0x20400eac                errno
                0x20400eb0                . = ALIGN (0x4)
                0x20400eb0                _ebss = .
                0x20400eb0                _ezero = .

.stack          0x20400eb0     0x2000 load address 0x00435d7c
                0x20400eb0                . = ALIGN (0x8)
                0x20400eb0                _sstack = .
                0x20402eb0                . = (. + STACK_SIZE)
 *fill*         0x20400eb0     0x2000 
                0x20402eb0                . = ALIGN (0x8)
                0x20402eb0                _estack = .

.heap           0x20402eb0      0x200 load address 0x00437d7c
                0x20402eb0                . = ALIGN (0x8)
                0x20402eb0                _sheap = .
                0x204030b0                . = (. + HEAP_SIZE)
 *fill*         0x20402eb0      0x200 
                0x204030b0                . = ALIGN (0x8)
                0x204030b0                _eheap = .
                0x204030b0                . = ALIGN (0x4)
                0x204030b0                _end = .
                0x2045ffff                _ram_end_ = ((ORIGIN (ram) + LENGTH (ram)) - 0x1)
OUTPUT(SAME70_FONTS.elf elf32-littlearm)

.ARM.attributes
                0x00000000       0x2e
 .ARM.attributes
                0x00000000       0x1e c:/program files (x86)/atmel/studio/7.0/toolchain/arm/arm-gnu-toolchain/bin/../lib/gcc/arm-none-eabi/6.3.1/thumb/v7e-m/crti.o
 .ARM.attributes
                0x0000001e       0x2e c:/program files (x86)/atmel/studio/7.0/toolchain/arm/arm-gnu-toolchain/bin/../lib/gcc/arm-none-eabi/6.3.1/thumb/v7e-m/crtbegin.o
 .ARM.attributes
                0x0000004c       0x37 src/ASF/sam/drivers/rtc/rtc.o
 .ARM.attributes
                0x00000083       0x37 src/ASF/sam/drivers/rtt/rtt.o
 .ARM.attributes
                0x000000ba       0x37 src/main.o
 .ARM.attributes
                0x000000f1       0x37 src/ASF/common/services/spi/sam_spi/spi_master.o
 .ARM.attributes
                0x00000128       0x37 src/ASF/sam/components/display/ili9488/ili9488.o
 .ARM.attributes
                0x0000015f       0x37 src/ASF/sam/drivers/spi/spi.o
 .ARM.attributes
                0x00000196       0x37 src/ASF/common/services/clock/same70/sysclk.o
 .ARM.attributes
                0x000001cd       0x37 src/ASF/common/utils/interrupt/interrupt_sam_nvic.o
 .ARM.attributes
                0x00000204       0x37 src/ASF/sam/boards/same70_xplained/init.o
 .ARM.attributes
                0x0000023b       0x37 src/ASF/sam/drivers/pio/pio.o
 .ARM.attributes
                0x00000272       0x37 src/ASF/sam/drivers/pio/pio_handler.o
 .ARM.attributes
                0x000002a9       0x37 src/ASF/sam/drivers/pmc/pmc.o
 .ARM.attributes
                0x000002e0       0x37 src/ASF/sam/utils/cmsis/same70/source/templates/gcc/startup_same70.o
 .ARM.attributes
                0x00000317       0x37 src/ASF/sam/utils/cmsis/same70/source/templates/system_same70.o
 .ARM.attributes
                0x0000034e       0x37 src/ASF/sam/utils/syscalls/gcc/syscalls.o
 .ARM.attributes
                0x00000385       0x1e c:/program files (x86)/atmel/studio/7.0/toolchain/arm/arm-gnu-toolchain/bin/../lib/gcc/arm-none-eabi/6.3.1/thumb/v7e-m\libgcc.a(_arm_addsubdf3.o)
 .ARM.attributes
                0x000003a3       0x1e c:/program files (x86)/atmel/studio/7.0/toolchain/arm/arm-gnu-toolchain/bin/../lib/gcc/arm-none-eabi/6.3.1/thumb/v7e-m\libgcc.a(_arm_muldivdf3.o)
 .ARM.attributes
                0x000003c1       0x1e c:/program files (x86)/atmel/studio/7.0/toolchain/arm/arm-gnu-toolchain/bin/../lib/gcc/arm-none-eabi/6.3.1/thumb/v7e-m\libgcc.a(_arm_fixdfsi.o)
 .ARM.attributes
                0x000003df       0x1e c:/program files (x86)/atmel/studio/7.0/toolchain/arm/arm-gnu-toolchain/bin/../lib/gcc/arm-none-eabi/6.3.1/thumb/v7e-m\libgcc.a(_arm_truncdfsf2.o)
 .ARM.attributes
                0x000003fd       0x2e c:/program files (x86)/atmel/studio/7.0/toolchain/arm/arm-gnu-toolchain/bin/../lib/gcc/arm-none-eabi/6.3.1/../../../../arm-none-eabi/lib/thumb/v7e-m\libc.a(lib_a-impure.o)
 .ARM.attributes
                0x0000042b       0x2e c:/program files (x86)/atmel/studio/7.0/toolchain/arm/arm-gnu-toolchain/bin/../lib/gcc/arm-none-eabi/6.3.1/../../../../arm-none-eabi/lib/thumb/v7e-m\libc.a(lib_a-init.o)
 .ARM.attributes
                0x00000459       0x2e c:/program files (x86)/atmel/studio/7.0/toolchain/arm/arm-gnu-toolchain/bin/../lib/gcc/arm-none-eabi/6.3.1/../../../../arm-none-eabi/lib/thumb/v7e-m\libc.a(lib_a-memset.o)
 .ARM.attributes
                0x00000487       0x2e c:/program files (x86)/atmel/studio/7.0/toolchain/arm/arm-gnu-toolchain/bin/../lib/gcc/arm-none-eabi/6.3.1/../../../../arm-none-eabi/lib/thumb/v7e-m\libc.a(lib_a-sprintf.o)
 .ARM.attributes
                0x000004b5       0x2e c:/program files (x86)/atmel/studio/7.0/toolchain/arm/arm-gnu-toolchain/bin/../lib/gcc/arm-none-eabi/6.3.1/../../../../arm-none-eabi/lib/thumb/v7e-m\libc.a(lib_a-svfprintf.o)
 .ARM.attributes
                0x000004e3       0x2e c:/program files (x86)/atmel/studio/7.0/toolchain/arm/arm-gnu-toolchain/bin/../lib/gcc/arm-none-eabi/6.3.1/../../../../arm-none-eabi/lib/thumb/v7e-m\libc.a(lib_a-__call_atexit.o)
 .ARM.attributes
                0x00000511       0x2e c:/program files (x86)/atmel/studio/7.0/toolchain/arm/arm-gnu-toolchain/bin/../lib/gcc/arm-none-eabi/6.3.1/../../../../arm-none-eabi/lib/thumb/v7e-m\libc.a(lib_a-atexit.o)
 .ARM.attributes
                0x0000053f       0x2e c:/program files (x86)/atmel/studio/7.0/toolchain/arm/arm-gnu-toolchain/bin/../lib/gcc/arm-none-eabi/6.3.1/../../../../arm-none-eabi/lib/thumb/v7e-m\libc.a(lib_a-dtoa.o)
 .ARM.attributes
                0x0000056d       0x2e c:/program files (x86)/atmel/studio/7.0/toolchain/arm/arm-gnu-toolchain/bin/../lib/gcc/arm-none-eabi/6.3.1/../../../../arm-none-eabi/lib/thumb/v7e-m\libc.a(lib_a-fini.o)
 .ARM.attributes
                0x0000059b       0x2e c:/program files (x86)/atmel/studio/7.0/toolchain/arm/arm-gnu-toolchain/bin/../lib/gcc/arm-none-eabi/6.3.1/../../../../arm-none-eabi/lib/thumb/v7e-m\libc.a(lib_a-localeconv.o)
 .ARM.attributes
                0x000005c9       0x2e c:/program files (x86)/atmel/studio/7.0/toolchain/arm/arm-gnu-toolchain/bin/../lib/gcc/arm-none-eabi/6.3.1/../../../../arm-none-eabi/lib/thumb/v7e-m\libc.a(lib_a-lock.o)
 .ARM.attributes
                0x000005f7       0x2e c:/program files (x86)/atmel/studio/7.0/toolchain/arm/arm-gnu-toolchain/bin/../lib/gcc/arm-none-eabi/6.3.1/../../../../arm-none-eabi/lib/thumb/v7e-m\libc.a(lib_a-mallocr.o)
 .ARM.attributes
                0x00000625       0x1c c:/program files (x86)/atmel/studio/7.0/toolchain/arm/arm-gnu-toolchain/bin/../lib/gcc/arm-none-eabi/6.3.1/../../../../arm-none-eabi/lib/thumb/v7e-m\libc.a(lib_a-memchr.o)
 .ARM.attributes
                0x00000641       0x1c c:/program files (x86)/atmel/studio/7.0/toolchain/arm/arm-gnu-toolchain/bin/../lib/gcc/arm-none-eabi/6.3.1/../../../../arm-none-eabi/lib/thumb/v7e-m\libc.a(lib_a-memcpy.o)
 .ARM.attributes
                0x0000065d       0x2e c:/program files (x86)/atmel/studio/7.0/toolchain/arm/arm-gnu-toolchain/bin/../lib/gcc/arm-none-eabi/6.3.1/../../../../arm-none-eabi/lib/thumb/v7e-m\libc.a(lib_a-mlock.o)
 .ARM.attributes
                0x0000068b       0x2e c:/program files (x86)/atmel/studio/7.0/toolchain/arm/arm-gnu-toolchain/bin/../lib/gcc/arm-none-eabi/6.3.1/../../../../arm-none-eabi/lib/thumb/v7e-m\libc.a(lib_a-mprec.o)
 .ARM.attributes
                0x000006b9       0x2e c:/program files (x86)/atmel/studio/7.0/toolchain/arm/arm-gnu-toolchain/bin/../lib/gcc/arm-none-eabi/6.3.1/../../../../arm-none-eabi/lib/thumb/v7e-m\libc.a(lib_a-sbrkr.o)
 .ARM.attributes
                0x000006e7       0x1c c:/program files (x86)/atmel/studio/7.0/toolchain/arm/arm-gnu-toolchain/bin/../lib/gcc/arm-none-eabi/6.3.1/../../../../arm-none-eabi/lib/thumb/v7e-m\libc.a(lib_a-strlen.o)
 .ARM.attributes
                0x00000703       0x2e c:/program files (x86)/atmel/studio/7.0/toolchain/arm/arm-gnu-toolchain/bin/../lib/gcc/arm-none-eabi/6.3.1/../../../../arm-none-eabi/lib/thumb/v7e-m\libc.a(lib_a-svfiprintf.o)
 .ARM.attributes
                0x00000731       0x2e c:/program files (x86)/atmel/studio/7.0/toolchain/arm/arm-gnu-toolchain/bin/../lib/gcc/arm-none-eabi/6.3.1/../../../../arm-none-eabi/lib/thumb/v7e-m\libc.a(lib_a-__atexit.o)
 .ARM.attributes
                0x0000075f       0x2e c:/program files (x86)/atmel/studio/7.0/toolchain/arm/arm-gnu-toolchain/bin/../lib/gcc/arm-none-eabi/6.3.1/../../../../arm-none-eabi/lib/thumb/v7e-m\libc.a(lib_a-callocr.o)
 .ARM.attributes
                0x0000078d       0x2e c:/program files (x86)/atmel/studio/7.0/toolchain/arm/arm-gnu-toolchain/bin/../lib/gcc/arm-none-eabi/6.3.1/../../../../arm-none-eabi/lib/thumb/v7e-m\libc.a(lib_a-freer.o)
 .ARM.attributes
                0x000007bb       0x2e c:/program files (x86)/atmel/studio/7.0/toolchain/arm/arm-gnu-toolchain/bin/../lib/gcc/arm-none-eabi/6.3.1/../../../../arm-none-eabi/lib/thumb/v7e-m\libc.a(lib_a-locale.o)
 .ARM.attributes
                0x000007e9       0x2e c:/program files (x86)/atmel/studio/7.0/toolchain/arm/arm-gnu-toolchain/bin/../lib/gcc/arm-none-eabi/6.3.1/../../../../arm-none-eabi/lib/thumb/v7e-m\libc.a(lib_a-mbtowc_r.o)
 .ARM.attributes
                0x00000817       0x2e c:/program files (x86)/atmel/studio/7.0/toolchain/arm/arm-gnu-toolchain/bin/../lib/gcc/arm-none-eabi/6.3.1/../../../../arm-none-eabi/lib/thumb/v7e-m\libc.a(lib_a-memmove.o)
 .ARM.attributes
                0x00000845       0x2e c:/program files (x86)/atmel/studio/7.0/toolchain/arm/arm-gnu-toolchain/bin/../lib/gcc/arm-none-eabi/6.3.1/../../../../arm-none-eabi/lib/thumb/v7e-m\libc.a(lib_a-reallocr.o)
 .ARM.attributes
                0x00000873       0x2e c:/program files (x86)/atmel/studio/7.0/toolchain/arm/arm-gnu-toolchain/bin/../lib/gcc/arm-none-eabi/6.3.1/../../../../arm-none-eabi/lib/thumb/v7e-m\libc.a(lib_a-reent.o)
 .ARM.attributes
                0x000008a1       0x2e c:/program files (x86)/atmel/studio/7.0/toolchain/arm/arm-gnu-toolchain/bin/../lib/gcc/arm-none-eabi/6.3.1/../../../../arm-none-eabi/lib/thumb/v7e-m\libc.a(lib_a-wctomb_r.o)
 .ARM.attributes
                0x000008cf       0x2e c:/program files (x86)/atmel/studio/7.0/toolchain/arm/arm-gnu-toolchain/bin/../lib/gcc/arm-none-eabi/6.3.1/../../../../arm-none-eabi/lib/thumb/v7e-m\libc.a(lib_a-ctype_.o)
 .ARM.attributes
                0x000008fd       0x1e c:/program files (x86)/atmel/studio/7.0/toolchain/arm/arm-gnu-toolchain/bin/../lib/gcc/arm-none-eabi/6.3.1/thumb/v7e-m\libgcc.a(_arm_cmpdf2.o)
 .ARM.attributes
                0x0000091b       0x1e c:/program files (x86)/atmel/studio/7.0/toolchain/arm/arm-gnu-toolchain/bin/../lib/gcc/arm-none-eabi/6.3.1/thumb/v7e-m\libgcc.a(_arm_unorddf2.o)
 .ARM.attributes
                0x00000939       0x1e c:/program files (x86)/atmel/studio/7.0/toolchain/arm/arm-gnu-toolchain/bin/../lib/gcc/arm-none-eabi/6.3.1/thumb/v7e-m\libgcc.a(_aeabi_uldivmod.o)
 .ARM.attributes
                0x00000957       0x2e c:/program files (x86)/atmel/studio/7.0/toolchain/arm/arm-gnu-toolchain/bin/../lib/gcc/arm-none-eabi/6.3.1/thumb/v7e-m\libgcc.a(_udivmoddi4.o)
 .ARM.attributes
                0x00000985       0x1e c:/program files (x86)/atmel/studio/7.0/toolchain/arm/arm-gnu-toolchain/bin/../lib/gcc/arm-none-eabi/6.3.1/thumb/v7e-m\libgcc.a(_dvmd_tls.o)
 .ARM.attributes
                0x000009a3       0x1e c:/program files (x86)/atmel/studio/7.0/toolchain/arm/arm-gnu-toolchain/bin/../lib/gcc/arm-none-eabi/6.3.1/thumb/v7e-m/crtn.o

.comment        0x00000000       0x59
 .comment       0x00000000       0x59 src/ASF/sam/drivers/rtc/rtc.o
                                 0x5a (size before relaxing)
 .comment       0x00000059       0x5a src/ASF/sam/drivers/rtt/rtt.o
 .comment       0x00000059       0x5a src/main.o
 .comment       0x00000059       0x5a src/ASF/common/services/spi/sam_spi/spi_master.o
 .comment       0x00000059       0x5a src/ASF/sam/components/display/ili9488/ili9488.o
 .comment       0x00000059       0x5a src/ASF/sam/drivers/spi/spi.o
 .comment       0x00000059       0x5a src/ASF/common/services/clock/same70/sysclk.o
 .comment       0x00000059       0x5a src/ASF/common/utils/interrupt/interrupt_sam_nvic.o
 .comment       0x00000059       0x5a src/ASF/sam/boards/same70_xplained/init.o
 .comment       0x00000059       0x5a src/ASF/sam/drivers/pio/pio.o
 .comment       0x00000059       0x5a src/ASF/sam/drivers/pio/pio_handler.o
 .comment       0x00000059       0x5a src/ASF/sam/drivers/pmc/pmc.o
 .comment       0x00000059       0x5a src/ASF/sam/utils/cmsis/same70/source/templates/gcc/startup_same70.o
 .comment       0x00000059       0x5a src/ASF/sam/utils/cmsis/same70/source/templates/system_same70.o
 .comment       0x00000059       0x5a src/ASF/sam/utils/syscalls/gcc/syscalls.o

.debug_info     0x00000000    0x15677
 .debug_info    0x00000000     0x1158 src/ASF/sam/drivers/rtc/rtc.o
 .debug_info    0x00001158      0xcaf src/ASF/sam/drivers/rtt/rtt.o
 .debug_info    0x00001e07     0x36d9 src/main.o
 .debug_info    0x000054e0     0x143e src/ASF/common/services/spi/sam_spi/spi_master.o
 .debug_info    0x0000691e     0x208c src/ASF/sam/components/display/ili9488/ili9488.o
 .debug_info    0x000089aa     0x1123 src/ASF/sam/drivers/spi/spi.o
 .debug_info    0x00009acd     0x1311 src/ASF/common/services/clock/same70/sysclk.o
 .debug_info    0x0000adde      0xb06 src/ASF/common/utils/interrupt/interrupt_sam_nvic.o
 .debug_info    0x0000b8e4     0x1dad src/ASF/sam/boards/same70_xplained/init.o
 .debug_info    0x0000d691     0x1ce3 src/ASF/sam/drivers/pio/pio.o
 .debug_info    0x0000f374     0x1a74 src/ASF/sam/drivers/pio/pio_handler.o
 .debug_info    0x00010de8     0x1eed src/ASF/sam/drivers/pmc/pmc.o
 .debug_info    0x00012cd5     0x1612 src/ASF/sam/utils/cmsis/same70/source/templates/gcc/startup_same70.o
 .debug_info    0x000142e7      0x5d4 src/ASF/sam/utils/cmsis/same70/source/templates/system_same70.o
 .debug_info    0x000148bb      0xdbc src/ASF/sam/utils/syscalls/gcc/syscalls.o

.debug_abbrev   0x00000000     0x27d3
 .debug_abbrev  0x00000000      0x257 src/ASF/sam/drivers/rtc/rtc.o
 .debug_abbrev  0x00000257      0x203 src/ASF/sam/drivers/rtt/rtt.o
 .debug_abbrev  0x0000045a      0x3d2 src/main.o
 .debug_abbrev  0x0000082c      0x305 src/ASF/common/services/spi/sam_spi/spi_master.o
 .debug_abbrev  0x00000b31      0x2f4 src/ASF/sam/components/display/ili9488/ili9488.o
 .debug_abbrev  0x00000e25      0x2cf src/ASF/sam/drivers/spi/spi.o
 .debug_abbrev  0x000010f4      0x296 src/ASF/common/services/clock/same70/sysclk.o
 .debug_abbrev  0x0000138a      0x214 src/ASF/common/utils/interrupt/interrupt_sam_nvic.o
 .debug_abbrev  0x0000159e      0x3f4 src/ASF/sam/boards/same70_xplained/init.o
 .debug_abbrev  0x00001992      0x296 src/ASF/sam/drivers/pio/pio.o
 .debug_abbrev  0x00001c28      0x2c9 src/ASF/sam/drivers/pio/pio_handler.o
 .debug_abbrev  0x00001ef1      0x2ce src/ASF/sam/drivers/pmc/pmc.o
 .debug_abbrev  0x000021bf      0x2e8 src/ASF/sam/utils/cmsis/same70/source/templates/gcc/startup_same70.o
 .debug_abbrev  0x000024a7      0x102 src/ASF/sam/utils/cmsis/same70/source/templates/system_same70.o
 .debug_abbrev  0x000025a9      0x22a src/ASF/sam/utils/syscalls/gcc/syscalls.o

.debug_loc      0x00000000     0x65f0
 .debug_loc     0x00000000      0x730 src/ASF/sam/drivers/rtc/rtc.o
 .debug_loc     0x00000730      0x330 src/ASF/sam/drivers/rtt/rtt.o
 .debug_loc     0x00000a60      0x640 src/main.o
 .debug_loc     0x000010a0      0x830 src/ASF/common/services/spi/sam_spi/spi_master.o
 .debug_loc     0x000018d0      0xd20 src/ASF/sam/components/display/ili9488/ili9488.o
 .debug_loc     0x000025f0      0x630 src/ASF/sam/drivers/spi/spi.o
 .debug_loc     0x00002c20      0x4a0 src/ASF/common/services/clock/same70/sysclk.o
 .debug_loc     0x000030c0       0xa0 src/ASF/common/utils/interrupt/interrupt_sam_nvic.o
 .debug_loc     0x00003160      0x2fc src/ASF/sam/boards/same70_xplained/init.o
 .debug_loc     0x0000345c     0x1174 src/ASF/sam/drivers/pio/pio.o
 .debug_loc     0x000045d0      0x38c src/ASF/sam/drivers/pio/pio_handler.o
 .debug_loc     0x0000495c     0x1744 src/ASF/sam/drivers/pmc/pmc.o
 .debug_loc     0x000060a0      0x16c src/ASF/sam/utils/cmsis/same70/source/templates/gcc/startup_same70.o
 .debug_loc     0x0000620c       0xe4 src/ASF/sam/utils/cmsis/same70/source/templates/system_same70.o
 .debug_loc     0x000062f0      0x300 src/ASF/sam/utils/syscalls/gcc/syscalls.o

.debug_aranges  0x00000000      0xb38
 .debug_aranges
                0x00000000       0xb8 src/ASF/sam/drivers/rtc/rtc.o
 .debug_aranges
                0x000000b8       0x60 src/ASF/sam/drivers/rtt/rtt.o
 .debug_aranges
                0x00000118       0xc0 src/main.o
 .debug_aranges
                0x000001d8       0xe0 src/ASF/common/services/spi/sam_spi/spi_master.o
 .debug_aranges
                0x000002b8      0x168 src/ASF/sam/components/display/ili9488/ili9488.o
 .debug_aranges
                0x00000420       0xa8 src/ASF/sam/drivers/spi/spi.o
 .debug_aranges
                0x000004c8       0x98 src/ASF/common/services/clock/same70/sysclk.o
 .debug_aranges
                0x00000560       0x28 src/ASF/common/utils/interrupt/interrupt_sam_nvic.o
 .debug_aranges
                0x00000588       0x68 src/ASF/sam/boards/same70_xplained/init.o
 .debug_aranges
                0x000005f0      0x1a8 src/ASF/sam/drivers/pio/pio.o
 .debug_aranges
                0x00000798       0x80 src/ASF/sam/drivers/pio/pio_handler.o
 .debug_aranges
                0x00000818      0x250 src/ASF/sam/drivers/pmc/pmc.o
 .debug_aranges
                0x00000a68       0x40 src/ASF/sam/utils/cmsis/same70/source/templates/gcc/startup_same70.o
 .debug_aranges
                0x00000aa8       0x30 src/ASF/sam/utils/cmsis/same70/source/templates/system_same70.o
 .debug_aranges
                0x00000ad8       0x60 src/ASF/sam/utils/syscalls/gcc/syscalls.o

.debug_ranges   0x00000000      0xac0
 .debug_ranges  0x00000000       0xa8 src/ASF/sam/drivers/rtc/rtc.o
 .debug_ranges  0x000000a8       0x50 src/ASF/sam/drivers/rtt/rtt.o
 .debug_ranges  0x000000f8       0xb0 src/main.o
 .debug_ranges  0x000001a8       0xd0 src/ASF/common/services/spi/sam_spi/spi_master.o
 .debug_ranges  0x00000278      0x158 src/ASF/sam/components/display/ili9488/ili9488.o
 .debug_ranges  0x000003d0       0x98 src/ASF/sam/drivers/spi/spi.o